Component: ARM Compiler 5.06 update 7 (build 960) Tool: armlink [4d3601]

==============================================================================

Section Cross References

    startup_stm32f407xx.o(RESET) refers to startup_stm32f407xx.o(STACK) for __initial_sp
    startup_stm32f407xx.o(RESET) refers to startup_stm32f407xx.o(.text) for Reset_Handler
    startup_stm32f407xx.o(RESET) refers to stm32f4xx_it.o(i.NMI_Handler) for NMI_Handler
    startup_stm32f407xx.o(RESET) refers to stm32f4xx_it.o(i.HardFault_Handler) for HardFault_Handler
    startup_stm32f407xx.o(RESET) refers to stm32f4xx_it.o(i.MemManage_Handler) for MemManage_Handler
    startup_stm32f407xx.o(RESET) refers to stm32f4xx_it.o(i.BusFault_Handler) for BusFault_Handler
    startup_stm32f407xx.o(RESET) refers to stm32f4xx_it.o(i.UsageFault_Handler) for UsageFault_Handler
    startup_stm32f407xx.o(RESET) refers to stm32f4xx_it.o(i.SVC_Handler) for SVC_Handler
    startup_stm32f407xx.o(RESET) refers to stm32f4xx_it.o(i.DebugMon_Handler) for DebugMon_Handler
    startup_stm32f407xx.o(RESET) refers to stm32f4xx_it.o(i.PendSV_Handler) for PendSV_Handler
    startup_stm32f407xx.o(RESET) refers to stm32f4xx_it.o(i.SysTick_Handler) for SysTick_Handler
    startup_stm32f407xx.o(RESET) refers to stm32f4xx_it.o(i.USART1_IRQHandler) for USART1_IRQHandler
    startup_stm32f407xx.o(.text) refers to system_stm32f4xx.o(i.SystemInit) for SystemInit
    startup_stm32f407xx.o(.text) refers to entry.o(.ARM.Collect$$$$00000000) for __main
    main.o(i.SystemClock_Config) refers to memseta.o(.text) for __aeabi_memclr4
    main.o(i.SystemClock_Config) refers to stm32f4xx_hal_rcc.o(i.HAL_RCC_OscConfig) for HAL_RCC_OscConfig
    main.o(i.SystemClock_Config) refers to main.o(i.Error_Handler) for Error_Handler
    main.o(i.SystemClock_Config) refers to stm32f4xx_hal_rcc.o(i.HAL_RCC_ClockConfig) for HAL_RCC_ClockConfig
    main.o(i.main) refers to stm32f4xx_hal.o(i.HAL_Init) for HAL_Init
    main.o(i.main) refers to main.o(i.SystemClock_Config) for SystemClock_Config
    main.o(i.main) refers to gpio.o(i.MX_GPIO_Init) for MX_GPIO_Init
    main.o(i.main) refers to can.o(i.MX_CAN2_Init) for MX_CAN2_Init
    main.o(i.main) refers to usart.o(i.MX_USART1_UART_Init) for MX_USART1_UART_Init
    main.o(i.main) refers to crc.o(i.MX_CRC_Init) for MX_CRC_Init
    main.o(i.main) refers to i2c.o(i.MX_I2C1_Init) for MX_I2C1_Init
    main.o(i.main) refers to spi.o(i.MX_SPI1_Init) for MX_SPI1_Init
    main.o(i.main) refers to app_update.o(i.App_Update) for App_Update
    main.o(i.main) refers to app_update.o(i.App_Update_Work) for App_Update_Work
    gpio.o(i.MX_GPIO_Init) refers to memseta.o(.text) for __aeabi_memclr4
    gpio.o(i.MX_GPIO_Init) refers to stm32f4xx_hal_gpio.o(i.HAL_GPIO_WritePin) for HAL_GPIO_WritePin
    gpio.o(i.MX_GPIO_Init) refers to stm32f4xx_hal_gpio.o(i.HAL_GPIO_Init) for HAL_GPIO_Init
    can.o(i.HAL_CAN_MspDeInit) refers to stm32f4xx_hal_gpio.o(i.HAL_GPIO_DeInit) for HAL_GPIO_DeInit
    can.o(i.HAL_CAN_MspInit) refers to memseta.o(.text) for __aeabi_memclr4
    can.o(i.HAL_CAN_MspInit) refers to stm32f4xx_hal_gpio.o(i.HAL_GPIO_Init) for HAL_GPIO_Init
    can.o(i.MX_CAN2_Init) refers to stm32f4xx_hal_can.o(i.HAL_CAN_Init) for HAL_CAN_Init
    can.o(i.MX_CAN2_Init) refers to main.o(i.Error_Handler) for Error_Handler
    can.o(i.MX_CAN2_Init) refers to can.o(.bss) for hcan2
    crc.o(i.MX_CRC_Init) refers to stm32f4xx_hal_crc.o(i.HAL_CRC_Init) for HAL_CRC_Init
    crc.o(i.MX_CRC_Init) refers to main.o(i.Error_Handler) for Error_Handler
    crc.o(i.MX_CRC_Init) refers to crc.o(.data) for hcrc
    i2c.o(i.HAL_I2C_MspDeInit) refers to stm32f4xx_hal_gpio.o(i.HAL_GPIO_DeInit) for HAL_GPIO_DeInit
    i2c.o(i.HAL_I2C_MspInit) refers to memseta.o(.text) for __aeabi_memclr4
    i2c.o(i.HAL_I2C_MspInit) refers to stm32f4xx_hal_gpio.o(i.HAL_GPIO_Init) for HAL_GPIO_Init
    i2c.o(i.MX_I2C1_Init) refers to stm32f4xx_hal_i2c.o(i.HAL_I2C_Init) for HAL_I2C_Init
    i2c.o(i.MX_I2C1_Init) refers to main.o(i.Error_Handler) for Error_Handler
    i2c.o(i.MX_I2C1_Init) refers to i2c.o(.bss) for hi2c1
    spi.o(i.HAL_SPI_MspDeInit) refers to stm32f4xx_hal_gpio.o(i.HAL_GPIO_DeInit) for HAL_GPIO_DeInit
    spi.o(i.HAL_SPI_MspInit) refers to memseta.o(.text) for __aeabi_memclr4
    spi.o(i.HAL_SPI_MspInit) refers to stm32f4xx_hal_gpio.o(i.HAL_GPIO_Init) for HAL_GPIO_Init
    spi.o(i.MX_SPI1_Init) refers to stm32f4xx_hal_spi.o(i.HAL_SPI_Init) for HAL_SPI_Init
    spi.o(i.MX_SPI1_Init) refers to main.o(i.Error_Handler) for Error_Handler
    spi.o(i.MX_SPI1_Init) refers to spi.o(.bss) for hspi1
    usart.o(i.HAL_UART_MspDeInit) refers to stm32f4xx_hal_gpio.o(i.HAL_GPIO_DeInit) for HAL_GPIO_DeInit
    usart.o(i.HAL_UART_MspDeInit) refers to stm32f4xx_hal_cortex.o(i.HAL_NVIC_DisableIRQ) for HAL_NVIC_DisableIRQ
    usart.o(i.HAL_UART_MspInit) refers to memseta.o(.text) for __aeabi_memclr4
    usart.o(i.HAL_UART_MspInit) refers to stm32f4xx_hal_gpio.o(i.HAL_GPIO_Init) for HAL_GPIO_Init
[...]
    Removing stm32f4xx_hal_i2c.o(i.HAL_I2C_ErrorCallback), (2 bytes).
    Removing stm32f4xx_hal_i2c.o(i.HAL_I2C_GetError), (6 bytes).
    Removing stm32f4xx_hal_i2c.o(i.HAL_I2C_GetMode), (8 bytes).
    Removing stm32f4xx_hal_i2c.o(i.HAL_I2C_GetState), (8 bytes).
    Removing stm32f4xx_hal_i2c.o(i.HAL_I2C_IsDeviceReady), (440 bytes).
    Removing stm32f4xx_hal_i2c.o(i.HAL_I2C_ListenCpltCallback), (2 bytes).
    Removing stm32f4xx_hal_i2c.o(i.HAL_I2C_MasterRxCpltCallback), (2 bytes).
    Removing stm32f4xx_hal_i2c.o(i.HAL_I2C_MasterTxCpltCallback), (2 bytes).
    Removing stm32f4xx_hal_i2c.o(i.HAL_I2C_Master_Abort_IT), (126 bytes).
    Removing stm32f4xx_hal_i2c.o(i.HAL_I2C_Master_Receive), (780 bytes).
    Removing stm32f4xx_hal_i2c.o(i.HAL_I2C_Master_Receive_DMA), (460 bytes).
    Removing stm32f4xx_hal_i2c.o(i.HAL_I2C_Master_Receive_IT), (244 bytes).
    Removing stm32f4xx_hal_i2c.o(i.HAL_I2C_Master_Seq_Receive_DMA), (676 bytes).
    Removing stm32f4xx_hal_i2c.o(i.HAL_I2C_Master_Seq_Receive_IT), (364 bytes).
    Removing stm32f4xx_hal_i2c.o(i.HAL_I2C_Master_Seq_Transmit_DMA), (548 bytes).
    Removing stm32f4xx_hal_i2c.o(i.HAL_I2C_Master_Seq_Transmit_IT), (288 bytes).
    Removing stm32f4xx_hal_i2c.o(i.HAL_I2C_Master_Transmit), (368 bytes).
    Removing stm32f4xx_hal_i2c.o(i.HAL_I2C_Master_Transmit_DMA), (460 bytes).
    Removing stm32f4xx_hal_i2c.o(i.HAL_I2C_Master_Transmit_IT), (232 bytes).
    Removing stm32f4xx_hal_i2c.o(i.HAL_I2C_MemRxCpltCallback), (2 bytes).
    Removing stm32f4xx_hal_i2c.o(i.HAL_I2C_MemTxCpltCallback), (2 bytes).
    Removing stm32f4xx_hal_i2c.o(i.HAL_I2C_Mem_Read), (776 bytes).
    Removing stm32f4xx_hal_i2c.o(i.HAL_I2C_Mem_Read_DMA), (612 bytes).
    Removing stm32f4xx_hal_i2c.o(i.HAL_I2C_Mem_Read_IT), (264 bytes).
    Removing stm32f4xx_hal_i2c.o(i.HAL_I2C_Mem_Write_DMA), (540 bytes).
    Removing stm32f4xx_hal_i2c.o(i.HAL_I2C_Mem_Write_IT), (244 bytes).
    Removing stm32f4xx_hal_i2c.o(i.HAL_I2C_MspDeInit), (2 bytes).
    Removing stm32f4xx_hal_i2c.o(i.HAL_I2C_MspInit), (2 bytes).
    Removing stm32f4xx_hal_i2c.o(i.HAL_I2C_SlaveRxCpltCallback), (2 bytes).
    Removing stm32f4xx_hal_i2c.o(i.HAL_I2C_SlaveTxCpltCallback), (2 bytes).
    Removing stm32f4xx_hal_i2c.o(i.HAL_I2C_Slave_Receive), (384 bytes).
    Removing stm32f4xx_hal_i2c.o(i.HAL_I2C_Slave_Receive_DMA), (308 bytes).
    Removing stm32f4xx_hal_i2c.o(i.HAL_I2C_Slave_Receive_IT), (152 bytes).
    Removing stm32f4xx_hal_i2c.o(i.HAL_I2C_Slave_Seq_Receive_DMA), (460 bytes).
    Removing stm32f4xx_hal_i2c.o(i.HAL_I2C_Slave_Seq_Receive_IT), (158 bytes).
    Removing stm32f4xx_hal_i2c.o(i.HAL_I2C_Slave_Seq_Transmit_DMA), (460 bytes).
    Removing stm32f4xx_hal_i2c.o(i.HAL_I2C_Slave_Seq_Transmit_IT), (158 bytes).
    Removing stm32f4xx_hal_i2c.o(i.HAL_I2C_Slave_Transmit), (404 bytes).
    Removing stm32f4xx_hal_i2c.o(i.HAL_I2C_Slave_Transmit_DMA), (308 bytes).
    Removing stm32f4xx_hal_i2c.o(i.HAL_I2C_Slave_Transmit_IT), (152 bytes).
    Removing stm32f4xx_hal_i2c.o(i.I2C_ConvertOtherXferOptions), (28 bytes).
    Removing stm32f4xx_hal_i2c.o(i.I2C_DMAAbort), (248 bytes).
    Removing stm32f4xx_hal_i2c.o(i.I2C_DMAError), (80 bytes).
    Removing stm32f4xx_hal_i2c.o(i.I2C_DMAXferCplt), (318 bytes).
    Removing stm32f4xx_hal_i2c.o(i.I2C_Flush_DR), (18 bytes).
    Removing stm32f4xx_hal_i2c.o(i.I2C_ITError), (428 bytes).
    Removing stm32f4xx_hal_i2c.o(i.I2C_MasterReceive_BTF), (304 bytes).
    Removing stm32f4xx_hal_i2c.o(i.I2C_MasterReceive_RXNE), (260 bytes).
    Removing stm32f4xx_hal_i2c.o(i.I2C_MasterRequestRead), (312 bytes).
    Removing stm32f4xx_hal_i2c.o(i.I2C_MasterRequestWrite), (192 bytes).
    Removing stm32f4xx_hal_i2c.o(i.I2C_MasterTransmit_BTF), (160 bytes).
    Removing stm32f4xx_hal_i2c.o(i.I2C_MasterTransmit_TXE), (216 bytes).
    Removing stm32f4xx_hal_i2c.o(i.I2C_Master_ADD10), (42 bytes).
    Removing stm32f4xx_hal_i2c.o(i.I2C_Master_ADDR), (616 bytes).
    Removing stm32f4xx_hal_i2c.o(i.I2C_Master_SB), (158 bytes).
    Removing stm32f4xx_hal_i2c.o(i.I2C_MemoryTransmit_TXE_BTF), (198 bytes).
    Removing stm32f4xx_hal_i2c.o(i.I2C_RequestMemoryRead), (352 bytes).
    Removing stm32f4xx_hal_i2c.o(i.I2C_SlaveReceive_BTF), (26 bytes).
    Removing stm32f4xx_hal_i2c.o(i.I2C_SlaveReceive_RXNE), (70 bytes).
    Removing stm32f4xx_hal_i2c.o(i.I2C_SlaveTransmit_BTF), (26 bytes).
    Removing stm32f4xx_hal_i2c.o(i.I2C_SlaveTransmit_TXE), (70 bytes).
    Removing stm32f4xx_hal_i2c.o(i.I2C_Slave_ADDR), (112 bytes).
    Removing stm32f4xx_hal_i2c.o(i.I2C_Slave_AF), (168 bytes).
    Removing stm32f4xx_hal_i2c.o(i.I2C_Slave_STOPF), (396 bytes).
    Removing stm32f4xx_hal_i2c.o(i.I2C_WaitOnRXNEFlagUntilTimeout), (138 bytes).
    Removing stm32f4xx_hal_i2c.o(i.I2C_WaitOnSTOPFlagUntilTimeout), (98 bytes).
    Removing stm32f4xx_hal_i2c.o(i.I2C_WaitOnSTOPRequestThroughIT), (80 bytes).
    Removing stm32f4xx_hal_i2c_ex.o(.rev16_text), (4 bytes).
    Removing stm32f4xx_hal_i2c_ex.o(.revsh_text), (4 bytes).
    Removing stm32f4xx_hal_i2c_ex.o(.rrx_text), (6 bytes).
    Removing stm32f4xx_hal_spi.o(.rev16_text), (4 bytes).
    Removing stm32f4xx_hal_spi.o(.revsh_text), (4 bytes).
    Removing stm32f4xx_hal_spi.o(.rrx_text), (6 bytes).
    Removing stm32f4xx_hal_spi.o(i.HAL_SPI_Abort), (368 bytes).
    Removing stm32f4xx_hal_spi.o(i.HAL_SPI_AbortCpltCallback), (2 bytes).
    Removing stm32f4xx_hal_spi.o(i.HAL_SPI_Abort_IT), (384 bytes).
    Removing stm32f4xx_hal_spi.o(i.HAL_SPI_DMAPause), (50 bytes).
    Removing stm32f4xx_hal_spi.o(i.HAL_SPI_DMAResume), (50 bytes).
    Removing stm32f4xx_hal_spi.o(i.HAL_SPI_DMAStop), (72 bytes).
    Removing stm32f4xx_hal_spi.o(i.HAL_SPI_DeInit), (54 bytes).
    Removing stm32f4xx_hal_spi.o(i.HAL_SPI_ErrorCallback), (2 bytes).
    Removing stm32f4xx_hal_spi.o(i.HAL_SPI_GetError), (6 bytes).
    Removing stm32f4xx_hal_spi.o(i.HAL_SPI_GetState), (8 bytes).
    Removing stm32f4xx_hal_spi.o(i.HAL_SPI_IRQHandler), (348 bytes).
    Removing stm32f4xx_hal_spi.o(i.HAL_SPI_MspDeInit), (2 bytes).
    Removing stm32f4xx_hal_spi.o(i.HAL_SPI_MspInit), (2 bytes).
    Removing stm32f4xx_hal_spi.o(i.HAL_SPI_Receive_DMA), (280 bytes).
    Removing stm32f4xx_hal_spi.o(i.HAL_SPI_Receive_IT), (212 bytes).
    Removing stm32f4xx_hal_spi.o(i.HAL_SPI_RxCpltCallback), (2 bytes).
    Removing stm32f4xx_hal_spi.o(i.HAL_SPI_RxHalfCpltCallback), (2 bytes).
    Removing stm32f4xx_hal_spi.o(i.HAL_SPI_TransmitReceive_DMA), (356 bytes).
    Removing stm32f4xx_hal_spi.o(i.HAL_SPI_TransmitReceive_IT), (184 bytes).
    Removing stm32f4xx_hal_spi.o(i.HAL_SPI_Transmit_DMA), (252 bytes).
    Removing stm32f4xx_hal_spi.o(i.HAL_SPI_Transmit_IT), (176 bytes).
    Removing stm32f4xx_hal_spi.o(i.HAL_SPI_TxCpltCallback), (2 bytes).
    Removing stm32f4xx_hal_spi.o(i.HAL_SPI_TxHalfCpltCallback), (2 bytes).
    Removing stm32f4xx_hal_spi.o(i.HAL_SPI_TxRxCpltCallback), (2 bytes).
    Removing stm32f4xx_hal_spi.o(i.HAL_SPI_TxRxHalfCpltCallback), (2 bytes).
    Removing stm32f4xx_hal_spi.o(i.SPI_2linesRxISR_16BIT), (52 bytes).
    Removing stm32f4xx_hal_spi.o(i.SPI_2linesRxISR_8BIT), (52 bytes).
    Removing stm32f4xx_hal_spi.o(i.SPI_2linesTxISR_16BIT), (52 bytes).
    Removing stm32f4xx_hal_spi.o(i.SPI_2linesTxISR_8BIT), (52 bytes).
    Removing stm32f4xx_hal_spi.o(i.SPI_AbortRx_ISR), (112 bytes).
    Removing stm32f4xx_hal_spi.o(i.SPI_AbortTx_ISR), (32 bytes).
    Removing stm32f4xx_hal_spi.o(i.SPI_CloseRxTx_ISR), (188 bytes).
    Removing stm32f4xx_hal_spi.o(i.SPI_CloseRx_ISR), (94 bytes).
    Removing stm32f4xx_hal_spi.o(i.SPI_CloseTx_ISR), (160 bytes).
    Removing stm32f4xx_hal_spi.o(i.SPI_DMAAbortOnError), (20 bytes).
    Removing stm32f4xx_hal_spi.o(i.SPI_DMAError), (40 bytes).
    Removing stm32f4xx_hal_spi.o(i.SPI_DMAHalfReceiveCplt), (14 bytes).
    Removing stm32f4xx_hal_spi.o(i.SPI_DMAHalfTransmitCplt), (14 bytes).
    Removing stm32f4xx_hal_spi.o(i.SPI_DMAHalfTransmitReceiveCplt), (14 bytes).
    Removing stm32f4xx_hal_spi.o(i.SPI_DMAReceiveCplt), (124 bytes).
    Removing stm32f4xx_hal_spi.o(i.SPI_DMARxAbortCallback), (144 bytes).
    Removing stm32f4xx_hal_spi.o(i.SPI_DMATransmitCplt), (128 bytes).
    Removing stm32f4xx_hal_spi.o(i.SPI_DMATransmitReceiveCplt), (104 bytes).
    Removing stm32f4xx_hal_spi.o(i.SPI_DMATxAbortCallback), (172 bytes).
    Removing stm32f4xx_hal_spi.o(i.SPI_RxISR_16BIT), (36 bytes).
    Removing stm32f4xx_hal_spi.o(i.SPI_RxISR_8BIT), (36 bytes).
    Removing stm32f4xx_hal_spi.o(i.SPI_TxISR_16BIT), (36 bytes).
    Removing stm32f4xx_hal_spi.o(i.SPI_TxISR_8BIT), (36 bytes).
    Removing stm32f4xx_hal_uart.o(.rev16_text), (4 bytes).
    Removing stm32f4xx_hal_uart.o(.revsh_text), (4 bytes).
    Removing stm32f4xx_hal_uart.o(.rrx_text), (6 bytes).
    Removing stm32f4xx_hal_uart.o(i.HAL_HalfDuplex_EnableReceiver), (68 bytes).
    Removing stm32f4xx_hal_uart.o(i.HAL_HalfDuplex_EnableTransmitter), (68 bytes).
    Removing stm32f4xx_hal_uart.o(i.HAL_HalfDuplex_Init), (122 bytes).
    Removing stm32f4xx_hal_uart.o(i.HAL_LIN_Init), (146 bytes).
    Removing stm32f4xx_hal_uart.o(i.HAL_LIN_SendBreak), (80 bytes).
    Removing stm32f4xx_hal_uart.o(i.HAL_MultiProcessor_EnterMuteMode), (82 bytes).
    Removing stm32f4xx_hal_uart.o(i.HAL_MultiProcessor_ExitMuteMode), (82 bytes).
    Removing stm32f4xx_hal_uart.o(i.HAL_MultiProcessor_Init), (158 bytes).
    Removing stm32f4xx_hal_uart.o(i.HAL_UARTEx_GetRxEventType), (6 bytes).
    Removing stm32f4xx_hal_uart.o(i.HAL_UARTEx_ReceiveToIdle), (296 bytes).
    Removing stm32f4xx_hal_uart.o(i.HAL_UARTEx_ReceiveToIdle_DMA), (112 bytes).
    Removing stm32f4xx_hal_uart.o(i.HAL_UARTEx_ReceiveToIdle_IT), (114 bytes).
    Removing stm32f4xx_hal_uart.o(i.HAL_UART_Abort), (282 bytes).
    Removing stm32f4xx_hal_uart.o(i.HAL_UART_AbortCpltCallback), (2 bytes).
    Removing stm32f4xx_hal_uart.o(i.HAL_UART_AbortReceive), (196 bytes).
    Removing stm32f4xx_hal_uart.o(i.HAL_UART_AbortReceiveCpltCallback), (2 bytes).
    Removing stm32f4xx_hal_uart.o(i.HAL_UART_AbortReceive_IT), (220 bytes).
    Removing stm32f4xx_hal_uart.o(i.HAL_UART_AbortTransmit), (126 bytes).
    Removing stm32f4xx_hal_uart.o(i.HAL_UART_AbortTransmitCpltCallback), (2 bytes).
    Removing stm32f4xx_hal_uart.o(i.HAL_UART_AbortTransmit_IT), (144 bytes).
    Removing stm32f4xx_hal_uart.o(i.HAL_UART_Abort_IT), (336 bytes).
    Removing stm32f4xx_hal_uart.o(i.HAL_UART_DMAPause), (166 bytes).
    Removing stm32f4xx_hal_uart.o(i.HAL_UART_DMAResume), (170 bytes).
    Removing stm32f4xx_hal_uart.o(i.HAL_UART_DMAStop), (138 bytes).
    Removing stm32f4xx_hal_uart.o(i.HAL_UART_DeInit), (62 bytes).
    Removing stm32f4xx_hal_uart.o(i.HAL_UART_GetError), (6 bytes).
    Removing stm32f4xx_hal_uart.o(i.HAL_UART_GetState), (20 bytes).
    Removing stm32f4xx_hal_uart.o(i.HAL_UART_MspDeInit), (2 bytes).
    Removing stm32f4xx_hal_uart.o(i.HAL_UART_MspInit), (2 bytes).
    Removing stm32f4xx_hal_uart.o(i.HAL_UART_Receive), (194 bytes).
    Removing stm32f4xx_hal_uart.o(i.HAL_UART_Receive_DMA), (44 bytes).
    Removing stm32f4xx_hal_uart.o(i.HAL_UART_Receive_IT), (44 bytes).
    Removing stm32f4xx_hal_uart.o(i.HAL_UART_RxHalfCpltCallback), (2 bytes).
    Removing stm32f4xx_hal_uart.o(i.HAL_UART_Transmit_DMA), (156 bytes).
    Removing stm32f4xx_hal_uart.o(i.HAL_UART_Transmit_IT), (56 bytes).
    Removing stm32f4xx_hal_uart.o(i.HAL_UART_TxHalfCpltCallback), (2 bytes).
    Removing stm32f4xx_hal_uart.o(i.UART_DMAError), (80 bytes).
    Removing stm32f4xx_hal_uart.o(i.UART_DMAReceiveCplt), (180 bytes).
    Removing stm32f4xx_hal_uart.o(i.UART_DMARxAbortCallback), (56 bytes).
    Removing stm32f4xx_hal_uart.o(i.UART_DMARxHalfCplt), (36 bytes).
    Removing stm32f4xx_hal_uart.o(i.UART_DMARxOnlyAbortCallback), (28 bytes).
    Removing stm32f4xx_hal_uart.o(i.UART_DMATransmitCplt), (88 bytes).
    Removing stm32f4xx_hal_uart.o(i.UART_DMATxAbortCallback), (56 bytes).
    Removing stm32f4xx_hal_uart.o(i.UART_DMATxHalfCplt), (14 bytes).
    Removing stm32f4xx_hal_uart.o(i.UART_DMATxOnlyAbortCallback), (24 bytes).
    Removing stm32f4xx_hal_uart.o(i.UART_EndTxTransfer), (38 bytes).
    Removing stm32f4xx_hal_uart.o(i.UART_Start_Receive_DMA), (216 bytes).
    Removing stm32f4xx_hal_uart.o(i.UART_Start_Receive_IT), (64 bytes).
    Removing system_stm32f4xx.o(.rev16_text), (4 bytes).
    Removing system_stm32f4xx.o(.revsh_text), (4 bytes).
    Removing system_stm32f4xx.o(.rrx_text), (6 bytes).
    Removing system_stm32f4xx.o(i.SystemCoreClockUpdate), (180 bytes).
    Removing int_can2.o(.rev16_text), (4 bytes).
    Removing int_can2.o(.revsh_text), (4 bytes).
    Removing int_can2.o(.rrx_text), (6 bytes).
    Removing int_w24c02.o(.rev16_text), (4 bytes).
    Removing int_w24c02.o(.revsh_text), (4 bytes).
    Removing int_w24c02.o(.rrx_text), (6 bytes).
    Removing int_w24c02.o(i.W24C02_ReadByte), (40 bytes).
    Removing int_w24c02.o(i.W24C02_ReadBytes), (36 bytes).
    Removing int_w24c02.o(i.W24C02_WriteByte), (40 bytes).
    Removing int_w25q128.o(.rev16_text), (4 bytes).
    Removing int_w25q128.o(.revsh_text), (4 bytes).
    Removing int_w25q128.o(.rrx_text), (6 bytes).
    Removing int_w25q128.o(i.W25Q128_ReadData), (106 bytes).
    Removing int_w25q128.o(i.W25Q128_ReadData32), (78 bytes).
    Removing int_w25q128.o(i.W25Q128_ReadID), (50 bytes).
    Removing app_update.o(.rev16_text), (4 bytes).
    Removing app_update.o(.revsh_text), (4 bytes).
    Removing app_update.o(.rrx_text), (6 bytes).
    Removing dadd.o(.text), (334 bytes).
    Removing dmul.o(.text), (228 bytes).
    Removing ddiv.o(.text), (222 bytes).
    Removing dfixul.o(.text), (48 bytes).
    Removing cdrcmple.o(.text), (48 bytes).
    Removing depilogue.o(.text), (186 bytes).

465 unused section(s) (total 42970 bytes) removed from the image.

==============================================================================

Image Symbol Table

    Local Symbols

    Symbol Name                              Value     Ov Type        Size  Object(Section)

    ../Core/Src/can.c                        0x00000000   Number         0  can.o ABSOLUTE
    ../Core/Src/crc.c                        0x00000000   Number         0  crc.o ABSOLUTE
    ../Core/Src/gpio.c                       0x00000000   Number         0  gpio.o ABSOLUTE
    ../Core/Src/i2c.c                        0x00000000   Number         0  i2c.o ABSOLUTE
    ../Core/Src/main.c                       0x00000000   Number         0  main.o ABSOLUTE
    ../Core/Src/spi.c                        0x00000000   Number         0  spi.o ABSOLUTE
    ../Core/Src/stm32f4xx_hal_msp.c          0x00000000   Number         0  stm32f4xx_hal_msp.o ABSOLUTE
    ../Core/Src/stm32f4xx_it.c               0x00000000   Number         0  stm32f4xx_it.o ABSOLUTE
    ../Core/Src/system_stm32f4xx.c           0x00000000   Number         0  system_stm32f4xx.o ABSOLUTE
    ../Core/Src/usart.c                      0x00000000   Number         0  usart.o ABSOLUTE
    ../Drivers/STM32F4xx_HAL_Driver/Src/stm32f4xx_hal.c 0x00000000   Number         0  stm32f4xx_hal.o ABSOLUTE
    ../Drivers/STM32F4xx_HAL_Driver/Src/stm32f4xx_hal_can.c 0x00000000   Number         0  stm32f4xx_hal_can.o ABSOLUTE
    ../Drivers/STM32F4xx_HAL_Driver/Src/stm32f4xx_hal_cortex.c 0x00000000   Number         0  stm32f4xx_hal_cortex.o ABSOLUTE
    ../Drivers/STM32F4xx_HAL_Driver/Src/stm32f4xx_hal_crc.c 0x00000000   Number         0  stm32f4xx_hal_crc.o ABSOLUTE
    ../Drivers/STM32F4xx_HAL_Driver/Src/stm32f4xx_hal_dma.c 0x00000000   Number         0  stm32f4xx_hal_dma.o ABSOLUTE
    ../Drivers/STM32F4xx_HAL_Driver/Src/stm32f4xx_hal_dma_ex.c 0x00000000   Number         0  stm32f4xx_hal_dma_ex.o ABSOLUTE
    ../Drivers/STM32F4xx_HAL_Driver/Src/stm32f4xx_hal_exti.c 0x00000000   Number         0  stm32f4xx_hal_exti.o ABSOLUTE
    ../Drivers/STM32F4xx_HAL_Driver/Src/stm32f4xx_hal_flash.c 0x00000000   Number         0  stm32f4xx_hal_flash.o ABSOLUTE
    ../Drivers/STM32F4xx_HAL_Driver/Src/stm32f4xx_hal_flash_ex.c 0x00000000   Number         0  stm32f4xx_hal_flash_ex.o ABSOLUTE
    ../Drivers/STM32F4xx_HAL_Driver/Src/stm32f4xx_hal_flash_ramfunc.c 0x00000000   Number         0  stm32f4xx_hal_flash_ramfunc.o ABSOLUTE
    ../Drivers/STM32F4xx_HAL_Driver/Src/stm32f4xx_hal_gpio.c 0x00000000   Number         0  stm32f4xx_hal_gpio.o ABSOLUTE
    ../Drivers/STM32F4xx_HAL_Driver/Src/stm32f4xx_hal_i2c.c 0x00000000   Number         0  stm32f4xx_hal_i2c.o ABSOLUTE
    ../Drivers/STM32F4xx_HAL_Driver/Src/stm32f4xx_hal_i2c_ex.c 0x00000000   Number         0  stm32f4xx_hal_i2c_ex.o ABSOLUTE
    ../Drivers/STM32F4xx_HAL_Driver/Src/stm32f4xx_hal_pwr.c 0x00000000   Number         0  stm32f4xx_hal_pwr.o ABSOLUTE
    ../Drivers/STM32F4xx_HAL_Driver/Src/stm32f4xx_hal_pwr_ex.c 0x00000000   Number         0  stm32f4xx_hal_pwr_ex.o ABSOLUTE
    ../Drivers/STM32F4xx_HAL_Driver/Src/stm32f4xx_hal_rcc.c 0x00000000   Number         0  stm32f4xx_hal_rcc.o ABSOLUTE
    ../Drivers/STM32F4xx_HAL_Driver/Src/stm32f4xx_hal_rcc_ex.c 0x00000000   Number         0  stm32f4xx_hal_rcc_ex.o ABSOLUTE
    ../Drivers/STM32F4xx_HAL_Driver/Src/stm32f4xx_hal_spi.c 0x00000000   Number         0  stm32f4xx_hal_spi.o ABSOLUTE
    ../Drivers/STM32F4xx_HAL_Driver/Src/stm32f4xx_hal_uart.c 0x00000000   Number         0  stm32f4xx_hal_uart.o ABSOLUTE
    ../clib/microlib/division.c              0x00000000   Number         0  uidiv.o ABSOLUTE
    ../clib/microlib/division.c              0x00000000   Number         0  uldiv.o ABSOLUTE
    ../clib/microlib/init/entry.s            0x00000000   Number         0  entry12a.o ABSOLUTE
    ../clib/microlib/init/entry.s            0x00000000   Number         0  entry11b.o ABSOLUTE
    ../clib/microlib/init/entry.s            0x00000000   Number         0  entry11a.o ABSOLUTE
    ../clib/microlib/init/entry.s            0x00000000   Number         0  entry10b.o ABSOLUTE
    ../clib/microlib/init/entry.s            0x00000000   Number         0  entry9b.o ABSOLUTE
    ../clib/microlib/init/entry.s            0x00000000   Number         0  entry9a.o ABSOLUTE
    ../clib/microlib/init/entry.s            0x00000000   Number         0  entry8b.o ABSOLUTE
    ../clib/microlib/init/entry.s            0x00000000   Number         0  entry8a.o ABSOLUTE
    ../clib/microlib/init/entry.s            0x00000000   Number         0  entry7b.o ABSOLUTE
    ../clib/microlib/init/entry.s            0x00000000   Number         0  entry7a.o ABSOLUTE
    ../clib/microlib/init/entry.s            0x00000000   Number         0  entry5.o ABSOLUTE
    ../clib/microlib/init/entry.s            0x00000000   Number         0  entry2.o ABSOLUTE
    ../clib/microlib/init/entry.s            0x00000000   Number         0  entry10a.o ABSOLUTE
    ../clib/microlib/init/entry.s            0x00000000   Number         0  entry12b.o ABSOLUTE
    ../clib/microlib/init/entry.s            0x00000000   Number         0  entry.o ABSOLUTE
    ../clib/microlib/longlong.c              0x00000000   Number         0  llshl.o ABSOLUTE
    ../clib/microlib/longlong.c              0x00000000   Number         0  llsshr.o ABSOLUTE
    ../clib/microlib/longlong.c              0x00000000   Number         0  llushr.o ABSOLUTE
    ../clib/microlib/printf/printf.c         0x00000000   Number         0  printfb.o ABSOLUTE
    ../clib/microlib/printf/printf.c         0x00000000   Number         0  printfa.o ABSOLUTE
    ../clib/microlib/printf/printf.c         0x00000000   Number         0  printf1.o ABSOLUTE
    ../clib/microlib/printf/printf.c         0x00000000   Number         0  printf0.o ABSOLUTE
    ../clib/microlib/printf/printf.c         0x00000000   Number         0  printf3.o ABSOLUTE
    ../clib/microlib/printf/printf.c         0x00000000   Number         0  printf7.o ABSOLUTE
    ../clib/microlib/printf/printf.c         0x00000000   Number         0  printf8.o ABSOLUTE
    ../clib/microlib/printf/printf.c         0x00000000   Number         0  printf5.o ABSOLUTE
    ../clib/microlib/printf/printf.c         0x00000000   Number         0  printf2.o ABSOLUTE
    ../clib/microlib/printf/printf.c         0x00000000   Number         0  printf4.o ABSOLUTE
    ../clib/microlib/printf/printf.c         0x00000000   Number         0  printf6.o ABSOLUTE
    ../clib/microlib/printf/stubs.s          0x00000000   Number         0  stubs.o ABSOLUTE
    ../clib/microlib/stdio/streams.c         0x00000000   Number         0  stdout.o ABSOLUTE
    ../clib/microlib/string/memcpy.c         0x00000000   Number         0  memcpya.o ABSOLUTE
    ../clib/microlib/string/memcpy.c         0x00000000   Number         0  memcpyb.o ABSOLUTE
    ../clib/microlib/string/memset.c         0x00000000   Number         0  memseta.o ABSOLUTE
    ../clib/microlib/stubs.s                 0x00000000   Number         0  iusefp.o ABSOLUTE
    ../fplib/microlib/fpadd.c                0x00000000   Number         0  dadd.o ABSOLUTE
    ../fplib/microlib/fpdiv.c                0x00000000   Number         0  ddiv.o ABSOLUTE
    ../fplib/microlib/fpepilogue.c           0x00000000   Number         0  depilogue.o ABSOLUTE
    ../fplib/microlib/fpfix.c                0x00000000   Number         0  dfixul.o ABSOLUTE
    ../fplib/microlib/fpmul.c                0x00000000   Number         0  dmul.o ABSOLUTE
    ..\Core\Src\can.c                        0x00000000   Number         0  can.o ABSOLUTE
    ..\Core\Src\crc.c                        0x00000000   Number         0  crc.o ABSOLUTE
    ..\Core\Src\gpio.c                       0x00000000   Number         0  gpio.o ABSOLUTE
    ..\Core\Src\i2c.c                        0x00000000   Number         0  i2c.o ABSOLUTE
    ..\Core\Src\main.c                       0x00000000   Number         0  main.o ABSOLUTE
    ..\Core\Src\spi.c                        0x00000000   Number         0  spi.o ABSOLUTE
    ..\Core\Src\stm32f4xx_hal_msp.c          0x00000000   Number         0  stm32f4xx_hal_msp.o ABSOLUTE
    ..\Core\Src\stm32f4xx_it.c               0x00000000   Number         0  stm32f4xx_it.o ABSOLUTE
    ..\Core\Src\system_stm32f4xx.c           0x00000000   Number         0  system_stm32f4xx.o ABSOLUTE
    ..\Core\Src\usart.c                      0x00000000   Number         0  usart.o ABSOLUTE
    ..\Drivers\STM32F4xx_HAL_Driver\Src\stm32f4xx_hal.c 0x00000000   Number         0  stm32f4xx_hal.o ABSOLUTE
    ..\Drivers\STM32F4xx_HAL_Driver\Src\stm32f4xx_hal_can.c 0x00000000   Number         0  stm32f4xx_hal_can.o ABSOLUTE
    ..\Drivers\STM32F4xx_HAL_Driver\Src\stm32f4xx_hal_cortex.c 0x00000000   Number         0  stm32f4xx_hal_cortex.o ABSOLUTE
    ..\Drivers\STM32F4xx_HAL_Driver\Src\stm32f4xx_hal_crc.c 0x00000000   Number         0  stm32f4xx_hal_crc.o ABSOLUTE
    ..\Drivers\STM32F4xx_HAL_Driver\Src\stm32f4xx_hal_dma.c 0x00000000   Number         0  stm32f4xx_hal_dma.o ABSOLUTE
    ..\Drivers\STM32F4xx_HAL_Driver\Src\stm32f4xx_hal_dma_ex.c 0x00000000   Number         0  stm32f4xx_hal_dma_ex.o ABSOLUTE
    ..\Drivers\STM32F4xx_HAL_Driver\Src\stm32f4xx_hal_exti.c 0x00000000   Number         0  stm32f4xx_hal_exti.o ABSOLUTE
    ..\Drivers\STM32F4xx_HAL_Driver\Src\stm32f4xx_hal_flash.c 0x00000000   Number         0  stm32f4xx_hal_flash.o ABSOLUTE
    ..\Drivers\STM32F4xx_HAL_Driver\Src\stm32f4xx_hal_flash_ex.c 0x00000000   Number         0  stm32f4xx_hal_flash_ex.o ABSOLUTE
    ..\Drivers\STM32F4xx_HAL_Driver\Src\stm32f4xx_hal_flash_ramfunc.c 0x00000000   Number         0  stm32f4xx_hal_flash_ramfunc.o ABSOLUTE
    ..\Drivers\STM32F4xx_HAL_Driver\Src\stm32f4xx_hal_gpio.c 0x00000000   Number         0  stm32f4xx_hal_gpio.o ABSOLUTE
    ..\Drivers\STM32F4xx_HAL_Driver\Src\stm32f4xx_hal_i2c.c 0x00000000   Number         0  stm32f4xx_hal_i2c.o ABSOLUTE
    ..\Drivers\STM32F4xx_HAL_Driver\Src\stm32f4xx_hal_i2c_ex.c 0x00000000   Number         0  stm32f4xx_hal_i2c_ex.o ABSOLUTE
    ..\Drivers\STM32F4xx_HAL_Driver\Src\stm32f4xx_hal_pwr.c 0x00000000   Number         0  stm32f4xx_hal_pwr.o ABSOLUTE
    ..\Drivers\STM32F4xx_HAL_Driver\Src\stm32f4xx_hal_pwr_ex.c 0x00000000   Number         0  stm32f4xx_hal_pwr_ex.o ABSOLUTE
    ..\Drivers\STM32F4xx_HAL_Driver\Src\stm32f4xx_hal_rcc.c 0x00000000   Number         0  stm32f4xx_hal_rcc.o ABSOLUTE
    ..\Drivers\STM32F4xx_HAL_Driver\Src\stm32f4xx_hal_rcc_ex.c 0x00000000   Number         0  stm32f4xx_hal_rcc_ex.o ABSOLUTE
    ..\Drivers\STM32F4xx_HAL_Driver\Src\stm32f4xx_hal_spi.c 0x00000000   Number         0  stm32f4xx_hal_spi.o ABSOLUTE
    ..\Drivers\STM32F4xx_HAL_Driver\Src\stm32f4xx_hal_uart.c 0x00000000   Number         0  stm32f4xx_hal_uart.o ABSOLUTE
    application\\app_update.c                0x00000000   Number         0  app_update.o ABSOLUTE
    application\app_update.c                 0x00000000   Number         0  app_update.o ABSOLUTE
    cdrcmple.s                               0x00000000   Number         0  cdrcmple.o ABSOLUTE
    dc.s                                     0x00000000   Number         0  dc.o ABSOLUTE
    handlers.s                               0x00000000   Number         0  handlers.o ABSOLUTE
    init.s                                   0x00000000   Number         0  init.o ABSOLUTE
    interface\Int_can2.c                     0x00000000   Number         0  int_can2.o ABSOLUTE
    interface\\Int_can2.c                    0x00000000   Number         0  int_can2.o ABSOLUTE
    interface\\int_w24c02.c                  0x00000000   Number         0  int_w24c02.o ABSOLUTE
    interface\\int_w25q128.c                 0x00000000   Number         0  int_w25q128.o ABSOLUTE
    interface\int_w24c02.c                   0x00000000   Number         0  int_w24c02.o ABSOLUTE
    interface\int_w25q128.c                  0x00000000   Number         0  int_w25q128.o ABSOLUTE
    startup_stm32f407xx.s                    0x00000000   Number         0  startup_stm32f407xx.o ABSOLUTE
    RESET                                    0x08008000   Section      392  startup_stm32f407xx.o(RESET)
    .ARM.Collect$$$$00000000                 0x08008188   Section        0  entry.o(.ARM.Collect$$$$00000000)
    .ARM.Collect$$$$00000001                 0x08008188   Section        4  entry2.o(.ARM.Collect$$$$00000001)
    .ARM.Collect$$$$00000004                 0x0800818c   Section        4  entry5.o(.ARM.Collect$$$$00000004)
    .ARM.Collect$$$$00000008                 0x08008190   Section        0  entry7b.o(.ARM.Collect$$$$00000008)
    .ARM.Collect$$$$0000000A                 0x08008190   Section        0  entry8b.o(.ARM.Collect$$$$0000000A)
    .ARM.Collect$$$$0000000B                 0x08008190   Section        8  entry9a.o(.ARM.Collect$$$$0000000B)
    .ARM.Collect$$$$0000000E                 0x08008198   Section        4  entry12b.o(.ARM.Collect$$$$0000000E)
    .ARM.Collect$$$$0000000F                 0x0800819c   Section        0  entry10a.o(.ARM.Collect$$$$0000000F)
    .ARM.Collect$$$$00000011                 0x0800819c   Section        0  entry11a.o(.ARM.Collect$$$$00000011)
    .ARM.Collect$$$$00002712                 0x0800819c   Section        4  entry2.o(.ARM.Collect$$$$00002712)
    __lit__00000000                          0x0800819c   Data           4  entry2.o(.ARM.Collect$$$$00002712)
    .text                                    0x080081a0   Section       36  startup_stm32f407xx.o(.text)
    $v0                                      0x080081a0   Number         0  startup_stm32f407xx.o(.text)
    .text                                    0x080081c4   Section        0  uldiv.o(.text)
    .text                                    0x08008226   Section        0  memcpya.o(.text)
    .text                                    0x0800824a   Section        0  memseta.o(.text)
    .text                                    0x0800826e   Section        0  llshl.o(.text)
    .text                                    0x0800828c   Section        0  llushr.o(.text)
    .text                                    0x080082ac   Section       36  init.o(.text)
    i.App_Update                             0x080082d0   Section        0  app_update.o(i.App_Update)
    i.App_Update_Work                        0x080082fc   Section        0  app_update.o(i.App_Update_Work)
    i.App_crc_cal                            0x08008368   Section        0  app_update.o(i.App_crc_cal)
    App_crc_cal                              0x08008369   Thumb Code    44  app_update.o(i.App_crc_cal)
    i.BusFault_Handler                       0x08008398   Section        0  stm32f4xx_it.o(i.BusFault_Handler)
    i.CAN2_Init                              0x0800839c   Section        0  int_can2.o(i.CAN2_Init)
    i.CAN2_ReceiveData                       0x080083e4   Section        0  int_can2.o(i.CAN2_ReceiveData)
    i.CAN2_SendData                          0x0800842c   Section        0  int_can2.o(i.CAN2_SendData)
    i.DebugMon_Handler                       0x08008460   Section        0  stm32f4xx_it.o(i.DebugMon_Handler)
    i.Error_Handler                          0x08008462   Section        0  main.o(i.Error_Handler)
    i.HAL_CAN_AddTxMessage                   0x08008468   Section        0  stm32f4xx_hal_can.o(i.HAL_CAN_AddTxMessage)
    i.HAL_CAN_ConfigFilter                   0x080085b4   Section        0  stm32f4xx_hal_can.o(i.HAL_CAN_ConfigFilter)
    i.HAL_CAN_GetRxFifoFillLevel             0x080086d4   Section        0  stm32f4xx_hal_can.o(i.HAL_CAN_GetRxFifoFillLevel)
    i.HAL_CAN_GetRxMessage                   0x080086fc   Section        0  stm32f4xx_hal_can.o(i.HAL_CAN_GetRxMessage)
    i.HAL_CAN_GetTxMailboxesFreeLevel        0x08008890   Section        0  stm32f4xx_hal_can.o(i.HAL_CAN_GetTxMailboxesFreeLevel)
    i.HAL_CAN_Init                           0x080088c6   Section        0  stm32f4xx_hal_can.o(i.HAL_CAN_Init)
    i.HAL_CAN_MspInit                        0x08008a3c   Section        0  can.o(i.HAL_CAN_MspInit)
    i.HAL_CAN_Start                          0x08008ae4   Section        0  stm32f4xx_hal_can.o(i.HAL_CAN_Start)
    i.HAL_CRC_Calculate                      0x08008b42   Section        0  stm32f4xx_hal_crc.o(i.HAL_CRC_Calculate)
    i.HAL_CRC_Init                           0x08008b76   Section        0  stm32f4xx_hal_crc.o(i.HAL_CRC_Init)
    i.HAL_CRC_MspInit                        0x08008b98   Section        0  crc.o(i.HAL_CRC_MspInit)
    i.HAL_DMA_Abort                          0x08008bcc   Section        0  stm32f4xx_hal_dma.o(i.HAL_DMA_Abort)
    i.HAL_DMA_Abort_IT                       0x08008c78   Section        0  stm32f4xx_hal_dma.o(i.HAL_DMA_Abort_IT)
    i.HAL_Delay                              0x08008ca0   Section        0  stm32f4xx_hal.o(i.HAL_Delay)
    i.HAL_GPIO_Init                          0x08008cc8   Section        0  stm32f4xx_hal_gpio.o(i.HAL_GPIO_Init)
    i.HAL_GPIO_WritePin                      0x08008ebc   Section        0  stm32f4xx_hal_gpio.o(i.HAL_GPIO_WritePin)
    i.HAL_GetTick                            0x08008ec8   Section        0  stm32f4xx_hal.o(i.HAL_GetTick)
    i.HAL_I2C_Init                           0x08008ed4   Section        0  stm32f4xx_hal_i2c.o(i.HAL_I2C_Init)
    i.HAL_I2C_Mem_Write                      0x080090a4   Section        0  stm32f4xx_hal_i2c.o(i.HAL_I2C_Mem_Write)
    i.HAL_I2C_MspInit                        0x08009208   Section        0  i2c.o(i.HAL_I2C_MspInit)
    i.HAL_IncTick                            0x08009290   Section        0  stm32f4xx_hal.o(i.HAL_IncTick)
    i.HAL_Init                               0x080092a8   Section        0  stm32f4xx_hal.o(i.HAL_Init)
    i.HAL_InitTick                           0x080092e4   Section        0  stm32f4xx_hal.o(i.HAL_InitTick)
    i.HAL_MspInit                            0x08009330   Section        0  stm32f4xx_hal_msp.o(i.HAL_MspInit)
    i.HAL_NVIC_EnableIRQ                     0x08009378   Section        0  stm32f4xx_hal_cortex.o(i.HAL_NVIC_EnableIRQ)
    i.HAL_NVIC_SetPriority                   0x080093a0   Section        0  stm32f4xx_hal_cortex.o(i.HAL_NVIC_SetPriority)
    i.HAL_NVIC_SetPriorityGrouping           0x0800941c   Section        0  stm32f4xx_hal_cortex.o(i.HAL_NVIC_SetPriorityGrouping)
    i.HAL_RCC_ClockConfig                    0x08009444   Section        0  stm32f4xx_hal_rcc.o(i.HAL_RCC_ClockConfig)
    i.HAL_RCC_GetHCLKFreq                    0x080095c8   Section        0  stm32f4xx_hal_rcc.o(i.HAL_RCC_GetHCLKFreq)
    i.HAL_RCC_GetPCLK1Freq                   0x080095d4   Section        0  stm32f4xx_hal_rcc.o(i.HAL_RCC_GetPCLK1Freq)
    i.HAL_RCC_GetPCLK2Freq                   0x080095f4   Section        0  stm32f4xx_hal_rcc.o(i.HAL_RCC_GetPCLK2Freq)
    i.HAL_RCC_GetSysClockFreq                0x08009614   Section        0  stm32f4xx_hal_rcc.o(i.HAL_RCC_GetSysClockFreq)
    i.HAL_RCC_OscConfig                      0x080096c4   Section        0  stm32f4xx_hal_rcc.o(i.HAL_RCC_OscConfig)
    i.HAL_SPI_Init                           0x08009b60   Section        0  stm32f4xx_hal_spi.o(i.HAL_SPI_Init)
    i.HAL_SPI_MspInit                        0x08009c28   Section        0  spi.o(i.HAL_SPI_MspInit)
    i.HAL_SPI_Receive                        0x08009cb0   Section        0  stm32f4xx_hal_spi.o(i.HAL_SPI_Receive)
    i.HAL_SPI_Transmit                       0x08009e32   Section        0  stm32f4xx_hal_spi.o(i.HAL_SPI_Transmit)
    i.HAL_SPI_TransmitReceive                0x08009ff0   Section        0  stm32f4xx_hal_spi.o(i.HAL_SPI_TransmitReceive)
    i.HAL_SYSTICK_Config                     0x0800a238   Section        0  stm32f4xx_hal_cortex.o(i.HAL_SYSTICK_Config)
    i.HAL_UARTEx_RxEventCallback             0x0800a26c   Section        0  stm32f4xx_hal_uart.o(i.HAL_UARTEx_RxEventCallback)
    i.HAL_UART_ErrorCallback                 0x0800a26e   Section        0  stm32f4xx_hal_uart.o(i.HAL_UART_ErrorCallback)
    i.HAL_UART_IRQHandler                    0x0800a270   Section        0  stm32f4xx_hal_uart.o(i.HAL_UART_IRQHandler)
    i.HAL_UART_Init                          0x0800a578   Section        0  stm32f4xx_hal_uart.o(i.HAL_UART_Init)
    i.HAL_UART_MspInit                       0x0800a5f0   Section        0  usart.o(i.HAL_UART_MspInit)
    i.HAL_UART_RxCpltCallback                0x0800a688   Section        0  stm32f4xx_hal_uart.o(i.HAL_UART_RxCpltCallback)
    i.HAL_UART_Transmit                      0x0800a68a   Section        0  stm32f4xx_hal_uart.o(i.HAL_UART_Transmit)
    i.HAL_UART_TxCpltCallback                0x0800a748   Section        0  stm32f4xx_hal_uart.o(i.HAL_UART_TxCpltCallback)
    i.HardFault_Handler                      0x0800a74a   Section        0  stm32f4xx_it.o(i.HardFault_Handler)
    i.I2C_IsAcknowledgeFailed                0x0800a74e   Section        0  stm32f4xx_hal_i2c.o(i.I2C_IsAcknowledgeFailed)
    I2C_IsAcknowledgeFailed                  0x0800a74f   Thumb Code    62  stm32f4xx_hal_i2c.o(i.I2C_IsAcknowledgeFailed)
    i.I2C_RequestMemoryWrite                 0x0800a78c   Section        0  stm32f4xx_hal_i2c.o(i.I2C_RequestMemoryWrite)
    I2C_RequestMemoryWrite                   0x0800a78d   Thumb Code   220  stm32f4xx_hal_i2c.o(i.I2C_RequestMemoryWrite)
    i.I2C_WaitOnBTFFlagUntilTimeout          0x0800a86c   Section        0  stm32f4xx_hal_i2c.o(i.I2C_WaitOnBTFFlagUntilTimeout)
    I2C_WaitOnBTFFlagUntilTimeout            0x0800a86d   Thumb Code   102  stm32f4xx_hal_i2c.o(i.I2C_WaitOnBTFFlagUntilTimeout)
    i.I2C_WaitOnFlagUntilTimeout             0x0800a8d2   Section        0  stm32f4xx_hal_i2c.o(i.I2C_WaitOnFlagUntilTimeout)
    I2C_WaitOnFlagUntilTimeout               0x0800a8d3   Thumb Code   190  stm32f4xx_hal_i2c.o(i.I2C_WaitOnFlagUntilTimeout)
    i.I2C_WaitOnMasterAddressFlagUntilTimeout 0x0800a990   Section        0  stm32f4xx_hal_i2c.o(i.I2C_WaitOnMasterAddressFlagUntilTimeout)
    I2C_WaitOnMasterAddressFlagUntilTimeout  0x0800a991   Thumb Code   250  stm32f4xx_hal_i2c.o(i.I2C_WaitOnMasterAddressFlagUntilTimeout)
    i.I2C_WaitOnTXEFlagUntilTimeout          0x0800aa8a   Section        0  stm32f4xx_hal_i2c.o(i.I2C_WaitOnTXEFlagUntilTimeout)
    I2C_WaitOnTXEFlagUntilTimeout            0x0800aa8b   Thumb Code   102  stm32f4xx_hal_i2c.o(i.I2C_WaitOnTXEFlagUntilTimeout)
    i.MX_CAN2_Init                           0x0800aaf0   Section        0  can.o(i.MX_CAN2_Init)
    i.MX_CRC_Init                            0x0800ab34   Section        0  crc.o(i.MX_CRC_Init)
    i.MX_GPIO_Init                           0x0800ab54   Section        0  gpio.o(i.MX_GPIO_Init)
    i.MX_I2C1_Init                           0x0800ac90   Section        0  i2c.o(i.MX_I2C1_Init)
    i.MX_SPI1_Init                           0x0800accc   Section        0  spi.o(i.MX_SPI1_Init)
    i.MX_USART1_UART_Init                    0x0800ad10   Section        0  usart.o(i.MX_USART1_UART_Init)
    i.MemManage_Handler                      0x0800ad48   Section        0  stm32f4xx_it.o(i.MemManage_Handler)
    i.NMI_Handler                            0x0800ad4c   Section        0  stm32f4xx_it.o(i.NMI_Handler)
    i.PendSV_Handler                         0x0800ad50   Section        0  stm32f4xx_it.o(i.PendSV_Handler)
    i.SPI_EndRxTransaction                   0x0800ad52   Section        0  stm32f4xx_hal_spi.o(i.SPI_EndRxTransaction)
    SPI_EndRxTransaction                     0x0800ad53   Thumb Code   148  stm32f4xx_hal_spi.o(i.SPI_EndRxTransaction)
    i.SPI_EndRxTxTransaction                 0x0800ade8   Section        0  stm32f4xx_hal_spi.o(i.SPI_EndRxTxTransaction)
    SPI_EndRxTxTransaction                   0x0800ade9   Thumb Code   128  stm32f4xx_hal_spi.o(i.SPI_EndRxTxTransaction)
    i.SPI_WaitFlagStateUntilTimeout          0x0800ae70   Section        0  stm32f4xx_hal_spi.o(i.SPI_WaitFlagStateUntilTimeout)
    SPI_WaitFlagStateUntilTimeout            0x0800ae71   Thumb Code   212  stm32f4xx_hal_spi.o(i.SPI_WaitFlagStateUntilTimeout)
    i.SVC_Handler                            0x0800af48   Section        0  stm32f4xx_it.o(i.SVC_Handler)
    i.SysTick_Handler                        0x0800af4a   Section        0  stm32f4xx_it.o(i.SysTick_Handler)
    i.SystemClock_Config                     0x0800af54   Section        0  main.o(i.SystemClock_Config)
    i.SystemInit                             0x0800b004   Section        0  system_stm32f4xx.o(i.SystemInit)
    i.UART_DMAAbortOnError                   0x0800b024   Section        0  stm32f4xx_hal_uart.o(i.UART_DMAAbortOnError)
    UART_DMAAbortOnError                     0x0800b025   Thumb Code    18  stm32f4xx_hal_uart.o(i.UART_DMAAbortOnError)
    i.UART_EndRxTransfer                     0x0800b036   Section        0  stm32f4xx_hal_uart.o(i.UART_EndRxTransfer)
    UART_EndRxTransfer                       0x0800b037   Thumb Code   108  stm32f4xx_hal_uart.o(i.UART_EndRxTransfer)
    i.UART_EndTransmit_IT                    0x0800b0a2   Section        0  stm32f4xx_hal_uart.o(i.UART_EndTransmit_IT)
    UART_EndTransmit_IT                      0x0800b0a3   Thumb Code    32  stm32f4xx_hal_uart.o(i.UART_EndTransmit_IT)
    i.UART_Receive_IT                        0x0800b0c2   Section        0  stm32f4xx_hal_uart.o(i.UART_Receive_IT)
    UART_Receive_IT                          0x0800b0c3   Thumb Code   252  stm32f4xx_hal_uart.o(i.UART_Receive_IT)
    i.UART_SetConfig                         0x0800b1c0   Section        0  stm32f4xx_hal_uart.o(i.UART_SetConfig)
    UART_SetConfig                           0x0800b1c1   Thumb Code   546  stm32f4xx_hal_uart.o(i.UART_SetConfig)
    i.UART_Transmit_IT                       0x0800b3ec   Section        0  stm32f4xx_hal_uart.o(i.UART_Transmit_IT)
    UART_Transmit_IT                         0x0800b3ed   Thumb Code    96  stm32f4xx_hal_uart.o(i.UART_Transmit_IT)
    i.UART_WaitOnFlagUntilTimeout            0x0800b44c   Section        0  stm32f4xx_hal_uart.o(i.UART_WaitOnFlagUntilTimeout)
    UART_WaitOnFlagUntilTimeout              0x0800b44d   Thumb Code   140  stm32f4xx_hal_uart.o(i.UART_WaitOnFlagUntilTimeout)
    i.USART1_IRQHandler                      0x0800b4d8   Section        0  stm32f4xx_it.o(i.USART1_IRQHandler)
    i.UsageFault_Handler                     0x0800b4e8   Section        0  stm32f4xx_it.o(i.UsageFault_Handler)
    i.W24C02_WriteBytes                      0x0800b4ec   Section        0  int_w24c02.o(i.W24C02_WriteBytes)
    i.W25Q128_EraseSector                    0x0800b550   Section        0  int_w25q128.o(i.W25Q128_EraseSector)
    i.W25Q128_ReadByte                       0x0800b59c   Section        0  int_w25q128.o(i.W25Q128_ReadByte)
    i.W25Q128_Start                          0x0800b5b4   Section        0  int_w25q128.o(i.W25Q128_Start)
    i.W25Q128_Stop                           0x0800b5c8   Section        0  int_w25q128.o(i.W25Q128_Stop)
    i.W25Q128_WaitBusy                       0x0800b5dc   Section        0  int_w25q128.o(i.W25Q128_WaitBusy)
    W25Q128_WaitBusy                         0x0800b5dd   Thumb Code    34  int_w25q128.o(i.W25Q128_WaitBusy)
    i.W25Q128_WriteByte                      0x0800b600   Section        0  int_w25q128.o(i.W25Q128_WriteByte)
    i.W25Q128_WriteData                      0x0800b614   Section        0  int_w25q128.o(i.W25Q128_WriteData)
    i.__0printf$8                            0x0800b690   Section        0  printf8.o(i.__0printf$8)
    i.__NVIC_GetPriorityGrouping             0x0800b6b0   Section        0  stm32f4xx_hal_cortex.o(i.__NVIC_GetPriorityGrouping)
    __NVIC_GetPriorityGrouping               0x0800b6b1   Thumb Code    10  stm32f4xx_hal_cortex.o(i.__NVIC_GetPriorityGrouping)
    i.__NVIC_SetPriority                     0x0800b6c0   Section        0  stm32f4xx_hal_cortex.o(i.__NVIC_SetPriority)
    __NVIC_SetPriority                       0x0800b6c1   Thumb Code    32  stm32f4xx_hal_cortex.o(i.__NVIC_SetPriority)
    i.__scatterload_copy                     0x0800b6e8   Section       14  handlers.o(i.__scatterload_copy)
    i.__scatterload_null                     0x0800b6f6   Section        2  handlers.o(i.__scatterload_null)
    i.__scatterload_zeroinit                 0x0800b6f8   Section       14  handlers.o(i.__scatterload_zeroinit)
    i._printf_core                           0x0800b708   Section        0  printf8.o(i._printf_core)
    _printf_core                             0x0800b709   Thumb Code   984  printf8.o(i._printf_core)
    i._printf_post_padding                   0x0800bb0c   Section        0  printf8.o(i._printf_post_padding)
    _printf_post_padding                     0x0800bb0d   Thumb Code    36  printf8.o(i._printf_post_padding)
    i._printf_pre_padding                    0x0800bb30   Section        0  printf8.o(i._printf_pre_padding)
    _printf_pre_padding                      0x0800bb31   Thumb Code    46  printf8.o(i._printf_pre_padding)
    i.do_crc_check                           0x0800bb60   Section        0  app_update.o(i.do_crc_check)
    do_crc_check                             0x0800bb61   Thumb Code   120  app_update.o(i.do_crc_check)
    i.do_receive_data                        0x0800bc54   Section        0  app_update.o(i.do_receive_data)
    do_receive_data                          0x0800bc55   Thumb Code   168  app_update.o(i.do_receive_data)
    i.do_send_cmd                            0x0800bd4c   Section        0  app_update.o(i.do_send_cmd)
    do_send_cmd                              0x0800bd4d   Thumb Code    44  app_update.o(i.do_send_cmd)
    i.do_write_storage                       0x0800bdb4   Section        0  app_update.o(i.do_write_storage)
    do_write_storage                         0x0800bdb5   Thumb Code   282  app_update.o(i.do_write_storage)
    i.fputc                                  0x0800bf38   Section        0  usart.o(i.fputc)
    i.main                                   0x0800bf54   Section        0  main.o(i.main)
    .constdata                               0x0800bf82   Section       24  system_stm32f4xx.o(.constdata)
    .data                                    0x20000000   Section        8  crc.o(.data)
    .data                                    0x20000008   Section        9  stm32f4xx_hal.o(.data)
    .data                                    0x20000014   Section        4  system_stm32f4xx.o(.data)
    .data                                    0x20000018   Section       12  app_update.o(.data)
    app_data_length                          0x20000018   Data           4  app_update.o(.data)
    can_rx_count                             0x2000001c   Data           1  app_update.o(.data)
    update_state                             0x2000001d   Data           1  app_update.o(.data)
    last_receive_time                        0x20000020   Data           4  app_update.o(.data)
    .data                                    0x20000024   Section        4  stdout.o(.data)
    .bss                                     0x20000028   Section       40  can.o(.bss)
    .bss                                     0x20000050   Section       84  i2c.o(.bss)
    .bss                                     0x200000a4   Section       88  spi.o(.bss)
    .bss                                     0x200000fc   Section       72  usart.o(.bss)
    .bss                                     0x20000144   Section    16496  app_update.o(.bss)
    app_data_buffer                          0x20000144   Data       16388  app_update.o(.bss)
    can_rx_buf                               0x20004148   Data         108  app_update.o(.bss)
    STACK                                    0x200041b8   Section     1024  startup_stm32f407xx.o(STACK)

    Global Symbols

    Symbol Name                              Value     Ov Type        Size  Object(Section)

    BuildAttributes$$THM_ISAv4$E$P$D$K$B$S$7EM$VFPi3$EXTD16$VFPS$VFMA$PE$A:L22UL41UL21$X:L11$S22US41US21$IEEE1$IW$USESV6$~STKCKD$USESV7$~SHL$OSPACE$ROPI$EBA8$MICROLIB$REQ8$PRES8$EABIv2 0x00000000   Number         0  anon$$obj.o ABSOLUTE
    __ARM_use_no_argv                        0x00000000   Number         0  main.o ABSOLUTE
    _printf_a                                0x00000000   Number         0  stubs.o ABSOLUTE
    _printf_c                                0x00000000   Number         0  stubs.o ABSOLUTE
    _printf_charcount                        0x00000000   Number         0  stubs.o ABSOLUTE
    _printf_d                                0x00000000   Number         0  stubs.o ABSOLUTE
    _printf_e                                0x00000000   Number         0  stubs.o ABSOLUTE
    _printf_f                                0x00000000   Number         0  stubs.o ABSOLUTE
    _printf_flags                            0x00000000   Number         0  stubs.o ABSOLUTE
    _printf_fp_dec                           0x00000000   Number         0  stubs.o ABSOLUTE
    _printf_fp_hex                           0x00000000   Number         0  stubs.o ABSOLUTE
    _printf_g                                0x00000000   Number         0  stubs.o ABSOLUTE
    _printf_i                                0x00000000   Number         0  stubs.o ABSOLUTE
    _printf_int_dec                          0x00000000   Number         0  stubs.o ABSOLUTE
    _printf_l                                0x00000000   Number         0  stubs.o ABSOLUTE
    _printf_lc                               0x00000000   Number         0  stubs.o ABSOLUTE
    _printf_ll                               0x00000000   Number         0  stubs.o ABSOLUTE
    _printf_lld                              0x00000000   Number         0  stubs.o ABSOLUTE
    _printf_lli                              0x00000000   Number         0  stubs.o ABSOLUTE
    _printf_llo                              0x00000000   Number         0  stubs.o ABSOLUTE
    _printf_llu                              0x00000000   Number         0  stubs.o ABSOLUTE
    _printf_llx                              0x00000000   Number         0  stubs.o ABSOLUTE
    _printf_longlong_dec                     0x00000000   Number         0  stubs.o ABSOLUTE
    _printf_longlong_hex                     0x00000000   Number         0  stubs.o ABSOLUTE
    _printf_longlong_oct                     0x00000000   Number         0  stubs.o ABSOLUTE
    _printf_ls                               0x00000000   Number         0  stubs.o ABSOLUTE
    _printf_mbtowc                           0x00000000   Number         0  stubs.o ABSOLUTE
    _printf_n                                0x00000000   Number         0  stubs.o ABSOLUTE
    _printf_o                                0x00000000   Number         0  stubs.o ABSOLUTE
    _printf_p                                0x00000000   Number         0  stubs.o ABSOLUTE
    _printf_percent                          0x00000000   Number         0  stubs.o ABSOLUTE
    _printf_pre_padding                      0x00000000   Number         0  stubs.o ABSOLUTE
    _printf_return_value                     0x00000000   Number         0  stubs.o ABSOLUTE
    _printf_s                                0x00000000   Number         0  stubs.o ABSOLUTE
    _printf_sizespec                         0x00000000   Number         0  stubs.o ABSOLUTE
    _printf_str                              0x00000000   Number         0  stubs.o ABSOLUTE
    _printf_truncate_signed                  0x00000000   Number         0  stubs.o ABSOLUTE
    _printf_truncate_unsigned                0x00000000   Number         0  stubs.o ABSOLUTE
    _printf_u                                0x00000000   Number         0  stubs.o ABSOLUTE
    _printf_wc                               0x00000000   Number         0  stubs.o ABSOLUTE
    _printf_wctomb                           0x00000000   Number         0  stubs.o ABSOLUTE
    _printf_widthprec                        0x00000000   Number         0  stubs.o ABSOLUTE
    _printf_x                                0x00000000   Number         0  stubs.o ABSOLUTE
    __arm_fini_                               - Undefined Weak Reference
    __cpp_initialize__aeabi_                  - Undefined Weak Reference
    __cxa_finalize                            - Undefined Weak Reference
    __decompress                              - Undefined Weak Reference
    _clock_init                               - Undefined Weak Reference
    _microlib_exit                            - Undefined Weak Reference
    __Vectors_Size                           0x00000188   Number         0  startup_stm32f407xx.o ABSOLUTE
    __Vectors                                0x08008000   Data           4  startup_stm32f407xx.o(RESET)
    __Vectors_End                            0x08008188   Data           0  startup_stm32f407xx.o(RESET)
    __main                                   0x08008189   Thumb Code     0  entry.o(.ARM.Collect$$$$00000000)
    _main_stk                                0x08008189   Thumb Code     0  entry2.o(.ARM.Collect$$$$00000001)
    _main_scatterload                        0x0800818d   Thumb Code     0  entry5.o(.ARM.Collect$$$$00000004)
    __main_after_scatterload                 0x08008191   Thumb Code     0  entry5.o(.ARM.Collect$$$$00000004)
    _main_clock                              0x08008191   Thumb Code     0  entry7b.o(.ARM.Collect$$$$00000008)
    _main_cpp_init                           0x08008191   Thumb Code     0  entry8b.o(.ARM.Collect$$$$0000000A)
    _main_init                               0x08008191   Thumb Code     0  entry9a.o(.ARM.Collect$$$$0000000B)
    __rt_lib_shutdown_fini                   0x08008199   Thumb Code     0  entry12b.o(.ARM.Collect$$$$0000000E)
    __rt_final_cpp                           0x0800819d   Thumb Code     0  entry10a.o(.ARM.Collect$$$$0000000F)
    __rt_final_exit                          0x0800819d   Thumb Code     0  entry11a.o(.ARM.Collect$$$$00000011)
    Reset_Handler                            0x080081a1   Thumb Code     8  startup_stm32f407xx.o(.text)
    ADC_IRQHandler                           0x080081bb   Thumb Code     0  startup_stm32f407xx.o(.text)
    CAN1_RX0_IRQHandler                      0x080081bb   Thumb Code     0  startup_stm32f407xx.o(.text)
    CAN1_RX1_IRQHandler                      0x080081bb   Thumb Code     0  startup_stm32f407xx.o(.text)
    CAN1_SCE_IRQHandler                      0x080081bb   Thumb Code     0  startup_stm32f407xx.o(.text)
    CAN1_TX_IRQHandler                       0x080081bb   Thumb Code     0  startup_stm32f407xx.o(.text)
    CAN2_RX0_IRQHandler                      0x080081bb   Thumb Code     0  startup_stm32f407xx.o(.text)
    CAN2_RX1_IRQHandler                      0x080081bb   Thumb Code     0  startup_stm32f407xx.o(.text)
    CAN2_SCE_IRQHandler                      0x080081bb   Thumb Code     0  startup_stm32f407xx.o(.text)
    CAN2_TX_IRQHandler                       0x080081bb   Thumb Code     0  startup_stm32f407xx.o(.text)
    DCMI_IRQHandler                          0x080081bb   Thumb Code     0  startup_stm32f407xx.o(.text)
    DMA1_Stream0_IRQHandler                  0x080081bb   Thumb Code     0  startup_stm32f407xx.o(.text)
    DMA1_Stream1_IRQHandler                  0x080081bb   Thumb Code     0  startup_stm32f407xx.o(.text)
    DMA1_Stream2_IRQHandler                  0x080081bb   Thumb Code     0  startup_stm32f407xx.o(.text)
    DMA1_Stream3_IRQHandler                  0x080081bb   Thumb Code     0  startup_stm32f407xx.o(.text)
    DMA1_Stream4_IRQHandler                  0x080081bb   Thumb Code     0  startup_stm32f407xx.o(.text)
    DMA1_Stream5_IRQHandler                  0x080081bb   Thumb Code     0  startup_stm32f407xx.o(.text)
    DMA1_Stream6_IRQHandler                  0x080081bb   Thumb Code     0  startup_stm32f407xx.o(.text)
    DMA1_Stream7_IRQHandler                  0x080081bb   Thumb Code     0  startup_stm32f407xx.o(.text)
    DMA2_Stream0_IRQHandler                  0x080081bb   Thumb Code     0  startup_stm32f407xx.o(.text)
    DMA2_Stream1_IRQHandler                  0x080081bb   Thumb Code     0  startup_stm32f407xx.o(.text)
    DMA2_Stream2_IRQHandler                  0x080081bb   Thumb Code     0  startup_stm32f407xx.o(.text)
    DMA2_Stream3_IRQHandler                  0x080081bb   Thumb Code     0  startup_stm32f407xx.o(.text)
    DMA2_Stream4_IRQHandler                  0x080081bb   Thumb Code     0  startup_stm32f407xx.o(.text)
    DMA2_Stream5_IRQHandler                  0x080081bb   Thumb Code     0  startup_stm32f407xx.o(.text)
    DMA2_Stream6_IRQHandler                  0x080081bb   Thumb Code     0  startup_stm32f407xx.o(.text)
    DMA2_Stream7_IRQHandler                  0x080081bb   Thumb Code     0  startup_stm32f407xx.o(.text)
    ETH_IRQHandler                           0x080081bb   Thumb Code     0  startup_stm32f407xx.o(.text)
    ETH_WKUP_IRQHandler                      0x080081bb   Thumb Code     0  startup_stm32f407xx.o(.text)
    EXTI0_IRQHandler                         0x080081bb   Thumb Code     0  startup_stm32f407xx.o(.text)
    EXTI15_10_IRQHandler                     0x080081bb   Thumb Code     0  startup_stm32f407xx.o(.text)
    EXTI1_IRQHandler                         0x080081bb   Thumb Code     0  startup_stm32f407xx.o(.text)
    EXTI2_IRQHandler                         0x080081bb   Thumb Code     0  startup_stm32f407xx.o(.text)
    EXTI3_IRQHandler                         0x080081bb   Thumb Code     0  startup_stm32f407xx.o(.text)
    EXTI4_IRQHandler                         0x080081bb   Thumb Code     0  startup_stm32f407xx.o(.text)
    EXTI9_5_IRQHandler                       0x080081bb   Thumb Code     0  startup_stm32f407xx.o(.text)
    FLASH_IRQHandler                         0x080081bb   Thumb Code     0  startup_stm32f407xx.o(.text)
    FMC_IRQHandler                           0x080081bb   Thumb Code     0  startup_stm32f407xx.o(.text)
    FPU_IRQHandler                           0x080081bb   Thumb Code     0  startup_stm32f407xx.o(.text)
    HASH_RNG_IRQHandler                      0x080081bb   Thumb Code     0  startup_stm32f407xx.o(.text)
    I2C1_ER_IRQHandler                       0x080081bb   Thumb Code     0  startup_stm32f407xx.o(.text)
    I2C1_EV_IRQHandler                       0x080081bb   Thumb Code     0  startup_stm32f407xx.o(.text)
    I2C2_ER_IRQHandler                       0x080081bb   Thumb Code     0  startup_stm32f407xx.o(.text)
    I2C2_EV_IRQHandler                       0x080081bb   Thumb Code     0  startup_stm32f407xx.o(.text)
    I2C3_ER_IRQHandler                       0x080081bb   Thumb Code     0  startup_stm32f407xx.o(.text)
    I2C3_EV_IRQHandler                       0x080081bb   Thumb Code     0  startup_stm32f407xx.o(.text)
    OTG_FS_IRQHandler                        0x080081bb   Thumb Code     0  startup_stm32f407xx.o(.text)
    OTG_FS_WKUP_IRQHandler                   0x080081bb   Thumb Code     0  startup_stm32f407xx.o(.text)
    OTG_HS_EP1_IN_IRQHandler                 0x080081bb   Thumb Code     0  startup_stm32f407xx.o(.text)
    OTG_HS_EP1_OUT_IRQHandler                0x080081bb   Thumb Code     0  startup_stm32f407xx.o(.text)
    OTG_HS_IRQHandler                        0x080081bb   Thumb Code     0  startup_stm32f407xx.o(.text)
    OTG_HS_WKUP_IRQHandler                   0x080081bb   Thumb Code     0  startup_stm32f407xx.o(.text)
    PVD_IRQHandler                           0x080081bb   Thumb Code     0  startup_stm32f407xx.o(.text)
    RCC_IRQHandler                           0x080081bb   Thumb Code     0  startup_stm32f407xx.o(.text)
    RTC_Alarm_IRQHandler                     0x080081bb   Thumb Code     0  startup_stm32f407xx.o(.text)
    RTC_WKUP_IRQHandler                      0x080081bb   Thumb Code     0  startup_stm32f407xx.o(.text)
    SDIO_IRQHandler                          0x080081bb   Thumb Code     0  startup_stm32f407xx.o(.text)
    SPI1_IRQHandler                          0x080081bb   Thumb Code     0  startup_stm32f407xx.o(.text)
    SPI2_IRQHandler                          0x080081bb   Thumb Code     0  startup_stm32f407xx.o(.text)
    SPI3_IRQHandler                          0x080081bb   Thumb Code     0  startup_stm32f407xx.o(.text)
    TAMP_STAMP_IRQHandler                    0x080081bb   Thumb Code     0  startup_stm32f407xx.o(.text)
    TIM1_BRK_TIM9_IRQHandler                 0x080081bb   Thumb Code     0  startup_stm32f407xx.o(.text)
    TIM1_CC_IRQHandler                       0x080081bb   Thumb Code     0  startup_stm32f407xx.o(.text)
    TIM1_TRG_COM_TIM11_IRQHandler            0x080081bb   Thumb Code     0  startup_stm32f407xx.o(.text)
    TIM1_UP_TIM10_IRQHandler                 0x080081bb   Thumb Code     0  startup_stm32f407xx.o(.text)
    TIM2_IRQHandler                          0x080081bb   Thumb Code     0  startup_stm32f407xx.o(.text)
    TIM3_IRQHandler                          0x080081bb   Thumb Code     0  startup_stm32f407xx.o(.text)
    TIM4_IRQHandler                          0x080081bb   Thumb Code     0  startup_stm32f407xx.o(.text)
    TIM5_IRQHandler                          0x080081bb   Thumb Code     0  startup_stm32f407xx.o(.text)
    TIM6_DAC_IRQHandler                      0x080081bb   Thumb Code     0  startup_stm32f407xx.o(.text)
    TIM7_IRQHandler                          0x080081bb   Thumb Code     0  startup_stm32f407xx.o(.text)
    TIM8_BRK_TIM12_IRQHandler                0x080081bb   Thumb Code     0  startup_stm32f407xx.o(.text)
    TIM8_CC_IRQHandler                       0x080081bb   Thumb Code     0  startup_stm32f407xx.o(.text)
    TIM8_TRG_COM_TIM14_IRQHandler            0x080081bb   Thumb Code     0  startup_stm32f407xx.o(.text)
    TIM8_UP_TIM13_IRQHandler                 0x080081bb   Thumb Code     0  startup_stm32f407xx.o(.text)
    UART4_IRQHandler                         0x080081bb   Thumb Code     0  startup_stm32f407xx.o(.text)
    UART5_IRQHandler                         0x080081bb   Thumb Code     0  startup_stm32f407xx.o(.text)
    USART2_IRQHandler                        0x080081bb   Thumb Code     0  startup_stm32f407xx.o(.text)
    USART3_IRQHandler                        0x080081bb   Thumb Code     0  startup_stm32f407xx.o(.text)
    USART6_IRQHandler                        0x080081bb   Thumb Code     0  startup_stm32f407xx.o(.text)
    WWDG_IRQHandler                          0x080081bb   Thumb Code     0  startup_stm32f407xx.o(.text)
    __aeabi_uldivmod                         0x080081c5   Thumb Code    98  uldiv.o(.text)
    __aeabi_memcpy                           0x08008227   Thumb Code    36  memcpya.o(.text)
    __aeabi_memcpy4                          0x08008227   Thumb Code     0  memcpya.o(.text)
    __aeabi_memcpy8                          0x08008227   Thumb Code     0  memcpya.o(.text)
    __aeabi_memset                           0x0800824b   Thumb Code    14  memseta.o(.text)
    __aeabi_memset4                          0x0800824b   Thumb Code     0  memseta.o(.text)
    __aeabi_memset8                          0x0800824b   Thumb Code     0  memseta.o(.text)
    __aeabi_memclr                           0x08008259   Thumb Code     4  memseta.o(.text)
    __aeabi_memclr4                          0x08008259   Thumb Code     0  memseta.o(.text)
    __aeabi_memclr8                          0x08008259   Thumb Code     0  memseta.o(.text)
    _memset$wrapper                          0x0800825d   Thumb Code    18  memseta.o(.text)
    __aeabi_llsl                             0x0800826f   Thumb Code    30  llshl.o(.text)
    _ll_shift_l                              0x0800826f   Thumb Code     0  llshl.o(.text)
    __aeabi_llsr                             0x0800828d   Thumb Code    32  llushr.o(.text)
    _ll_ushift_r                             0x0800828d   Thumb Code     0  llushr.o(.text)
    __scatterload                            0x080082ad   Thumb Code    28  init.o(.text)
    __scatterload_rt2                        0x080082ad   Thumb Code     0  init.o(.text)
    App_Update                               0x080082d1   Thumb Code    20  app_update.o(i.App_Update)
    App_Update_Work                          0x080082fd   Thumb Code    94  app_update.o(i.App_Update_Work)
    BusFault_Handler                         0x08008399   Thumb Code     4  stm32f4xx_it.o(i.BusFault_Handler)
    CAN2_Init                                0x0800839d   Thumb Code    66  int_can2.o(i.CAN2_Init)
    CAN2_ReceiveData                         0x080083e5   Thumb Code    66  int_can2.o(i.CAN2_ReceiveData)
    CAN2_SendData                            0x0800842d   Thumb Code    48  int_can2.o(i.CAN2_SendData)
    DebugMon_Handler                         0x08008461   Thumb Code     2  stm32f4xx_it.o(i.DebugMon_Handler)
    Error_Handler                            0x08008463   Thumb Code     6  main.o(i.Error_Handler)
    HAL_CAN_AddTxMessage                     0x08008469   Thumb Code   330  stm32f4xx_hal_can.o(i.HAL_CAN_AddTxMessage)
    HAL_CAN_ConfigFilter                     0x080085b5   Thumb Code   284  stm32f4xx_hal_can.o(i.HAL_CAN_ConfigFilter)
    HAL_CAN_GetRxFifoFillLevel               0x080086d5   Thumb Code    40  stm32f4xx_hal_can.o(i.HAL_CAN_GetRxFifoFillLevel)
    HAL_CAN_GetRxMessage                     0x080086fd   Thumb Code   404  stm32f4xx_hal_can.o(i.HAL_CAN_GetRxMessage)
    HAL_CAN_GetTxMailboxesFreeLevel          0x08008891   Thumb Code    54  stm32f4xx_hal_can.o(i.HAL_CAN_GetTxMailboxesFreeLevel)
    HAL_CAN_Init                             0x080088c7   Thumb Code   372  stm32f4xx_hal_can.o(i.HAL_CAN_Init)
    HAL_CAN_MspInit                          0x08008a3d   Thumb Code   154  can.o(i.HAL_CAN_MspInit)
    HAL_CAN_Start                            0x08008ae5   Thumb Code    94  stm32f4xx_hal_can.o(i.HAL_CAN_Start)
    HAL_CRC_Calculate                        0x08008b43   Thumb Code    52  stm32f4xx_hal_crc.o(i.HAL_CRC_Calculate)
    HAL_CRC_Init                             0x08008b77   Thumb Code    32  stm32f4xx_hal_crc.o(i.HAL_CRC_Init)
    HAL_CRC_MspInit                          0x08008b99   Thumb Code    44  crc.o(i.HAL_CRC_MspInit)
    HAL_DMA_Abort                            0x08008bcd   Thumb Code   172  stm32f4xx_hal_dma.o(i.HAL_DMA_Abort)
    HAL_DMA_Abort_IT                         0x08008c79   Thumb Code    40  stm32f4xx_hal_dma.o(i.HAL_DMA_Abort_IT)
    HAL_Delay                                0x08008ca1   Thumb Code    36  stm32f4xx_hal.o(i.HAL_Delay)
    HAL_GPIO_Init                            0x08008cc9   Thumb Code   454  stm32f4xx_hal_gpio.o(i.HAL_GPIO_Init)
    HAL_GPIO_WritePin                        0x08008ebd   Thumb Code    12  stm32f4xx_hal_gpio.o(i.HAL_GPIO_WritePin)
    HAL_GetTick                              0x08008ec9   Thumb Code     6  stm32f4xx_hal.o(i.HAL_GetTick)
    HAL_I2C_Init                             0x08008ed5   Thumb Code   446  stm32f4xx_hal_i2c.o(i.HAL_I2C_Init)
    HAL_I2C_Mem_Write                        0x080090a5   Thumb Code   348  stm32f4xx_hal_i2c.o(i.HAL_I2C_Mem_Write)
    HAL_I2C_MspInit                          0x08009209   Thumb Code   122  i2c.o(i.HAL_I2C_MspInit)
    HAL_IncTick                              0x08009291   Thumb Code    16  stm32f4xx_hal.o(i.HAL_IncTick)
    HAL_Init                                 0x080092a9   Thumb Code    54  stm32f4xx_hal.o(i.HAL_Init)
    HAL_InitTick                             0x080092e5   Thumb Code    64  stm32f4xx_hal.o(i.HAL_InitTick)
    HAL_MspInit                              0x08009331   Thumb Code    68  stm32f4xx_hal_msp.o(i.HAL_MspInit)
    HAL_NVIC_EnableIRQ                       0x08009379   Thumb Code    40  stm32f4xx_hal_cortex.o(i.HAL_NVIC_EnableIRQ)
    HAL_NVIC_SetPriority                     0x080093a1   Thumb Code   124  stm32f4xx_hal_cortex.o(i.HAL_NVIC_SetPriority)
    HAL_NVIC_SetPriorityGrouping             0x0800941d   Thumb Code    32  stm32f4xx_hal_cortex.o(i.HAL_NVIC_SetPriorityGrouping)
    HAL_RCC_ClockConfig                      0x08009445   Thumb Code   368  stm32f4xx_hal_rcc.o(i.HAL_RCC_ClockConfig)
    HAL_RCC_GetHCLKFreq                      0x080095c9   Thumb Code     6  stm32f4xx_hal_rcc.o(i.HAL_RCC_GetHCLKFreq)
    HAL_RCC_GetPCLK1Freq                     0x080095d5   Thumb Code    22  stm32f4xx_hal_rcc.o(i.HAL_RCC_GetPCLK1Freq)
    HAL_RCC_GetPCLK2Freq                     0x080095f5   Thumb Code    22  stm32f4xx_hal_rcc.o(i.HAL_RCC_GetPCLK2Freq)
    HAL_RCC_GetSysClockFreq                  0x08009615   Thumb Code   162  stm32f4xx_hal_rcc.o(i.HAL_RCC_GetSysClockFreq)
    HAL_RCC_OscConfig                        0x080096c5   Thumb Code  1172  stm32f4xx_hal_rcc.o(i.HAL_RCC_OscConfig)
    HAL_SPI_Init                             0x08009b61   Thumb Code   200  stm32f4xx_hal_spi.o(i.HAL_SPI_Init)
    HAL_SPI_MspInit                          0x08009c29   Thumb Code   122  spi.o(i.HAL_SPI_MspInit)
    HAL_SPI_Receive                          0x08009cb1   Thumb Code   386  stm32f4xx_hal_spi.o(i.HAL_SPI_Receive)
    HAL_SPI_Transmit                         0x08009e33   Thumb Code   446  stm32f4xx_hal_spi.o(i.HAL_SPI_Transmit)
    HAL_SPI_TransmitReceive                  0x08009ff1   Thumb Code   584  stm32f4xx_hal_spi.o(i.HAL_SPI_TransmitReceive)
    HAL_SYSTICK_Config                       0x0800a239   Thumb Code    52  stm32f4xx_hal_cortex.o(i.HAL_SYSTICK_Config)
    HAL_UARTEx_RxEventCallback               0x0800a26d   Thumb Code     2  stm32f4xx_hal_uart.o(i.HAL_UARTEx_RxEventCallback)
    HAL_UART_ErrorCallback                   0x0800a26f   Thumb Code     2  stm32f4xx_hal_uart.o(i.HAL_UART_ErrorCallback)
    HAL_UART_IRQHandler                      0x0800a271   Thumb Code   772  stm32f4xx_hal_uart.o(i.HAL_UART_IRQHandler)
    HAL_UART_Init                            0x0800a579   Thumb Code   118  stm32f4xx_hal_uart.o(i.HAL_UART_Init)
    HAL_UART_MspInit                         0x0800a5f1   Thumb Code   140  usart.o(i.HAL_UART_MspInit)
    HAL_UART_RxCpltCallback                  0x0800a689   Thumb Code     2  stm32f4xx_hal_uart.o(i.HAL_UART_RxCpltCallback)
    HAL_UART_Transmit                        0x0800a68b   Thumb Code   190  stm32f4xx_hal_uart.o(i.HAL_UART_Transmit)
    HAL_UART_TxCpltCallback                  0x0800a749   Thumb Code     2  stm32f4xx_hal_uart.o(i.HAL_UART_TxCpltCallback)
    HardFault_Handler                        0x0800a74b   Thumb Code     4  stm32f4xx_it.o(i.HardFault_Handler)
    MX_CAN2_Init                             0x0800aaf1   Thumb Code    60  can.o(i.MX_CAN2_Init)
    MX_CRC_Init                              0x0800ab35   Thumb Code    22  crc.o(i.MX_CRC_Init)
    MX_GPIO_Init                             0x0800ab55   Thumb Code   300  gpio.o(i.MX_GPIO_Init)
    MX_I2C1_Init                             0x0800ac91   Thumb Code    48  i2c.o(i.MX_I2C1_Init)
    MX_SPI1_Init                             0x0800accd   Thumb Code    60  spi.o(i.MX_SPI1_Init)
    MX_USART1_UART_Init                      0x0800ad11   Thumb Code    46  usart.o(i.MX_USART1_UART_Init)
    MemManage_Handler                        0x0800ad49   Thumb Code     4  stm32f4xx_it.o(i.MemManage_Handler)
    NMI_Handler                              0x0800ad4d   Thumb Code     4  stm32f4xx_it.o(i.NMI_Handler)
    PendSV_Handler                           0x0800ad51   Thumb Code     2  stm32f4xx_it.o(i.PendSV_Handler)
    SVC_Handler                              0x0800af49   Thumb Code     2  stm32f4xx_it.o(i.SVC_Handler)
    SysTick_Handler                          0x0800af4b   Thumb Code     8  stm32f4xx_it.o(i.SysTick_Handler)
    SystemClock_Config                       0x0800af55   Thumb Code   168  main.o(i.SystemClock_Config)
    SystemInit                               0x0800b005   Thumb Code    22  system_stm32f4xx.o(i.SystemInit)
    USART1_IRQHandler                        0x0800b4d9   Thumb Code    10  stm32f4xx_it.o(i.USART1_IRQHandler)
    UsageFault_Handler                       0x0800b4e9   Thumb Code     4  stm32f4xx_it.o(i.UsageFault_Handler)
    W24C02_WriteBytes                        0x0800b4ed   Thumb Code    96  int_w24c02.o(i.W24C02_WriteBytes)
    W25Q128_EraseSector                      0x0800b551   Thumb Code    76  int_w25q128.o(i.W25Q128_EraseSector)
    W25Q128_ReadByte                         0x0800b59d   Thumb Code    20  int_w25q128.o(i.W25Q128_ReadByte)
    W25Q128_Start                            0x0800b5b5   Thumb Code    14  int_w25q128.o(i.W25Q128_Start)
    W25Q128_Stop                             0x0800b5c9   Thumb Code    14  int_w25q128.o(i.W25Q128_Stop)
    W25Q128_WriteByte                        0x0800b601   Thumb Code    16  int_w25q128.o(i.W25Q128_WriteByte)
    W25Q128_WriteData                        0x0800b615   Thumb Code   124  int_w25q128.o(i.W25Q128_WriteData)
    __0printf$8                              0x0800b691   Thumb Code    22  printf8.o(i.__0printf$8)
    __1printf$8                              0x0800b691   Thumb Code     0  printf8.o(i.__0printf$8)
    __2printf                                0x0800b691   Thumb Code     0  printf8.o(i.__0printf$8)
    __scatterload_copy                       0x0800b6e9   Thumb Code    14  handlers.o(i.__scatterload_copy)
    __scatterload_null                       0x0800b6f7   Thumb Code     2  handlers.o(i.__scatterload_null)
    __scatterload_zeroinit                   0x0800b6f9   Thumb Code    14  handlers.o(i.__scatterload_zeroinit)
    fputc                                    0x0800bf39   Thumb Code    22  usart.o(i.fputc)
    main                                     0x0800bf55   Thumb Code    46  main.o(i.main)
    AHBPrescTable                            0x0800bf82   Data          16  system_stm32f4xx.o(.constdata)
    APBPrescTable                            0x0800bf92   Data           8  system_stm32f4xx.o(.constdata)
    Region$$Table$$Base                      0x0800bf9c   Number         0  anon$$obj.o(Region$$Table)
    Region$$Table$$Limit                     0x0800bfbc   Number         0  anon$$obj.o(Region$$Table)
    hcrc                                     0x20000000   Data           8  crc.o(.data)
    uwTick                                   0x20000008   Data           4  stm32f4xx_hal.o(.data)
    uwTickPrio                               0x2000000c   Data           4  stm32f4xx_hal.o(.data)
    uwTickFreq                               0x20000010   Data           1  stm32f4xx_hal.o(.data)
    SystemCoreClock                          0x20000014   Data           4  system_stm32f4xx.o(.data)
    __stdout                                 0x20000024   Data           4  stdout.o(.data)
    hcan2                                    0x20000028   Data          40  can.o(.bss)
    hi2c1                                    0x20000050   Data          84  i2c.o(.bss)
    hspi1                                    0x200000a4   Data          88  spi.o(.bss)
    huart1                                   0x200000fc   Data          72  usart.o(.bss)
    __initial_sp                             0x200045b8   Data           0  startup_stm32f407xx.o(STACK)



==============================================================================

Memory Map of the image

  Image Entry point : 0x08008189

  Load Region LR_IROM1 (Base: 0x08008000, Size: 0x00003fe4, Max: 0x00004000, ABSOLUTE)

    Execution Region ER_IROM1 (Exec base: 0x08008000, Load base: 0x08008000, Size: 0x00003fbc, Max: 0x00004000, ABSOLUTE)

    Exec Addr    Load Addr    Size         Type   Attr      Idx    E Section Name        Object

    0x08008000   0x08008000   0x00000188   Data   RO            3    RESET               startup_stm32f407xx.o
    0x08008188   0x08008188   0x00000000   Code   RO         3490  * .ARM.Collect$$$$00000000  mc_w.l(entry.o)
    0x08008188   0x08008188   0x00000004   Code   RO         3762    .ARM.Collect$$$$00000001  mc_w.l(entry2.o)
    0x0800818c   0x0800818c   0x00000004   Code   RO         3765    .ARM.Collect$$$$00000004  mc_w.l(entry5.o)
    0x08008190   0x08008190   0x00000000   Code   RO         3767    .ARM.Collect$$$$00000008  mc_w.l(entry7b.o)
    0x08008190   0x08008190   0x00000000   Code   RO         3769    .ARM.Collect$$$$0000000A  mc_w.l(entry8b.o)
    0x08008190   0x08008190   0x00000008   Code   RO         3770    .ARM.Collect$$$$0000000B  mc_w.l(entry9a.o)
    0x08008198   0x08008198   0x00000004   Code   RO         3777    .ARM.Collect$$$$0000000E  mc_w.l(entry12b.o)
    0x0800819c   0x0800819c   0x00000000   Code   RO         3772    .ARM.Collect$$$$0000000F  mc_w.l(entry10a.o)
    0x0800819c   0x0800819c   0x00000000   Code   RO         3774    .ARM.Collect$$$$00000011  mc_w.l(entry11a.o)
    0x0800819c   0x0800819c   0x00000004   Code   RO         3763    .ARM.Collect$$$$00002712  mc_w.l(entry2.o)
    0x080081a0   0x080081a0   0x00000024   Code   RO            4    .text               startup_stm32f407xx.o
    0x080081c4   0x080081c4   0x00000062   Code   RO         3493    .text               mc_w.l(uldiv.o)
    0x08008226   0x08008226   0x00000024   Code   RO         3495    .text               mc_w.l(memcpya.o)
    0x0800824a   0x0800824a   0x00000024   Code   RO         3497    .text               mc_w.l(memseta.o)
    0x0800826e   0x0800826e   0x0000001e   Code   RO         3781    .text               mc_w.l(llshl.o)
    0x0800828c   0x0800828c   0x00000020   Code   RO         3783    .text               mc_w.l(llushr.o)
    0x080082ac   0x080082ac   0x00000024   Code   RO         3796    .text               mc_w.l(init.o)
    0x080082d0   0x080082d0   0x0000002c   Code   RO         3425    i.App_Update        app_update.o
    0x080082fc   0x080082fc   0x0000006c   Code   RO         3426    i.App_Update_Work   app_update.o
    0x08008368   0x08008368   0x00000030   Code   RO         3427    i.App_crc_cal       app_update.o
    0x08008398   0x08008398   0x00000004   Code   RO          434    i.BusFault_Handler  stm32f4xx_it.o
    0x0800839c   0x0800839c   0x00000048   Code   RO         3261    i.CAN2_Init         int_can2.o
    0x080083e4   0x080083e4   0x00000048   Code   RO         3262    i.CAN2_ReceiveData  int_can2.o
    0x0800842c   0x0800842c   0x00000034   Code   RO         3263    i.CAN2_SendData     int_can2.o
    0x08008460   0x08008460   0x00000002   Code   RO          435    i.DebugMon_Handler  stm32f4xx_it.o
    0x08008462   0x08008462   0x00000006   Code   RO           13    i.Error_Handler     main.o
    0x08008468   0x08008468   0x0000014a   Code   RO          542    i.HAL_CAN_AddTxMessage  stm32f4xx_hal_can.o
    0x080085b2   0x080085b2   0x00000002   PAD
    0x080085b4   0x080085b4   0x00000120   Code   RO          543    i.HAL_CAN_ConfigFilter  stm32f4xx_hal_can.o
    0x080086d4   0x080086d4   0x00000028   Code   RO          548    i.HAL_CAN_GetRxFifoFillLevel  stm32f4xx_hal_can.o
    0x080086fc   0x080086fc   0x00000194   Code   RO          549    i.HAL_CAN_GetRxMessage  stm32f4xx_hal_can.o
    0x08008890   0x08008890   0x00000036   Code   RO          551    i.HAL_CAN_GetTxMailboxesFreeLevel  stm32f4xx_hal_can.o
    0x080088c6   0x080088c6   0x00000174   Code   RO          554    i.HAL_CAN_Init      stm32f4xx_hal_can.o
    0x08008a3a   0x08008a3a   0x00000002   PAD
    0x08008a3c   0x08008a3c   0x000000a8   Code   RO          219    i.HAL_CAN_MspInit   can.o
    0x08008ae4   0x08008ae4   0x0000005e   Code   RO          566    i.HAL_CAN_Start     stm32f4xx_hal_can.o
    0x08008b42   0x08008b42   0x00000034   Code   RO         1975    i.HAL_CRC_Calculate  stm32f4xx_hal_crc.o
    0x08008b76   0x08008b76   0x00000020   Code   RO         1978    i.HAL_CRC_Init      stm32f4xx_hal_crc.o
    0x08008b96   0x08008b96   0x00000002   PAD
    0x08008b98   0x08008b98   0x00000034   Code   RO          261    i.HAL_CRC_MspInit   crc.o
    0x08008bcc   0x08008bcc   0x000000ac   Code   RO         1281    i.HAL_DMA_Abort     stm32f4xx_hal_dma.o
    0x08008c78   0x08008c78   0x00000028   Code   RO         1282    i.HAL_DMA_Abort_IT  stm32f4xx_hal_dma.o
    0x08008ca0   0x08008ca0   0x00000028   Code   RO         1723    i.HAL_Delay         stm32f4xx_hal.o
    0x08008cc8   0x08008cc8   0x000001f4   Code   RO         1174    i.HAL_GPIO_Init     stm32f4xx_hal_gpio.o
    0x08008ebc   0x08008ebc   0x0000000c   Code   RO         1178    i.HAL_GPIO_WritePin  stm32f4xx_hal_gpio.o
    0x08008ec8   0x08008ec8   0x0000000c   Code   RO         1729    i.HAL_GetTick       stm32f4xx_hal.o
    0x08008ed4   0x08008ed4   0x000001d0   Code   RO         2045    i.HAL_I2C_Init      stm32f4xx_hal_i2c.o
    0x080090a4   0x080090a4   0x00000164   Code   RO         2066    i.HAL_I2C_Mem_Write  stm32f4xx_hal_i2c.o
    0x08009208   0x08009208   0x00000088   Code   RO          303    i.HAL_I2C_MspInit   i2c.o
    0x08009290   0x08009290   0x00000018   Code   RO         1735    i.HAL_IncTick       stm32f4xx_hal.o
    0x080092a8   0x080092a8   0x0000003c   Code   RO         1736    i.HAL_Init          stm32f4xx_hal.o
    0x080092e4   0x080092e4   0x0000004c   Code   RO         1737    i.HAL_InitTick      stm32f4xx_hal.o
    0x08009330   0x08009330   0x00000048   Code   RO          516    i.HAL_MspInit       stm32f4xx_hal_msp.o
    0x08009378   0x08009378   0x00000028   Code   RO         1566    i.HAL_NVIC_EnableIRQ  stm32f4xx_hal_cortex.o
    0x080093a0   0x080093a0   0x0000007c   Code   RO         1572    i.HAL_NVIC_SetPriority  stm32f4xx_hal_cortex.o
    0x0800941c   0x0800941c   0x00000028   Code   RO         1573    i.HAL_NVIC_SetPriorityGrouping  stm32f4xx_hal_cortex.o
    0x08009444   0x08009444   0x00000184   Code   RO          775    i.HAL_RCC_ClockConfig  stm32f4xx_hal_rcc.o
    0x080095c8   0x080095c8   0x0000000c   Code   RO          780    i.HAL_RCC_GetHCLKFreq  stm32f4xx_hal_rcc.o
    0x080095d4   0x080095d4   0x00000020   Code   RO          782    i.HAL_RCC_GetPCLK1Freq  stm32f4xx_hal_rcc.o
    0x080095f4   0x080095f4   0x00000020   Code   RO          783    i.HAL_RCC_GetPCLK2Freq  stm32f4xx_hal_rcc.o
    0x08009614   0x08009614   0x000000b0   Code   RO          784    i.HAL_RCC_GetSysClockFreq  stm32f4xx_hal_rcc.o
    0x080096c4   0x080096c4   0x0000049c   Code   RO          787    i.HAL_RCC_OscConfig  stm32f4xx_hal_rcc.o
    0x08009b60   0x08009b60   0x000000c8   Code   RO         2540    i.HAL_SPI_Init      stm32f4xx_hal_spi.o
    0x08009c28   0x08009c28   0x00000088   Code   RO          345    i.HAL_SPI_MspInit   spi.o
    0x08009cb0   0x08009cb0   0x00000182   Code   RO         2543    i.HAL_SPI_Receive   stm32f4xx_hal_spi.o
    0x08009e32   0x08009e32   0x000001be   Code   RO         2548    i.HAL_SPI_Transmit  stm32f4xx_hal_spi.o
    0x08009ff0   0x08009ff0   0x00000248   Code   RO         2549    i.HAL_SPI_TransmitReceive  stm32f4xx_hal_spi.o
    0x0800a238   0x0800a238   0x00000034   Code   RO         1577    i.HAL_SYSTICK_Config  stm32f4xx_hal_cortex.o
    0x0800a26c   0x0800a26c   0x00000002   Code   RO         2863    i.HAL_UARTEx_RxEventCallback  stm32f4xx_hal_uart.o
    0x0800a26e   0x0800a26e   0x00000002   Code   RO         2877    i.HAL_UART_ErrorCallback  stm32f4xx_hal_uart.o
    0x0800a270   0x0800a270   0x00000308   Code   RO         2880    i.HAL_UART_IRQHandler  stm32f4xx_hal_uart.o
    0x0800a578   0x0800a578   0x00000076   Code   RO         2881    i.HAL_UART_Init     stm32f4xx_hal_uart.o
    0x0800a5ee   0x0800a5ee   0x00000002   PAD
    0x0800a5f0   0x0800a5f0   0x00000098   Code   RO          387    i.HAL_UART_MspInit  usart.o
    0x0800a688   0x0800a688   0x00000002   Code   RO         2887    i.HAL_UART_RxCpltCallback  stm32f4xx_hal_uart.o
    0x0800a68a   0x0800a68a   0x000000be   Code   RO         2889    i.HAL_UART_Transmit  stm32f4xx_hal_uart.o
    0x0800a748   0x0800a748   0x00000002   Code   RO         2892    i.HAL_UART_TxCpltCallback  stm32f4xx_hal_uart.o
    0x0800a74a   0x0800a74a   0x00000004   Code   RO          436    i.HardFault_Handler  stm32f4xx_it.o
    0x0800a74e   0x0800a74e   0x0000003e   Code   RO         2089    i.I2C_IsAcknowledgeFailed  stm32f4xx_hal_i2c.o
    0x0800a78c   0x0800a78c   0x000000e0   Code   RO         2101    i.I2C_RequestMemoryWrite  stm32f4xx_hal_i2c.o
    0x0800a86c   0x0800a86c   0x00000066   Code   RO         2109    i.I2C_WaitOnBTFFlagUntilTimeout  stm32f4xx_hal_i2c.o
    0x0800a8d2   0x0800a8d2   0x000000be   Code   RO         2110    i.I2C_WaitOnFlagUntilTimeout  stm32f4xx_hal_i2c.o
    0x0800a990   0x0800a990   0x000000fa   Code   RO         2111    i.I2C_WaitOnMasterAddressFlagUntilTimeout  stm32f4xx_hal_i2c.o
    0x0800aa8a   0x0800aa8a   0x00000066   Code   RO         2115    i.I2C_WaitOnTXEFlagUntilTimeout  stm32f4xx_hal_i2c.o
    0x0800aaf0   0x0800aaf0   0x00000044   Code   RO          220    i.MX_CAN2_Init      can.o
    0x0800ab34   0x0800ab34   0x00000020   Code   RO          262    i.MX_CRC_Init       crc.o
    0x0800ab54   0x0800ab54   0x0000013c   Code   RO          194    i.MX_GPIO_Init      gpio.o
    0x0800ac90   0x0800ac90   0x0000003c   Code   RO          304    i.MX_I2C1_Init      i2c.o
    0x0800accc   0x0800accc   0x00000044   Code   RO          346    i.MX_SPI1_Init      spi.o
    0x0800ad10   0x0800ad10   0x00000038   Code   RO          388    i.MX_USART1_UART_Init  usart.o
    0x0800ad48   0x0800ad48   0x00000004   Code   RO          437    i.MemManage_Handler  stm32f4xx_it.o
    0x0800ad4c   0x0800ad4c   0x00000004   Code   RO          438    i.NMI_Handler       stm32f4xx_it.o
    0x0800ad50   0x0800ad50   0x00000002   Code   RO          439    i.PendSV_Handler    stm32f4xx_it.o
    0x0800ad52   0x0800ad52   0x00000094   Code   RO         2577    i.SPI_EndRxTransaction  stm32f4xx_hal_spi.o
    0x0800ade6   0x0800ade6   0x00000002   PAD
    0x0800ade8   0x0800ade8   0x00000088   Code   RO         2578    i.SPI_EndRxTxTransaction  stm32f4xx_hal_spi.o
    0x0800ae70   0x0800ae70   0x000000d8   Code   RO         2583    i.SPI_WaitFlagStateUntilTimeout  stm32f4xx_hal_spi.o
    0x0800af48   0x0800af48   0x00000002   Code   RO          440    i.SVC_Handler       stm32f4xx_it.o
    0x0800af4a   0x0800af4a   0x00000008   Code   RO          441    i.SysTick_Handler   stm32f4xx_it.o
    0x0800af52   0x0800af52   0x00000002   PAD
    0x0800af54   0x0800af54   0x000000b0   Code   RO           14    i.SystemClock_Config  main.o
    0x0800b004   0x0800b004   0x00000020   Code   RO         3225    i.SystemInit        system_stm32f4xx.o
    0x0800b024   0x0800b024   0x00000012   Code   RO         2894    i.UART_DMAAbortOnError  stm32f4xx_hal_uart.o
    0x0800b036   0x0800b036   0x0000006c   Code   RO         2904    i.UART_EndRxTransfer  stm32f4xx_hal_uart.o
    0x0800b0a2   0x0800b0a2   0x00000020   Code   RO         2905    i.UART_EndTransmit_IT  stm32f4xx_hal_uart.o
    0x0800b0c2   0x0800b0c2   0x000000fc   Code   RO         2907    i.UART_Receive_IT   stm32f4xx_hal_uart.o
    0x0800b1be   0x0800b1be   0x00000002   PAD
    0x0800b1c0   0x0800b1c0   0x0000022c   Code   RO         2908    i.UART_SetConfig    stm32f4xx_hal_uart.o
    0x0800b3ec   0x0800b3ec   0x00000060   Code   RO         2911    i.UART_Transmit_IT  stm32f4xx_hal_uart.o
    0x0800b44c   0x0800b44c   0x0000008c   Code   RO         2912    i.UART_WaitOnFlagUntilTimeout  stm32f4xx_hal_uart.o
    0x0800b4d8   0x0800b4d8   0x00000010   Code   RO          442    i.USART1_IRQHandler  stm32f4xx_it.o
    0x0800b4e8   0x0800b4e8   0x00000004   Code   RO          443    i.UsageFault_Handler  stm32f4xx_it.o
    0x0800b4ec   0x0800b4ec   0x00000064   Code   RO         3303    i.W24C02_WriteBytes  int_w24c02.o
    0x0800b550   0x0800b550   0x0000004c   Code   RO         3345    i.W25Q128_EraseSector  int_w25q128.o
    0x0800b59c   0x0800b59c   0x00000018   Code   RO         3346    i.W25Q128_ReadByte  int_w25q128.o
    0x0800b5b4   0x0800b5b4   0x00000014   Code   RO         3350    i.W25Q128_Start     int_w25q128.o
    0x0800b5c8   0x0800b5c8   0x00000014   Code   RO         3351    i.W25Q128_Stop      int_w25q128.o
    0x0800b5dc   0x0800b5dc   0x00000022   Code   RO         3352    i.W25Q128_WaitBusy  int_w25q128.o
    0x0800b5fe   0x0800b5fe   0x00000002   PAD
    0x0800b600   0x0800b600   0x00000014   Code   RO         3353    i.W25Q128_WriteByte  int_w25q128.o
    0x0800b614   0x0800b614   0x0000007c   Code   RO         3354    i.W25Q128_WriteData  int_w25q128.o
    0x0800b690   0x0800b690   0x00000020   Code   RO         3708    i.__0printf$8       mc_w.l(printf8.o)
    0x0800b6b0   0x0800b6b0   0x00000010   Code   RO         1579    i.__NVIC_GetPriorityGrouping  stm32f4xx_hal_cortex.o
    0x0800b6c0   0x0800b6c0   0x00000028   Code   RO         1580    i.__NVIC_SetPriority  stm32f4xx_hal_cortex.o
    0x0800b6e8   0x0800b6e8   0x0000000e   Code   RO         3804    i.__scatterload_copy  mc_w.l(handlers.o)
    0x0800b6f6   0x0800b6f6   0x00000002   Code   RO         3805    i.__scatterload_null  mc_w.l(handlers.o)
    0x0800b6f8   0x0800b6f8   0x0000000e   Code   RO         3806    i.__scatterload_zeroinit  mc_w.l(handlers.o)
    0x0800b706   0x0800b706   0x00000002   PAD
    0x0800b708   0x0800b708   0x00000404   Code   RO         3715    i._printf_core      mc_w.l(printf8.o)
    0x0800bb0c   0x0800bb0c   0x00000024   Code   RO         3716    i._printf_post_padding  mc_w.l(printf8.o)
    0x0800bb30   0x0800bb30   0x0000002e   Code   RO         3717    i._printf_pre_padding  mc_w.l(printf8.o)
    0x0800bb5e   0x0800bb5e   0x00000002   PAD
    0x0800bb60   0x0800bb60   0x000000f4   Code   RO         3428    i.do_crc_check      app_update.o
    0x0800bc54   0x0800bc54   0x000000f8   Code   RO         3429    i.do_receive_data   app_update.o
    0x0800bd4c   0x0800bd4c   0x00000068   Code   RO         3430    i.do_send_cmd       app_update.o
    0x0800bdb4   0x0800bdb4   0x00000184   Code   RO         3431    i.do_write_storage  app_update.o
    0x0800bf38   0x0800bf38   0x0000001c   Code   RO          389    i.fputc             usart.o
    0x0800bf54   0x0800bf54   0x0000002e   Code   RO           15    i.main              main.o
    0x0800bf82   0x0800bf82   0x00000018   Data   RO         3226    .constdata          system_stm32f4xx.o
    0x0800bf9a   0x0800bf9a   0x00000002   PAD
    0x0800bf9c   0x0800bf9c   0x00000020   Data   RO         3802    Region$$Table       anon$$obj.o


    Execution Region RW_IRAM1 (Exec base: 0x20000000, Load base: 0x0800bfbc, Size: 0x000045b8, Max: 0x0001c000, ABSOLUTE)

    Exec Addr    Load Addr    Size         Type   Attr      Idx    E Section Name        Object

    0x20000000   0x0800bfbc   0x00000008   Data   RW          263    .data               crc.o
    0x20000008   0x0800bfc4   0x00000009   Data   RW         1743    .data               stm32f4xx_hal.o
    0x20000011   0x0800bfcd   0x00000003   PAD
    0x20000014   0x0800bfd0   0x00000004   Data   RW         3227    .data               system_stm32f4xx.o
    0x20000018   0x0800bfd4   0x0000000c   Data   RW         3433    .data               app_update.o
    0x20000024   0x0800bfe0   0x00000004   Data   RW         3778    .data               mc_w.l(stdout.o)
    0x20000028        -       0x00000028   Zero   RW          221    .bss                can.o
    0x20000050        -       0x00000054   Zero   RW          305    .bss                i2c.o
    0x200000a4        -       0x00000058   Zero   RW          347    .bss                spi.o
    0x200000fc        -       0x00000048   Zero   RW          390    .bss                usart.o
    0x20000144        -       0x00004070   Zero   RW         3432    .bss                app_update.o
    0x200041b4   0x0800bfe4   0x00000004   PAD
    0x200041b8        -       0x00000400   Zero   RW            1    STACK               startup_stm32f407xx.o


    Execution Region RW_IRAM2 (Exec base: 0x2001c000, Load base: 0x0800bfe4, Size: 0x00000000, Max: 0x00004000, ABSOLUTE)

    **** No section assigned to this execution region ****


==============================================================================

Image component sizes


      Code (inc. data)   RO Data    RW Data    ZI Data      Debug   Object Name

      1184        418          0         12      16496      36242   app_update.o
       236         22          0          0         40       1737   can.o
        84         18          0          8          0       1511   crc.o
       316         16          0          0          0       1107   gpio.o
       196         26          0          0         84       1681   i2c.o
       196         16          0          0          0       2739   int_can2.o
       100          4          0          0          0       1080   int_w24c02.o
       318         20          0          0          0       4368   int_w25q128.o
       228          8          0          0          0     687644   main.o
       204         22          0          0         88       1693   spi.o
        36          8        392          0       1024        840   startup_stm32f407xx.o
       212         36          0          9          0       9437   stm32f4xx_hal.o
      1582          4          0          0          0       6643   stm32f4xx_hal_can.o
       312         22          0          0          0      34371   stm32f4xx_hal_cortex.o
        84          0          0          0          0       1851   stm32f4xx_hal_crc.o
       212          0          0          0          0       1967   stm32f4xx_hal_dma.o
       512         46          0          0          0       2128   stm32f4xx_hal_gpio.o
      1750         30          0          0          0       8479   stm32f4xx_hal_i2c.o
        72          4          0          0          0        870   stm32f4xx_hal_msp.o
      1820         84          0          0          0       5668   stm32f4xx_hal_rcc.o
      2116         12          0          0          0       7854   stm32f4xx_hal_spi.o
      2294         14          0          0          0      11676   stm32f4xx_hal_uart.o
        50          6          0          0          0       4774   stm32f4xx_it.o
        32         10         24          4          0       1239   system_stm32f4xx.o
       236         28          0          0         72       2334   usart.o

    ----------------------------------------------------------------------
     14398        874        450         36      17808     839933   Object Totals
         0          0         32          0          0          0   (incl. Generated)
        16          0          2          3          4          0   (incl. Padding)

    ----------------------------------------------------------------------

      Code (inc. data)   RO Data    RW Data    ZI Data      Debug   Library Member Name

         0          0          0          0          0          0   entry.o
         0          0          0          0          0          0   entry10a.o
         0          0          0          0          0          0   entry11a.o
         4          0          0          0          0          0   entry12b.o
         8          4          0          0          0          0   entry2.o
         4          0          0          0          0          0   entry5.o
         0          0          0          0          0          0   entry7b.o
         0          0          0          0          0          0   entry8b.o
         8          4          0          0          0          0   entry9a.o
        30          0          0          0          0          0   handlers.o
        36          8          0          0          0         68   init.o
        30          0          0          0          0         68   llshl.o
        32          0          0          0          0         68   llushr.o
        36          0          0          0          0         68   memcpya.o
        36          0          0          0          0        108   memseta.o
      1142         54          0          0          0        352   printf8.o
         0          0          0          4          0          0   stdout.o
        98          0          0          0          0         92   uldiv.o

    ----------------------------------------------------------------------
      1468         70          0          4          0        824   Library Totals
         4          0          0          0          0          0   (incl. Padding)

    ----------------------------------------------------------------------

      Code (inc. data)   RO Data    RW Data    ZI Data      Debug   Library Name

      1464         70          0          4          0        824   mc_w.l

    ----------------------------------------------------------------------
      1468         70          0          4          0        824   Library Totals

    ----------------------------------------------------------------------

==============================================================================


      Code (inc. data)   RO Data    RW Data    ZI Data      Debug   

     15866        944        450         40      17808     830897   Grand Totals
     15866        944        450         40      17808     830897   ELF Image Totals
     15866        944        450         40          0          0   ROM Totals

==============================================================================

    Total RO  Size (Code + RO Data)                16316 (  15.93kB)
    Total RW  Size (RW Data + ZI Data)             17848 (  17.43kB)
    Total ROM Size (Code + RO Data + RW Data)      16356 (  15.97kB)

==============================================================================

