Component: ARM Compiler 5.06 update 7 (build 960) Tool: armlink [4d3601]

==============================================================================

Section Cross References

    startup_stm32f103xb.o(STACK) refers (Special) to heapauxi.o(.text) for __use_two_region_memory
    startup_stm32f103xb.o(HEAP) refers (Special) to heapauxi.o(.text) for __use_two_region_memory
    startup_stm32f103xb.o(RESET) refers (Special) to heapauxi.o(.text) for __use_two_region_memory
    startup_stm32f103xb.o(RESET) refers to startup_stm32f103xb.o(STACK) for __initial_sp
    startup_stm32f103xb.o(RESET) refers to startup_stm32f103xb.o(.text) for Reset_Handler
    startup_stm32f103xb.o(RESET) refers to stm32f1xx_it.o(i.NMI_Handler) for NMI_Handler
    startup_stm32f103xb.o(RESET) refers to stm32f1xx_it.o(i.HardFault_Handler) for HardFault_Handler
    startup_stm32f103xb.o(RESET) refers to stm32f1xx_it.o(i.MemManage_Handler) for MemManage_Handler
    startup_stm32f103xb.o(RESET) refers to stm32f1xx_it.o(i.BusFault_Handler) for BusFault_Handler
    startup_stm32f103xb.o(RESET) refers to stm32f1xx_it.o(i.UsageFault_Handler) for UsageFault_Handler
    startup_stm32f103xb.o(RESET) refers to port.o(.emb_text) for SVC_Handler
    startup_stm32f103xb.o(RESET) refers to stm32f1xx_it.o(i.DebugMon_Handler) for DebugMon_Handler
    startup_stm32f103xb.o(RESET) refers to stm32f1xx_it.o(i.SysTick_Handler) for SysTick_Handler
    startup_stm32f103xb.o(RESET) refers to stm32f1xx_it.o(i.EXTI2_IRQHandler) for EXTI2_IRQHandler
    startup_stm32f103xb.o(RESET) refers to stm32f1xx_it.o(i.DMA1_Channel4_IRQHandler) for DMA1_Channel4_IRQHandler
    startup_stm32f103xb.o(RESET) refers to stm32f1xx_it.o(i.TIM3_IRQHandler) for TIM3_IRQHandler
    startup_stm32f103xb.o(RESET) refers to stm32f1xx_it.o(i.USART1_IRQHandler) for USART1_IRQHandler
    startup_stm32f103xb.o(.text) refers (Special) to heapauxi.o(.text) for __use_two_region_memory
    startup_stm32f103xb.o(.text) refers to system_stm32f1xx.o(i.SystemInit) for SystemInit
    startup_stm32f103xb.o(.text) refers to __main.o(!!!main) for __main
    startup_stm32f103xb.o(.text) refers to startup_stm32f103xb.o(HEAP) for Heap_Mem
    startup_stm32f103xb.o(.text) refers to startup_stm32f103xb.o(STACK) for Stack_Mem
    main.o(i.BMS_Task) refers to tasks.o(i.xTaskGetTickCount) for xTaskGetTickCount
    main.o(i.BMS_Task) refers to tasks.o(i.ulTaskGenericNotifyTake) for ulTaskGenericNotifyTake
    main.o(i.BMS_Task) refers to queue.o(i.xQueueSemaphoreTake) for xQueueSemaphoreTake
    main.o(i.BMS_Task) refers to bq76940.o(i.BQ76940_ReadAlerts) for BQ76940_ReadAlerts
    main.o(i.BMS_Task) refers to bq76940.o(i.BQ76940_ProtectionCheck) for BQ76940_ProtectionCheck
    main.o(i.BMS_Task) refers to bq76940.o(i.BQ76940_CommCheck) for BQ76940_CommCheck
    main.o(i.BMS_Task) refers to bq76940.o(i.BQ76940_UpdateAll) for BQ76940_UpdateAll
    main.o(i.BMS_Task) refers to bms_soc.o(i.SOC_Update) for SOC_Update
    main.o(i.BMS_Task) refers to bms_soc.o(i.SOC_GetState) for SOC_GetState
    main.o(i.BMS_Task) refers to queue.o(i.xQueueGenericSend) for xQueueGenericSend
    main.o(i.BMS_Task) refers to main.o(.data) for xI2CMutex
    main.o(i.BMS_Task) refers to bq76940.o(.data) for g_bq_alert_flag
    main.o(i.BMS_Task) refers to bq76940.o(.bss) for bms_data
    main.o(i.HAL_TIM_PeriodElapsedCallback) refers to stm32f1xx_hal.o(i.HAL_IncTick) for HAL_IncTick
    main.o(i.SystemClock_Config) refers to rt_memclr_w.o(.text) for __aeabi_memclr4
    main.o(i.SystemClock_Config) refers to stm32f1xx_hal_rcc.o(i.HAL_RCC_OscConfig) for HAL_RCC_OscConfig
    main.o(i.SystemClock_Config) refers to main.o(i.Error_Handler) for Error_Handler
    main.o(i.SystemClock_Config) refers to stm32f1xx_hal_rcc.o(i.HAL_RCC_ClockConfig) for HAL_RCC_ClockConfig
    main.o(i.UART_Task) refers to queue.o(i.xQueueSemaphoreTake) for xQueueSemaphoreTake
    main.o(i.UART_Task) refers to usart.o(i.UART_CmdProcess) for UART_CmdProcess
    main.o(i.UART_Task) refers to queue.o(i.xQueueGenericSend) for xQueueGenericSend
    main.o(i.UART_Task) refers to tasks.o(i.vTaskDelay) for vTaskDelay
    main.o(i.UART_Task) refers to main.o(.data) for xI2CMutex
    main.o(i.main) refers to stm32f1xx_hal.o(i.HAL_Init) for HAL_Init
    main.o(i.main) refers to main.o(i.SystemClock_Config) for SystemClock_Config
    main.o(i.main) refers to gpio.o(i.MX_GPIO_Init) for MX_GPIO_Init
    main.o(i.main) refers to dma.o(i.MX_DMA_Init) for MX_DMA_Init
    main.o(i.main) refers to usart.o(i.MX_USART1_UART_Init) for MX_USART1_UART_Init
    main.o(i.main) refers to iwdg.o(i.MX_IWDG_Init) for MX_IWDG_Init
    main.o(i.main) refers to sw_i2c.o(i.SW_I2C_Init) for SW_I2C_Init
    main.o(i.main) refers to bq76940.o(i.BQ76940_Init) for BQ76940_Init
    main.o(i.main) refers to bms_soc.o(i.SOC_Init) for SOC_Init
    main.o(i.main) refers to usart.o(i.UART_StartReceive) for UART_StartReceive
    main.o(i.main) refers to usart.o(i.UART_DMA_Init) for UART_DMA_Init
[...]
    __rt_lib_init_heap_1                     0x08000185   Thumb Code     0  libinit2.o(.ARM.Collect$$libinit$$0000000A)
    __rt_lib_init_lc_common                  0x08000185   Thumb Code     0  libinit2.o(.ARM.Collect$$libinit$$0000000F)
    __rt_lib_init_preinit_1                  0x08000185   Thumb Code     0  libinit2.o(.ARM.Collect$$libinit$$00000004)
    __rt_lib_init_rand_1                     0x08000185   Thumb Code     0  libinit2.o(.ARM.Collect$$libinit$$0000000E)
    __rt_lib_init_user_alloc_1               0x08000185   Thumb Code     0  libinit2.o(.ARM.Collect$$libinit$$0000000C)
    __rt_lib_init_lc_collate_1               0x0800018b   Thumb Code     0  libinit2.o(.ARM.Collect$$libinit$$00000011)
    __rt_lib_init_lc_ctype_2                 0x0800018b   Thumb Code     0  libinit2.o(.ARM.Collect$$libinit$$00000012)
    __rt_lib_init_lc_ctype_1                 0x08000197   Thumb Code     0  libinit2.o(.ARM.Collect$$libinit$$00000013)
    __rt_lib_init_lc_monetary_1              0x08000197   Thumb Code     0  libinit2.o(.ARM.Collect$$libinit$$00000015)
    __rt_lib_init_lc_numeric_2               0x08000197   Thumb Code     0  libinit2.o(.ARM.Collect$$libinit$$00000016)
    __rt_lib_init_alloca_1                   0x080001a1   Thumb Code     0  libinit2.o(.ARM.Collect$$libinit$$0000002E)
    __rt_lib_init_argv_1                     0x080001a1   Thumb Code     0  libinit2.o(.ARM.Collect$$libinit$$0000002C)
    __rt_lib_init_atexit_1                   0x080001a1   Thumb Code     0  libinit2.o(.ARM.Collect$$libinit$$0000001B)
    __rt_lib_init_clock_1                    0x080001a1   Thumb Code     0  libinit2.o(.ARM.Collect$$libinit$$00000021)
    __rt_lib_init_cpp_1                      0x080001a1   Thumb Code     0  libinit2.o(.ARM.Collect$$libinit$$00000032)
    __rt_lib_init_exceptions_1               0x080001a1   Thumb Code     0  libinit2.o(.ARM.Collect$$libinit$$00000030)
    __rt_lib_init_fp_trap_1                  0x080001a1   Thumb Code     0  libinit2.o(.ARM.Collect$$libinit$$0000001F)
    __rt_lib_init_getenv_1                   0x080001a1   Thumb Code     0  libinit2.o(.ARM.Collect$$libinit$$00000023)
    __rt_lib_init_lc_numeric_1               0x080001a1   Thumb Code     0  libinit2.o(.ARM.Collect$$libinit$$00000017)
    __rt_lib_init_lc_time_1                  0x080001a1   Thumb Code     0  libinit2.o(.ARM.Collect$$libinit$$00000019)
    __rt_lib_init_return                     0x080001a1   Thumb Code     0  libinit2.o(.ARM.Collect$$libinit$$00000033)
    __rt_lib_init_signal_1                   0x080001a1   Thumb Code     0  libinit2.o(.ARM.Collect$$libinit$$0000001D)
    __rt_lib_init_stdio_1                    0x080001a1   Thumb Code     0  libinit2.o(.ARM.Collect$$libinit$$00000025)
    __rt_lib_shutdown                        0x080001a3   Thumb Code     0  libshutdown.o(.ARM.Collect$$libshutdown$$00000000)
    __rt_lib_shutdown_cpp_1                  0x080001a5   Thumb Code     0  libshutdown2.o(.ARM.Collect$$libshutdown$$00000004)
    __rt_lib_shutdown_fini_1                 0x080001a5   Thumb Code     0  libshutdown2.o(.ARM.Collect$$libshutdown$$00000002)
    __rt_lib_shutdown_fp_trap_1              0x080001a5   Thumb Code     0  libshutdown2.o(.ARM.Collect$$libshutdown$$00000009)
    __rt_lib_shutdown_heap_1                 0x080001a5   Thumb Code     0  libshutdown2.o(.ARM.Collect$$libshutdown$$00000011)
    __rt_lib_shutdown_return                 0x080001a5   Thumb Code     0  libshutdown2.o(.ARM.Collect$$libshutdown$$00000012)
    __rt_lib_shutdown_signal_1               0x080001a5   Thumb Code     0  libshutdown2.o(.ARM.Collect$$libshutdown$$0000000C)
    __rt_lib_shutdown_stdio_1                0x080001a5   Thumb Code     0  libshutdown2.o(.ARM.Collect$$libshutdown$$00000006)
    __rt_lib_shutdown_user_alloc_1           0x080001a5   Thumb Code     0  libshutdown2.o(.ARM.Collect$$libshutdown$$0000000E)
    __rt_entry                               0x080001a7   Thumb Code     0  __rtentry.o(.ARM.Collect$$rtentry$$00000000)
    __rt_entry_presh_1                       0x080001a7   Thumb Code     0  __rtentry2.o(.ARM.Collect$$rtentry$$00000002)
    __rt_entry_sh                            0x080001a7   Thumb Code     0  __rtentry4.o(.ARM.Collect$$rtentry$$00000004)
    __rt_entry_li                            0x080001ad   Thumb Code     0  __rtentry2.o(.ARM.Collect$$rtentry$$0000000A)
    __rt_entry_postsh_1                      0x080001ad   Thumb Code     0  __rtentry2.o(.ARM.Collect$$rtentry$$00000009)
    __rt_entry_main                          0x080001b1   Thumb Code     0  __rtentry2.o(.ARM.Collect$$rtentry$$0000000D)
    __rt_entry_postli_1                      0x080001b1   Thumb Code     0  __rtentry2.o(.ARM.Collect$$rtentry$$0000000C)
    __rt_exit                                0x080001b9   Thumb Code     0  rtexit.o(.ARM.Collect$$rtexit$$00000000)
    __rt_exit_ls                             0x080001bb   Thumb Code     0  rtexit2.o(.ARM.Collect$$rtexit$$00000003)
    __rt_exit_prels_1                        0x080001bb   Thumb Code     0  rtexit2.o(.ARM.Collect$$rtexit$$00000002)
    __rt_exit_exit                           0x080001bf   Thumb Code     0  rtexit2.o(.ARM.Collect$$rtexit$$00000004)
    SVC_Handler                              0x080001c5   Thumb Code    32  port.o(.emb_text)
    __asm___6_port_c_39a90d8d__prvStartFirstTask 0x080001e9   Thumb Code    28  port.o(.emb_text)
    PendSV_Handler                           0x08000209   Thumb Code    72  port.o(.emb_text)
    vPortGetIPSR                             0x08000255   Thumb Code     6  port.o(.emb_text)
    Reset_Handler                            0x0800025d   Thumb Code     8  startup_stm32f103xb.o(.text)
    ADC1_2_IRQHandler                        0x08000277   Thumb Code     0  startup_stm32f103xb.o(.text)
    CAN1_RX1_IRQHandler                      0x08000277   Thumb Code     0  startup_stm32f103xb.o(.text)
    CAN1_SCE_IRQHandler                      0x08000277   Thumb Code     0  startup_stm32f103xb.o(.text)
    DMA1_Channel1_IRQHandler                 0x08000277   Thumb Code     0  startup_stm32f103xb.o(.text)
    DMA1_Channel2_IRQHandler                 0x08000277   Thumb Code     0  startup_stm32f103xb.o(.text)
    DMA1_Channel3_IRQHandler                 0x08000277   Thumb Code     0  startup_stm32f103xb.o(.text)
    DMA1_Channel5_IRQHandler                 0x08000277   Thumb Code     0  startup_stm32f103xb.o(.text)
    DMA1_Channel6_IRQHandler                 0x08000277   Thumb Code     0  startup_stm32f103xb.o(.text)
    DMA1_Channel7_IRQHandler                 0x08000277   Thumb Code     0  startup_stm32f103xb.o(.text)
    EXTI0_IRQHandler                         0x08000277   Thumb Code     0  startup_stm32f103xb.o(.text)
    EXTI15_10_IRQHandler                     0x08000277   Thumb Code     0  startup_stm32f103xb.o(.text)
    EXTI1_IRQHandler                         0x08000277   Thumb Code     0  startup_stm32f103xb.o(.text)
    EXTI3_IRQHandler                         0x08000277   Thumb Code     0  startup_stm32f103xb.o(.text)
    EXTI4_IRQHandler                         0x08000277   Thumb Code     0  startup_stm32f103xb.o(.text)
    EXTI9_5_IRQHandler                       0x08000277   Thumb Code     0  startup_stm32f103xb.o(.text)
    FLASH_IRQHandler                         0x08000277   Thumb Code     0  startup_stm32f103xb.o(.text)
    I2C1_ER_IRQHandler                       0x08000277   Thumb Code     0  startup_stm32f103xb.o(.text)
    I2C1_EV_IRQHandler                       0x08000277   Thumb Code     0  startup_stm32f103xb.o(.text)
    I2C2_ER_IRQHandler                       0x08000277   Thumb Code     0  startup_stm32f103xb.o(.text)
    I2C2_EV_IRQHandler                       0x08000277   Thumb Code     0  startup_stm32f103xb.o(.text)
    PVD_IRQHandler                           0x08000277   Thumb Code     0  startup_stm32f103xb.o(.text)
    RCC_IRQHandler                           0x08000277   Thumb Code     0  startup_stm32f103xb.o(.text)
    RTC_Alarm_IRQHandler                     0x08000277   Thumb Code     0  startup_stm32f103xb.o(.text)
    RTC_IRQHandler                           0x08000277   Thumb Code     0  startup_stm32f103xb.o(.text)
    SPI1_IRQHandler                          0x08000277   Thumb Code     0  startup_stm32f103xb.o(.text)
    SPI2_IRQHandler                          0x08000277   Thumb Code     0  startup_stm32f103xb.o(.text)
    TAMPER_IRQHandler                        0x08000277   Thumb Code     0  startup_stm32f103xb.o(.text)
    TIM1_BRK_IRQHandler                      0x08000277   Thumb Code     0  startup_stm32f103xb.o(.text)
    TIM1_CC_IRQHandler                       0x08000277   Thumb Code     0  startup_stm32f103xb.o(.text)
    TIM1_TRG_COM_IRQHandler                  0x08000277   Thumb Code     0  startup_stm32f103xb.o(.text)
    TIM1_UP_IRQHandler                       0x08000277   Thumb Code     0  startup_stm32f103xb.o(.text)
    TIM2_IRQHandler                          0x08000277   Thumb Code     0  startup_stm32f103xb.o(.text)
    TIM4_IRQHandler                          0x08000277   Thumb Code     0  startup_stm32f103xb.o(.text)
    USART2_IRQHandler                        0x08000277   Thumb Code     0  startup_stm32f103xb.o(.text)
    USART3_IRQHandler                        0x08000277   Thumb Code     0  startup_stm32f103xb.o(.text)
    USBWakeUp_IRQHandler                     0x08000277   Thumb Code     0  startup_stm32f103xb.o(.text)
    USB_HP_CAN1_TX_IRQHandler                0x08000277   Thumb Code     0  startup_stm32f103xb.o(.text)
    USB_LP_CAN1_RX0_IRQHandler               0x08000277   Thumb Code     0  startup_stm32f103xb.o(.text)
    WWDG_IRQHandler                          0x08000277   Thumb Code     0  startup_stm32f103xb.o(.text)
    __user_initial_stackheap                 0x08000279   Thumb Code     0  startup_stm32f103xb.o(.text)
    __aeabi_llsr                             0x0800029d   Thumb Code     0  llushr.o(.text)
    _ll_ushift_r                             0x0800029d   Thumb Code    38  llushr.o(.text)
    __2snprintf                              0x080002c5   Thumb Code    50  __2snprintf.o(.text)
    _printf_pre_padding                      0x080002fd   Thumb Code    44  _printf_pad.o(.text)
    _printf_post_padding                     0x08000329   Thumb Code    34  _printf_pad.o(.text)
    _printf_str                              0x0800034b   Thumb Code    82  _printf_str.o(.text)
    _printf_int_dec                          0x0800039d   Thumb Code   104  _printf_dec.o(.text)
    _printf_int_hex                          0x08000415   Thumb Code    84  _printf_hex_int.o(.text)
    _printf_longlong_hex                     0x08000415   Thumb Code     0  _printf_hex_int.o(.text)
    __printf                                 0x0800046d   Thumb Code   308  __printf_flags_wp.o(.text)
    atoi                                     0x080005a5   Thumb Code    26  atoi.o(.text)
    strtol                                   0x080005bf   Thumb Code   112  strtol.o(.text)
    strncat                                  0x0800062f   Thumb Code    36  strncat.o(.text)
    strlen                                   0x08000653   Thumb Code    62  strlen.o(.text)
    strncmp                                  0x08000691   Thumb Code   150  strncmp.o(.text)
    __aeabi_memcpy                           0x08000727   Thumb Code     0  rt_memcpy_v6.o(.text)
    __rt_memcpy                              0x08000727   Thumb Code   138  rt_memcpy_v6.o(.text)
    _memcpy_lastbytes                        0x0800078d   Thumb Code     0  rt_memcpy_v6.o(.text)
    __aeabi_memcpy4                          0x080007b1   Thumb Code     0  rt_memcpy_w.o(.text)
    __aeabi_memcpy8                          0x080007b1   Thumb Code     0  rt_memcpy_w.o(.text)
    __rt_memcpy_w                            0x080007b1   Thumb Code   100  rt_memcpy_w.o(.text)
    _memcpy_lastbytes_aligned                0x080007f9   Thumb Code     0  rt_memcpy_w.o(.text)
    __aeabi_memclr4                          0x08000815   Thumb Code     0  rt_memclr_w.o(.text)
    __aeabi_memclr8                          0x08000815   Thumb Code     0  rt_memclr_w.o(.text)
    __rt_memclr_w                            0x08000815   Thumb Code    78  rt_memclr_w.o(.text)
    _memset_w                                0x08000819   Thumb Code     0  rt_memclr_w.o(.text)
    strcmp                                   0x08000865   Thumb Code   128  strcmpv7m.o(.text)
    __use_two_region_memory                  0x080008e5   Thumb Code     2  heapauxi.o(.text)
    __rt_heap_escrow$2region                 0x080008e7   Thumb Code     2  heapauxi.o(.text)
    __rt_heap_expand$2region                 0x080008e9   Thumb Code     2  heapauxi.o(.text)
    __rt_ctype_table                         0x080008ed   Thumb Code    16  rt_ctype_table.o(.text)
    __aeabi_errno_addr                       0x080008fd   Thumb Code     8  rt_errno_addr_intlibspace.o(.text)
    __errno$intlibspace                      0x080008fd   Thumb Code     0  rt_errno_addr_intlibspace.o(.text)
    __rt_errno_addr$intlibspace              0x080008fd   Thumb Code     0  rt_errno_addr_intlibspace.o(.text)
    __read_errno                             0x08000905   Thumb Code    10  _rserrno.o(.text)
    __set_errno                              0x0800090f   Thumb Code    12  _rserrno.o(.text)
    _printf_int_common                       0x0800091b   Thumb Code   178  _printf_intcommon.o(.text)
    __lib_sel_fp_printf                      0x080009cd   Thumb Code     2  _printf_fp_dec.o(.text)
    _printf_fp_dec_real                      0x08000b7f   Thumb Code   620  _printf_fp_dec.o(.text)
    _printf_char_common                      0x08000df7   Thumb Code    32  _printf_char_common.o(.text)
    _sputc                                   0x08000e1d   Thumb Code    10  _sputc.o(.text)
    _snputc                                  0x08000e27   Thumb Code    16  _snputc.o(.text)
    _printf_cs_common                        0x08000e37   Thumb Code    20  _printf_char.o(.text)
    _printf_char                             0x08000e4b   Thumb Code    16  _printf_char.o(.text)
    _printf_string                           0x08000e5b   Thumb Code     8  _printf_char.o(.text)
    _strtoul                                 0x08000e63   Thumb Code   158  _strtoul.o(.text)
    __user_libspace                          0x08000f01   Thumb Code     8  libspace.o(.text)
    __user_perproc_libspace                  0x08000f01   Thumb Code     0  libspace.o(.text)
    __user_perthread_libspace                0x08000f01   Thumb Code     0  libspace.o(.text)
    __rt_locale                              0x08000f09   Thumb Code     8  rt_locale_intlibspace.o(.text)
    _ll_udiv10                               0x08000f11   Thumb Code   138  lludiv10.o(.text)
    _printf_fp_infnan                        0x08000f9d   Thumb Code   112  _printf_fp_infnan.o(.text)
    _chval                                   0x0800101d   Thumb Code    28  _chval.o(.text)
    _btod_etento                             0x08001039   Thumb Code   224  bigflt0.o(.text)
    __user_setup_stackheap                   0x0800111d   Thumb Code    74  sys_stackheap_outer.o(.text)
    exit                                     0x08001167   Thumb Code    18  exit.o(.text)
    _sys_exit                                0x08001179   Thumb Code     8  sys_exit.o(.text)
    __I$use$semihosting                      0x08001185   Thumb Code     0  use_no_semi.o(.text)
    __use_no_semihosting_swi                 0x08001185   Thumb Code     2  use_no_semi.o(.text)
    __semihosting_library_function           0x08001187   Thumb Code     0  indicate_semi.o(.text)
    _btod_d2e                                0x08001187   Thumb Code    62  btod.o(CL$$btod_d2e)
    _d2e_denorm_low                          0x080011c5   Thumb Code    70  btod.o(CL$$btod_d2e_denorm_low)
    _d2e_norm_op1                            0x0800120b   Thumb Code    96  btod.o(CL$$btod_d2e_norm_op1)
    __btod_div_common                        0x0800126b   Thumb Code   696  btod.o(CL$$btod_div_common)
    _e2e                                     0x080015a3   Thumb Code   220  btod.o(CL$$btod_e2e)
    _btod_ediv                               0x0800167f   Thumb Code    42  btod.o(CL$$btod_ediv)
    _btod_emul                               0x080016a9   Thumb Code    42  btod.o(CL$$btod_emul)
    __btod_mult_common                       0x080016d3   Thumb Code   580  btod.o(CL$$btod_mult_common)
    BQ76940_AlertCallback                    0x08001d3d   Thumb Code    58  bq76940.o(i.BQ76940_AlertCallback)
    BQ76940_ClearBalance                     0x08001d85   Thumb Code    10  bq76940.o(i.BQ76940_ClearBalance)
    BQ76940_CloseAll                         0x08001d8f   Thumb Code    12  bq76940.o(i.BQ76940_CloseAll)
    BQ76940_CloseCHG                         0x08001d9d   Thumb Code    34  bq76940.o(i.BQ76940_CloseCHG)
    BQ76940_CloseDSG                         0x08001dc5   Thumb Code    34  bq76940.o(i.BQ76940_CloseDSG)
    BQ76940_CommCheck                        0x08001ded   Thumb Code    64  bq76940.o(i.BQ76940_CommCheck)
    BQ76940_CommHealthReset                  0x08001e39   Thumb Code    18  bq76940.o(i.BQ76940_CommHealthReset)
    BQ76940_GetBalanceMask                   0x08001e9d   Thumb Code    54  bq76940.o(i.BQ76940_GetBalanceMask)
    BQ76940_Init                             0x08001ed9   Thumb Code   340  bq76940.o(i.BQ76940_Init)
    BQ76940_OpenAll                          0x08002055   Thumb Code    20  bq76940.o(i.BQ76940_OpenAll)
    BQ76940_OpenCHG                          0x08002069   Thumb Code    42  bq76940.o(i.BQ76940_OpenCHG)
    BQ76940_OpenDSG                          0x08002099   Thumb Code    42  bq76940.o(i.BQ76940_OpenDSG)
    BQ76940_PrintData                        0x080020c9   Thumb Code   808  bq76940.o(i.BQ76940_PrintData)
    BQ76940_ProtectionCheck                  0x080025d1   Thumb Code    20  bq76940.o(i.BQ76940_ProtectionCheck)
    BQ76940_ReadAlerts                       0x080025e5   Thumb Code    38  bq76940.o(i.BQ76940_ReadAlerts)
    BQ76940_ReadAllCells                     0x08002611   Thumb Code   148  bq76940.o(i.BQ76940_ReadAllCells)
    BQ76940_ReadCurrent                      0x080026a9   Thumb Code   244  bq76940.o(i.BQ76940_ReadCurrent)
    BQ76940_ReadTemp                         0x080027b1   Thumb Code   298  bq76940.o(i.BQ76940_ReadTemp)
    BQ76940_SetAlertTask                     0x080028f9   Thumb Code     6  bq76940.o(i.BQ76940_SetAlertTask)
    BQ76940_SetBalance                       0x08002905   Thumb Code    56  bq76940.o(i.BQ76940_SetBalance)
    BQ76940_UpdateAll                        0x08002941   Thumb Code   110  bq76940.o(i.BQ76940_UpdateAll)
    BusFault_Handler                         0x08002fcf   Thumb Code     4  stm32f1xx_it.o(i.BusFault_Handler)
    DMA1_Channel4_IRQHandler                 0x08003019   Thumb Code    10  stm32f1xx_it.o(i.DMA1_Channel4_IRQHandler)
    DebugMon_Handler                         0x08003055   Thumb Code     2  stm32f1xx_it.o(i.DebugMon_Handler)
    EXTI2_IRQHandler                         0x08003057   Thumb Code    10  stm32f1xx_it.o(i.EXTI2_IRQHandler)
    Error_Handler                            0x08003061   Thumb Code     6  main.o(i.Error_Handler)
    FLASH_PageErase                          0x08003091   Thumb Code    32  stm32f1xx_hal_flash_ex.o(i.FLASH_PageErase)
    FLASH_WaitForLastOperation               0x0800315d   Thumb Code   106  stm32f1xx_hal_flash.o(i.FLASH_WaitForLastOperation)
    HAL_DMA_Abort                            0x080031cd   Thumb Code    86  stm32f1xx_hal_dma.o(i.HAL_DMA_Abort)
    HAL_DMA_Abort_IT                         0x08003225   Thumb Code   172  stm32f1xx_hal_dma.o(i.HAL_DMA_Abort_IT)
    HAL_DMA_IRQHandler                       0x080032d5   Thumb Code   408  stm32f1xx_hal_dma.o(i.HAL_DMA_IRQHandler)
    HAL_DMA_Init                             0x08003471   Thumb Code   100  stm32f1xx_hal_dma.o(i.HAL_DMA_Init)
    HAL_DMA_Start_IT                         0x080034d9   Thumb Code   156  stm32f1xx_hal_dma.o(i.HAL_DMA_Start_IT)
    HAL_Delay                                0x08003575   Thumb Code    36  stm32f1xx_hal.o(i.HAL_Delay)
    HAL_FLASHEx_Erase                        0x0800359d   Thumb Code   168  stm32f1xx_hal_flash_ex.o(i.HAL_FLASHEx_Erase)
    HAL_FLASH_Lock                           0x0800364d   Thumb Code    16  stm32f1xx_hal_flash.o(i.HAL_FLASH_Lock)
    HAL_FLASH_Program                        0x08003661   Thumb Code   168  stm32f1xx_hal_flash.o(i.HAL_FLASH_Program)
    HAL_FLASH_Unlock                         0x08003711   Thumb Code    36  stm32f1xx_hal_flash.o(i.HAL_FLASH_Unlock)
    HAL_GPIO_EXTI_Callback                   0x08003741   Thumb Code    14  bq76940.o(i.HAL_GPIO_EXTI_Callback)
    HAL_GPIO_EXTI_IRQHandler                 0x08003751   Thumb Code    24  stm32f1xx_hal_gpio.o(i.HAL_GPIO_EXTI_IRQHandler)
    HAL_GPIO_Init                            0x0800376d   Thumb Code   766  stm32f1xx_hal_gpio.o(i.HAL_GPIO_Init)
    HAL_GPIO_ReadPin                         0x08003a8d   Thumb Code    16  stm32f1xx_hal_gpio.o(i.HAL_GPIO_ReadPin)
    HAL_GPIO_WritePin                        0x08003a9d   Thumb Code    12  stm32f1xx_hal_gpio.o(i.HAL_GPIO_WritePin)
    HAL_GetTick                              0x08003aa9   Thumb Code     6  stm32f1xx_hal.o(i.HAL_GetTick)
    HAL_IWDG_Init                            0x08003ab5   Thumb Code    98  stm32f1xx_hal_iwdg.o(i.HAL_IWDG_Init)
    HAL_IWDG_Refresh                         0x08003b17   Thumb Code    14  stm32f1xx_hal_iwdg.o(i.HAL_IWDG_Refresh)
    HAL_IncTick                              0x08003b25   Thumb Code    16  stm32f1xx_hal.o(i.HAL_IncTick)
    HAL_Init                                 0x08003b3d   Thumb Code    34  stm32f1xx_hal.o(i.HAL_Init)
    HAL_InitTick                             0x08003b65   Thumb Code   158  stm32f1xx_hal_timebase_tim.o(i.HAL_InitTick)
    HAL_MspInit                              0x08003c19   Thumb Code    76  stm32f1xx_hal_msp.o(i.HAL_MspInit)
    HAL_NVIC_EnableIRQ                       0x08003c6d   Thumb Code    32  stm32f1xx_hal_cortex.o(i.HAL_NVIC_EnableIRQ)
    HAL_NVIC_SetPriority                     0x08003c8d   Thumb Code   124  stm32f1xx_hal_cortex.o(i.HAL_NVIC_SetPriority)
    HAL_NVIC_SetPriorityGrouping             0x08003d09   Thumb Code    32  stm32f1xx_hal_cortex.o(i.HAL_NVIC_SetPriorityGrouping)
    HAL_RCC_ClockConfig                      0x08003d31   Thumb Code   376  stm32f1xx_hal_rcc.o(i.HAL_RCC_ClockConfig)
    HAL_RCC_GetClockConfig                   0x08003ebd   Thumb Code    58  stm32f1xx_hal_rcc.o(i.HAL_RCC_GetClockConfig)
    HAL_RCC_GetHCLKFreq                      0x08003f01   Thumb Code     6  stm32f1xx_hal_rcc.o(i.HAL_RCC_GetHCLKFreq)
    HAL_RCC_GetPCLK1Freq                     0x08003f0d   Thumb Code    22  stm32f1xx_hal_rcc.o(i.HAL_RCC_GetPCLK1Freq)
    HAL_RCC_GetPCLK2Freq                     0x08003f2d   Thumb Code    22  stm32f1xx_hal_rcc.o(i.HAL_RCC_GetPCLK2Freq)
    HAL_RCC_GetSysClockFreq                  0x08003f4d   Thumb Code    92  stm32f1xx_hal_rcc.o(i.HAL_RCC_GetSysClockFreq)
    HAL_RCC_OscConfig                        0x08003fbd   Thumb Code  1114  stm32f1xx_hal_rcc.o(i.HAL_RCC_OscConfig)
    HAL_TIMEx_BreakCallback                  0x08004421   Thumb Code     2  stm32f1xx_hal_tim_ex.o(i.HAL_TIMEx_BreakCallback)
    HAL_TIMEx_CommutCallback                 0x08004423   Thumb Code     2  stm32f1xx_hal_tim_ex.o(i.HAL_TIMEx_CommutCallback)
    HAL_TIM_Base_Init                        0x08004425   Thumb Code   102  stm32f1xx_hal_tim.o(i.HAL_TIM_Base_Init)
    HAL_TIM_Base_MspInit                     0x0800448b   Thumb Code     2  stm32f1xx_hal_tim.o(i.HAL_TIM_Base_MspInit)
    HAL_TIM_Base_Start_IT                    0x0800448d   Thumb Code   106  stm32f1xx_hal_tim.o(i.HAL_TIM_Base_Start_IT)
    HAL_TIM_IC_CaptureCallback               0x08004505   Thumb Code     2  stm32f1xx_hal_tim.o(i.HAL_TIM_IC_CaptureCallback)
    HAL_TIM_IRQHandler                       0x08004507   Thumb Code   364  stm32f1xx_hal_tim.o(i.HAL_TIM_IRQHandler)
    HAL_TIM_OC_DelayElapsedCallback          0x08004673   Thumb Code     2  stm32f1xx_hal_tim.o(i.HAL_TIM_OC_DelayElapsedCallback)
    HAL_TIM_PWM_PulseFinishedCallback        0x08004675   Thumb Code     2  stm32f1xx_hal_tim.o(i.HAL_TIM_PWM_PulseFinishedCallback)
    HAL_TIM_PeriodElapsedCallback            0x08004679   Thumb Code    18  main.o(i.HAL_TIM_PeriodElapsedCallback)
    HAL_TIM_TriggerCallback                  0x08004691   Thumb Code     2  stm32f1xx_hal_tim.o(i.HAL_TIM_TriggerCallback)
    HAL_UARTEx_RxEventCallback               0x08004693   Thumb Code     2  stm32f1xx_hal_uart.o(i.HAL_UARTEx_RxEventCallback)
    HAL_UART_ErrorCallback                   0x08004695   Thumb Code     2  stm32f1xx_hal_uart.o(i.HAL_UART_ErrorCallback)
    HAL_UART_IRQHandler                      0x08004699   Thumb Code   736  stm32f1xx_hal_uart.o(i.HAL_UART_IRQHandler)
    HAL_UART_Init                            0x0800497d   Thumb Code   118  stm32f1xx_hal_uart.o(i.HAL_UART_Init)
    HAL_UART_MspInit                         0x080049f5   Thumb Code   188  usart.o(i.HAL_UART_MspInit)
    HAL_UART_Receive_IT                      0x08004ac5   Thumb Code    44  stm32f1xx_hal_uart.o(i.HAL_UART_Receive_IT)
    HAL_UART_RxCpltCallback                  0x08004af1   Thumb Code   104  usart.o(i.HAL_UART_RxCpltCallback)
    HAL_UART_Transmit_DMA                    0x08004b71   Thumb Code   128  stm32f1xx_hal_uart.o(i.HAL_UART_Transmit_DMA)
    HAL_UART_TxCpltCallback                  0x08004bfd   Thumb Code    54  usart.o(i.HAL_UART_TxCpltCallback)
    HAL_UART_TxHalfCpltCallback              0x08004c41   Thumb Code     2  stm32f1xx_hal_uart.o(i.HAL_UART_TxHalfCpltCallback)
    HardFault_Handler                        0x08004c43   Thumb Code     4  stm32f1xx_it.o(i.HardFault_Handler)
    MX_DMA_Init                              0x08004c55   Thumb Code    48  dma.o(i.MX_DMA_Init)
    MX_GPIO_Init                             0x08004c89   Thumb Code   234  gpio.o(i.MX_GPIO_Init)
    MX_IWDG_Init                             0x08004d85   Thumb Code    32  iwdg.o(i.MX_IWDG_Init)
    MX_USART1_UART_Init                      0x08004dad   Thumb Code    46  usart.o(i.MX_USART1_UART_Init)
    MemManage_Handler                        0x08004de5   Thumb Code     4  stm32f1xx_it.o(i.MemManage_Handler)
    NMI_Handler                              0x08004de9   Thumb Code     4  stm32f1xx_it.o(i.NMI_Handler)
    SOC_GetState                             0x08004e15   Thumb Code     4  bms_soc.o(i.SOC_GetState)
    SOC_Init                                 0x08004e1d   Thumb Code   176  bms_soc.o(i.SOC_Init)
    SOC_OcvLookup                            0x08004edd   Thumb Code    36  bms_soc.o(i.SOC_OcvLookup)
    SOC_SaveToFlash                          0x08004f05   Thumb Code   118  bms_soc.o(i.SOC_SaveToFlash)
    SOC_Update                               0x08004f89   Thumb Code   626  bms_soc.o(i.SOC_Update)
    SW_I2C_Init                              0x08005225   Thumb Code   104  sw_i2c.o(i.SW_I2C_Init)
    SW_I2C_NAck                              0x08005295   Thumb Code    64  sw_i2c.o(i.SW_I2C_NAck)
    SW_I2C_ReceiveByte                       0x080052d9   Thumb Code    94  sw_i2c.o(i.SW_I2C_ReceiveByte)
    SW_I2C_SendByte                          0x0800533d   Thumb Code   100  sw_i2c.o(i.SW_I2C_SendByte)
    SW_I2C_Start                             0x080053a5   Thumb Code    94  sw_i2c.o(i.SW_I2C_Start)
    SW_I2C_Stop                              0x08005409   Thumb Code    64  sw_i2c.o(i.SW_I2C_Stop)
    SW_I2C_WaitAck                           0x0800544d   Thumb Code    90  sw_i2c.o(i.SW_I2C_WaitAck)
    SysTick_Handler                          0x080054ad   Thumb Code    16  stm32f1xx_it.o(i.SysTick_Handler)
    SystemClock_Config                       0x080054bd   Thumb Code   106  main.o(i.SystemClock_Config)
    SystemInit                               0x08005527   Thumb Code     2  system_stm32f1xx.o(i.SystemInit)
    TIM3_IRQHandler                          0x08005529   Thumb Code    10  stm32f1xx_it.o(i.TIM3_IRQHandler)
    TIM_Base_SetConfig                       0x08005539   Thumb Code   120  stm32f1xx_hal_tim.o(i.TIM_Base_SetConfig)
    UART_CmdProcess                          0x080055bd   Thumb Code    22  usart.o(i.UART_CmdProcess)
    UART_DMA_Init                            0x080056a9   Thumb Code    18  usart.o(i.UART_DMA_Init)
    UART_DMA_Send                            0x080056c1   Thumb Code    36  usart.o(i.UART_DMA_Send)
    UART_StartReceive                        0x08005999   Thumb Code    14  usart.o(i.UART_StartReceive)
    UART_Start_Receive_IT                    0x080059b1   Thumb Code    64  stm32f1xx_hal_uart.o(i.UART_Start_Receive_IT)
    USART1_IRQHandler                        0x08005a7d   Thumb Code    10  stm32f1xx_it.o(i.USART1_IRQHandler)
    UsageFault_Handler                       0x08005a8d   Thumb Code     4  stm32f1xx_it.o(i.UsageFault_Handler)
    __ARM_fpclassify                         0x08005a91   Thumb Code    40  fpclassify.o(i.__ARM_fpclassify)
    __mathlib_flt_divzero                    0x08005af1   Thumb Code    10  funder.o(i.__mathlib_flt_divzero)
    __mathlib_flt_infnan                     0x08005afb   Thumb Code     6  funder.o(i.__mathlib_flt_infnan)
    __mathlib_flt_invalid                    0x08005b01   Thumb Code     8  funder.o(i.__mathlib_flt_invalid)
    _is_digit                                0x08005b09   Thumb Code    14  __printf_wp.o(i._is_digit)
    __mathlib_logf                           0x08005b99   Thumb Code     0  logf.o(i.logf)
    logf                                     0x08005b99   Thumb Code   362  logf.o(i.logf)
    main                                     0x08005d29   Thumb Code   142  main.o(i.main)
    pvPortMalloc                             0x08006405   Thumb Code   280  heap_4.o(i.pvPortMalloc)
    pvTaskIncrementMutexHeldCount            0x08006531   Thumb Code    26  tasks.o(i.pvTaskIncrementMutexHeldCount)
    pxPortInitialiseStack                    0x08006551   Thumb Code    30  port.o(i.pxPortInitialiseStack)
    ulTaskGenericNotifyTake                  0x08006575   Thumb Code   160  tasks.o(i.ulTaskGenericNotifyTake)
    uxListRemove                             0x0800661d   Thumb Code    40  list.o(i.uxListRemove)
    uxTaskGetNumberOfTasks                   0x08006645   Thumb Code     6  tasks.o(i.uxTaskGetNumberOfTasks)
    vApplicationIdleHook                     0x08006651   Thumb Code    12  main.o(i.vApplicationIdleHook)
    vListInitialise                          0x08006661   Thumb Code    26  list.o(i.vListInitialise)
    vListInitialiseItem                      0x0800667b   Thumb Code     6  list.o(i.vListInitialiseItem)
    vListInsert                              0x08006681   Thumb Code    52  list.o(i.vListInsert)
    vPortEnterCritical                       0x080066b5   Thumb Code    76  port.o(i.vPortEnterCritical)
    vPortExitCritical                        0x08006709   Thumb Code    56  port.o(i.vPortExitCritical)
    vPortFree                                0x08006745   Thumb Code   132  heap_4.o(i.vPortFree)
    vPortSetupTimerInterrupt                 0x080067d1   Thumb Code    20  port.o(i.vPortSetupTimerInterrupt)
    vPortValidateInterruptPriority           0x080067e9   Thumb Code   106  port.o(i.vPortValidateInterruptPriority)
    vTaskDelay                               0x08006861   Thumb Code    82  tasks.o(i.vTaskDelay)
    vTaskGenericNotifyGiveFromISR            0x080068bd   Thumb Code   372  tasks.o(i.vTaskGenericNotifyGiveFromISR)
    vTaskInternalSetTimeOutState             0x08006a49   Thumb Code    14  tasks.o(i.vTaskInternalSetTimeOutState)
    vTaskMissedYield                         0x08006a61   Thumb Code     8  tasks.o(i.vTaskMissedYield)
    vTaskPlaceOnEventList                    0x08006a6d   Thumb Code    52  tasks.o(i.vTaskPlaceOnEventList)
    vTaskPriorityDisinheritAfterTimeout      0x08006aa5   Thumb Code   268  tasks.o(i.vTaskPriorityDisinheritAfterTimeout)
    vTaskStartScheduler                      0x08006bbd   Thumb Code   112  tasks.o(i.vTaskStartScheduler)
    vTaskSuspendAll                          0x08006c4d   Thumb Code    12  tasks.o(i.vTaskSuspendAll)
    vTaskSwitchContext                       0x08006c5d   Thumb Code   118  tasks.o(i.vTaskSwitchContext)
    xPortStartScheduler                      0x08006ce9   Thumb Code   186  port.o(i.xPortStartScheduler)
    xPortSysTickHandler                      0x08006db9   Thumb Code    46  port.o(i.xPortSysTickHandler)
    xQueueCreateMutex                        0x08006ded   Thumb Code    34  queue.o(i.xQueueCreateMutex)
    xQueueGenericCreate                      0x08006e0f   Thumb Code   102  queue.o(i.xQueueGenericCreate)
    xQueueGenericReset                       0x08006e75   Thumb Code   214  queue.o(i.xQueueGenericReset)
    xQueueGenericSend                        0x08006f51   Thumb Code   420  queue.o(i.xQueueGenericSend)
    xQueueGiveFromISR                        0x080070f9   Thumb Code   272  queue.o(i.xQueueGiveFromISR)
    xQueueSemaphoreTake                      0x08007209   Thumb Code   398  queue.o(i.xQueueSemaphoreTake)
    xTaskCheckForTimeOut                     0x0800739d   Thumb Code   136  tasks.o(i.xTaskCheckForTimeOut)
    xTaskCreate                              0x0800742d   Thumb Code   104  tasks.o(i.xTaskCreate)
    xTaskGetSchedulerState                   0x08007495   Thumb Code    24  tasks.o(i.xTaskGetSchedulerState)
    xTaskGetTickCount                        0x080074b5   Thumb Code     6  tasks.o(i.xTaskGetTickCount)
    xTaskIncrementTick                       0x080074c1   Thumb Code   398  tasks.o(i.xTaskIncrementTick)
    xTaskPriorityDisinherit                  0x0800767d   Thumb Code   226  tasks.o(i.xTaskPriorityDisinherit)
    xTaskPriorityInherit                     0x0800776d   Thumb Code   224  tasks.o(i.xTaskPriorityInherit)
    xTaskRemoveFromEventList                 0x08007859   Thumb Code   264  tasks.o(i.xTaskRemoveFromEventList)
    xTaskResumeAll                           0x08007979   Thumb Code   338  tasks.o(i.xTaskResumeAll)
    _get_lc_ctype                            0x08007af1   Thumb Code    44  lc_ctype_c.o(locale$$code)
    _get_lc_numeric                          0x08007b1d   Thumb Code    44  lc_numeric_c.o(locale$$code)
    __fpl_dretinf                            0x08007b49   Thumb Code    12  dretinf.o(x$fpl$dretinf)
    __aeabi_f2d                              0x08007b55   Thumb Code     0  f2d.o(x$fpl$f2d)
    _f2d                                     0x08007b55   Thumb Code    86  f2d.o(x$fpl$f2d)
    __aeabi_fadd                             0x08007bad   Thumb Code     0  faddsub_clz.o(x$fpl$fadd)
    _fadd                                    0x08007bad   Thumb Code   196  faddsub_clz.o(x$fpl$fadd)
    __fpl_fcheck_NaN1                        0x08007c71   Thumb Code     6  fcheck1.o(x$fpl$fcheck1)
    __fpl_fcmp_Inf                           0x08007c7d   Thumb Code    24  fcmpi.o(x$fpl$fcmpinf)
    __aeabi_fdiv                             0x08007c95   Thumb Code     0  fdiv.o(x$fpl$fdiv)
    _fdiv                                    0x08007c95   Thumb Code   384  fdiv.o(x$fpl$fdiv)
    __aeabi_cfcmpeq                          0x08007e19   Thumb Code     0  feqf.o(x$fpl$feqf)
    _fcmpeq                                  0x08007e19   Thumb Code   104  feqf.o(x$fpl$feqf)
    __aeabi_f2iz                             0x08007e81   Thumb Code     0  ffix.o(x$fpl$ffix)
    _ffix                                    0x08007e81   Thumb Code    54  ffix.o(x$fpl$ffix)
    __aeabi_f2uiz                            0x08007eb9   Thumb Code     0  ffixu.o(x$fpl$ffixu)
    _ffixu                                   0x08007eb9   Thumb Code    62  ffixu.o(x$fpl$ffixu)
    __aeabi_i2f                              0x08007ef9   Thumb Code     0  fflt_clz.o(x$fpl$fflt)
    _fflt                                    0x08007ef9   Thumb Code    48  fflt_clz.o(x$fpl$fflt)
    __aeabi_ui2f                             0x08007f29   Thumb Code     0  fflt_clz.o(x$fpl$ffltu)
    _ffltu                                   0x08007f29   Thumb Code    38  fflt_clz.o(x$fpl$ffltu)
    __aeabi_cfcmple                          0x08007f51   Thumb Code     0  fleqf.o(x$fpl$fleqf)
    _fcmple                                  0x08007f51   Thumb Code   104  fleqf.o(x$fpl$fleqf)
    __fpl_fcmple_InfNaN                      0x08007fa3   Thumb Code     0  fleqf.o(x$fpl$fleqf)
    __aeabi_fmul                             0x08007fb9   Thumb Code     0  fmul.o(x$fpl$fmul)
    _fmul                                    0x08007fb9   Thumb Code   258  fmul.o(x$fpl$fmul)
    __fpl_fnaninf                            0x080080bb   Thumb Code   140  fnaninf.o(x$fpl$fnaninf)
    __fpl_fretinf                            0x08008147   Thumb Code    10  fretinf.o(x$fpl$fretinf)
    __aeabi_cfrcmple                         0x08008151   Thumb Code     0  frleqf.o(x$fpl$frleqf)
    _frcmple                                 0x08008151   Thumb Code    98  frleqf.o(x$fpl$frleqf)
    __aeabi_fsub                             0x080081b5   Thumb Code     0  faddsub_clz.o(x$fpl$fsub)
    _fsub                                    0x080081b5   Thumb Code   234  faddsub_clz.o(x$fpl$fsub)
    _printf_fp_dec                           0x0800829f   Thumb Code     4  printf1.o(x$fpl$printf1)
    __fpl_return_NaN                         0x080082a3   Thumb Code   100  retnan.o(x$fpl$retnan)
    __ARM_scalbnf                            0x08008307   Thumb Code    76  scalbnf.o(x$fpl$scalbnf)
    __fpl_cmpreturn                          0x08008353   Thumb Code    48  trapv.o(x$fpl$trapveneer)
    __I$use$fp                               0x08008382   Number         0  usenofp.o(x$fpl$usenofp)
    AHBPrescTable                            0x08008394   Data          16  system_stm32f1xx.o(.constdata)
    APBPrescTable                            0x080083a4   Data           8  system_stm32f1xx.o(.constdata)
    Region$$Table$$Base                      0x0800861c   Number         0  anon$$obj.o(Region$$Table)
    Region$$Table$$Limit                     0x0800863c   Number         0  anon$$obj.o(Region$$Table)
    __ctype                                  0x08008649   Data           0  lc_ctype_c.o(locale$$data)
    xI2CMutex                                0x20000008   Data           4  main.o(.data)
    pxCurrentTCB                             0x20000014   Data           4  tasks.o(.data)
    uxTopUsedPriority                        0x2000004c   Data           4  tasks.o(.data)
    uwTick                                   0x2000007c   Data           4  stm32f1xx_hal.o(.data)
    uwTickPrio                               0x20000080   Data           4  stm32f1xx_hal.o(.data)
    uwTickFreq                               0x20000084   Data           1  stm32f1xx_hal.o(.data)
    SystemCoreClock                          0x20000088   Data           4  system_stm32f1xx.o(.data)
    g_bq_alert_flag                          0x2000008c   Data           1  bq76940.o(.data)
    hiwdg                                    0x200000b0   Data          12  iwdg.o(.bss)
    huart1                                   0x200000ec   Data          72  usart.o(.bss)
    hdma_usart1_tx                           0x20000134   Data          68  usart.o(.bss)
    htim3                                    0x20000178   Data          72  stm32f1xx_hal_timebase_tim.o(.bss)
    pFlash                                   0x20002a88   Data          32  stm32f1xx_hal_flash.o(.bss)
    bms_data                                 0x20002aa8   Data         204  bq76940.o(.bss)
    __libspace_start                         0x20002cd8   Data          96  libspace.o(.bss)
    __temporary_stack_top$libspace           0x20002d38   Data           0  libspace.o(.bss)



==============================================================================

Memory Map of the image

  Image Entry point : 0x080000ed

  Load Region LR_IROM1 (Base: 0x08000000, Size: 0x00008818, Max: 0x00010000, ABSOLUTE)

    Execution Region ER_IROM1 (Exec base: 0x08000000, Load base: 0x08000000, Size: 0x00008768, Max: 0x00010000, ABSOLUTE)

    Exec Addr    Load Addr    Size         Type   Attr      Idx    E Section Name        Object

    0x08000000   0x08000000   0x000000ec   Data   RO            3    RESET               startup_stm32f103xb.o
    0x080000ec   0x080000ec   0x00000008   Code   RO         4434  * !!!main             c_w.l(__main.o)
    0x080000f4   0x080000f4   0x00000034   Code   RO         4742    !!!scatter          c_w.l(__scatter.o)
    0x08000128   0x08000128   0x0000001a   Code   RO         4744    !!handler_copy      c_w.l(__scatter_copy.o)
    0x08000142   0x08000142   0x00000002   PAD
    0x08000144   0x08000144   0x0000001c   Code   RO         4746    !!handler_zi        c_w.l(__scatter_zi.o)
    0x08000160   0x08000160   0x00000000   Code   RO         4409    .ARM.Collect$$_printf_percent$$00000000  c_w.l(_printf_percent.o)
    0x08000160   0x08000160   0x00000006   Code   RO         4408    .ARM.Collect$$_printf_percent$$00000003  c_w.l(_printf_f.o)
    0x08000166   0x08000166   0x00000006   Code   RO         4406    .ARM.Collect$$_printf_percent$$00000009  c_w.l(_printf_d.o)
    0x0800016c   0x0800016c   0x00000006   Code   RO         4407    .ARM.Collect$$_printf_percent$$0000000A  c_w.l(_printf_u.o)
    0x08000172   0x08000172   0x00000006   Code   RO         4405    .ARM.Collect$$_printf_percent$$0000000C  c_w.l(_printf_x.o)
    0x08000178   0x08000178   0x00000006   Code   RO         4404    .ARM.Collect$$_printf_percent$$00000014  c_w.l(_printf_s.o)
    0x0800017e   0x0800017e   0x00000004   Code   RO         4504    .ARM.Collect$$_printf_percent$$00000017  c_w.l(_printf_percent_end.o)
    0x08000182   0x08000182   0x00000002   Code   RO         4609    .ARM.Collect$$libinit$$00000000  c_w.l(libinit.o)
    0x08000184   0x08000184   0x00000000   Code   RO         4611    .ARM.Collect$$libinit$$00000002  c_w.l(libinit2.o)
    0x08000184   0x08000184   0x00000000   Code   RO         4613    .ARM.Collect$$libinit$$00000004  c_w.l(libinit2.o)
    0x08000184   0x08000184   0x00000000   Code   RO         4616    .ARM.Collect$$libinit$$0000000A  c_w.l(libinit2.o)
    0x08000184   0x08000184   0x00000000   Code   RO         4618    .ARM.Collect$$libinit$$0000000C  c_w.l(libinit2.o)
    0x08000184   0x08000184   0x00000000   Code   RO         4620    .ARM.Collect$$libinit$$0000000E  c_w.l(libinit2.o)
    0x08000184   0x08000184   0x00000006   Code   RO         4621    .ARM.Collect$$libinit$$0000000F  c_w.l(libinit2.o)
    0x0800018a   0x0800018a   0x00000000   Code   RO         4623    .ARM.Collect$$libinit$$00000011  c_w.l(libinit2.o)
    0x0800018a   0x0800018a   0x0000000c   Code   RO         4624    .ARM.Collect$$libinit$$00000012  c_w.l(libinit2.o)
    0x08000196   0x08000196   0x00000000   Code   RO         4625    .ARM.Collect$$libinit$$00000013  c_w.l(libinit2.o)
    0x08000196   0x08000196   0x00000000   Code   RO         4627    .ARM.Collect$$libinit$$00000015  c_w.l(libinit2.o)
    0x08000196   0x08000196   0x0000000a   Code   RO         4628    .ARM.Collect$$libinit$$00000016  c_w.l(libinit2.o)
    0x080001a0   0x080001a0   0x00000000   Code   RO         4629    .ARM.Collect$$libinit$$00000017  c_w.l(libinit2.o)
    0x080001a0   0x080001a0   0x00000000   Code   RO         4631    .ARM.Collect$$libinit$$00000019  c_w.l(libinit2.o)
    0x080001a0   0x080001a0   0x00000000   Code   RO         4633    .ARM.Collect$$libinit$$0000001B  c_w.l(libinit2.o)
    0x080001a0   0x080001a0   0x00000000   Code   RO         4635    .ARM.Collect$$libinit$$0000001D  c_w.l(libinit2.o)
    0x080001a0   0x080001a0   0x00000000   Code   RO         4637    .ARM.Collect$$libinit$$0000001F  c_w.l(libinit2.o)
    0x080001a0   0x080001a0   0x00000000   Code   RO         4639    .ARM.Collect$$libinit$$00000021  c_w.l(libinit2.o)
    0x080001a0   0x080001a0   0x00000000   Code   RO         4641    .ARM.Collect$$libinit$$00000023  c_w.l(libinit2.o)
    0x080001a0   0x080001a0   0x00000000   Code   RO         4643    .ARM.Collect$$libinit$$00000025  c_w.l(libinit2.o)
    0x080001a0   0x080001a0   0x00000000   Code   RO         4647    .ARM.Collect$$libinit$$0000002C  c_w.l(libinit2.o)
    0x080001a0   0x080001a0   0x00000000   Code   RO         4649    .ARM.Collect$$libinit$$0000002E  c_w.l(libinit2.o)
    0x080001a0   0x080001a0   0x00000000   Code   RO         4651    .ARM.Collect$$libinit$$00000030  c_w.l(libinit2.o)
    0x080001a0   0x080001a0   0x00000000   Code   RO         4653    .ARM.Collect$$libinit$$00000032  c_w.l(libinit2.o)
    0x080001a0   0x080001a0   0x00000002   Code   RO         4654    .ARM.Collect$$libinit$$00000033  c_w.l(libinit2.o)
    0x080001a2   0x080001a2   0x00000002   Code   RO         4688    .ARM.Collect$$libshutdown$$00000000  c_w.l(libshutdown.o)
    0x080001a4   0x080001a4   0x00000000   Code   RO         4699    .ARM.Collect$$libshutdown$$00000002  c_w.l(libshutdown2.o)
    0x080001a4   0x080001a4   0x00000000   Code   RO         4701    .ARM.Collect$$libshutdown$$00000004  c_w.l(libshutdown2.o)
    0x080001a4   0x080001a4   0x00000000   Code   RO         4703    .ARM.Collect$$libshutdown$$00000006  c_w.l(libshutdown2.o)
    0x080001a4   0x080001a4   0x00000000   Code   RO         4706    .ARM.Collect$$libshutdown$$00000009  c_w.l(libshutdown2.o)
    0x080001a4   0x080001a4   0x00000000   Code   RO         4709    .ARM.Collect$$libshutdown$$0000000C  c_w.l(libshutdown2.o)
    0x080001a4   0x080001a4   0x00000000   Code   RO         4711    .ARM.Collect$$libshutdown$$0000000E  c_w.l(libshutdown2.o)
    0x080001a4   0x080001a4   0x00000000   Code   RO         4714    .ARM.Collect$$libshutdown$$00000011  c_w.l(libshutdown2.o)
    0x080001a4   0x080001a4   0x00000002   Code   RO         4715    .ARM.Collect$$libshutdown$$00000012  c_w.l(libshutdown2.o)
    0x080001a6   0x080001a6   0x00000000   Code   RO         4482    .ARM.Collect$$rtentry$$00000000  c_w.l(__rtentry.o)
    0x080001a6   0x080001a6   0x00000000   Code   RO         4536    .ARM.Collect$$rtentry$$00000002  c_w.l(__rtentry2.o)
    0x080001a6   0x080001a6   0x00000006   Code   RO         4548    .ARM.Collect$$rtentry$$00000004  c_w.l(__rtentry4.o)
    0x080001ac   0x080001ac   0x00000000   Code   RO         4538    .ARM.Collect$$rtentry$$00000009  c_w.l(__rtentry2.o)
    0x080001ac   0x080001ac   0x00000004   Code   RO         4539    .ARM.Collect$$rtentry$$0000000A  c_w.l(__rtentry2.o)
    0x080001b0   0x080001b0   0x00000000   Code   RO         4541    .ARM.Collect$$rtentry$$0000000C  c_w.l(__rtentry2.o)
    0x080001b0   0x080001b0   0x00000008   Code   RO         4542    .ARM.Collect$$rtentry$$0000000D  c_w.l(__rtentry2.o)
    0x080001b8   0x080001b8   0x00000002   Code   RO         4657    .ARM.Collect$$rtexit$$00000000  c_w.l(rtexit.o)
    0x080001ba   0x080001ba   0x00000000   Code   RO         4666    .ARM.Collect$$rtexit$$00000002  c_w.l(rtexit2.o)
    0x080001ba   0x080001ba   0x00000004   Code   RO         4667    .ARM.Collect$$rtexit$$00000003  c_w.l(rtexit2.o)
    0x080001be   0x080001be   0x00000006   Code   RO         4668    .ARM.Collect$$rtexit$$00000004  c_w.l(rtexit2.o)
    0x080001c4   0x080001c4   0x00000096   Code   RO         1314    .emb_text           port.o
    0x0800025a   0x0800025a   0x00000002   PAD
    0x0800025c   0x0800025c   0x00000040   Code   RO            4    .text               startup_stm32f103xb.o
    0x0800029c   0x0800029c   0x00000026   Code   RO         4349    .text               c_w.l(llushr.o)
    0x080002c2   0x080002c2   0x00000002   PAD
    0x080002c4   0x080002c4   0x00000038   Code   RO         4351    .text               c_w.l(__2snprintf.o)
    0x080002fc   0x080002fc   0x0000004e   Code   RO         4357    .text               c_w.l(_printf_pad.o)
    0x0800034a   0x0800034a   0x00000052   Code   RO         4359    .text               c_w.l(_printf_str.o)
    0x0800039c   0x0800039c   0x00000078   Code   RO         4361    .text               c_w.l(_printf_dec.o)
    0x08000414   0x08000414   0x00000058   Code   RO         4366    .text               c_w.l(_printf_hex_int.o)
    0x0800046c   0x0800046c   0x00000138   Code   RO         4396    .text               c_w.l(__printf_flags_wp.o)
    0x080005a4   0x080005a4   0x0000001a   Code   RO         4410    .text               c_w.l(atoi.o)
    0x080005be   0x080005be   0x00000070   Code   RO         4412    .text               c_w.l(strtol.o)
    0x0800062e   0x0800062e   0x00000024   Code   RO         4414    .text               c_w.l(strncat.o)
    0x08000652   0x08000652   0x0000003e   Code   RO         4416    .text               c_w.l(strlen.o)
    0x08000690   0x08000690   0x00000096   Code   RO         4418    .text               c_w.l(strncmp.o)
    0x08000726   0x08000726   0x0000008a   Code   RO         4420    .text               c_w.l(rt_memcpy_v6.o)
    0x080007b0   0x080007b0   0x00000064   Code   RO         4422    .text               c_w.l(rt_memcpy_w.o)
    0x08000814   0x08000814   0x0000004e   Code   RO         4428    .text               c_w.l(rt_memclr_w.o)
    0x08000862   0x08000862   0x00000002   PAD
    0x08000864   0x08000864   0x00000080   Code   RO         4430    .text               c_w.l(strcmpv7m.o)
    0x080008e4   0x080008e4   0x00000006   Code   RO         4432    .text               c_w.l(heapauxi.o)
    0x080008ea   0x080008ea   0x00000002   PAD
    0x080008ec   0x080008ec   0x00000010   Code   RO         4483    .text               c_w.l(rt_ctype_table.o)
    0x080008fc   0x080008fc   0x00000008   Code   RO         4488    .text               c_w.l(rt_errno_addr_intlibspace.o)
    0x08000904   0x08000904   0x00000016   Code   RO         4490    .text               c_w.l(_rserrno.o)
    0x0800091a   0x0800091a   0x000000b2   Code   RO         4492    .text               c_w.l(_printf_intcommon.o)
    0x080009cc   0x080009cc   0x0000041e   Code   RO         4494    .text               c_w.l(_printf_fp_dec.o)
    0x08000dea   0x08000dea   0x00000002   PAD
    0x08000dec   0x08000dec   0x00000030   Code   RO         4496    .text               c_w.l(_printf_char_common.o)
    0x08000e1c   0x08000e1c   0x0000000a   Code   RO         4498    .text               c_w.l(_sputc.o)
    0x08000e26   0x08000e26   0x00000010   Code   RO         4500    .text               c_w.l(_snputc.o)
    0x08000e36   0x08000e36   0x0000002c   Code   RO         4502    .text               c_w.l(_printf_char.o)
    0x08000e62   0x08000e62   0x0000009e   Code   RO         4505    .text               c_w.l(_strtoul.o)
    0x08000f00   0x08000f00   0x00000008   Code   RO         4532    .text               c_w.l(libspace.o)
    0x08000f08   0x08000f08   0x00000008   Code   RO         4553    .text               c_w.l(rt_locale_intlibspace.o)
    0x08000f10   0x08000f10   0x0000008a   Code   RO         4555    .text               c_w.l(lludiv10.o)
    0x08000f9a   0x08000f9a   0x00000002   PAD
    0x08000f9c   0x08000f9c   0x00000080   Code   RO         4557    .text               c_w.l(_printf_fp_infnan.o)
    0x0800101c   0x0800101c   0x0000001c   Code   RO         4561    .text               c_w.l(_chval.o)
    0x08001038   0x08001038   0x000000e4   Code   RO         4563    .text               c_w.l(bigflt0.o)
    0x0800111c   0x0800111c   0x0000004a   Code   RO         4600    .text               c_w.l(sys_stackheap_outer.o)
    0x08001166   0x08001166   0x00000012   Code   RO         4602    .text               c_w.l(exit.o)
    0x08001178   0x08001178   0x0000000c   Code   RO         4678    .text               c_w.l(sys_exit.o)
    0x08001184   0x08001184   0x00000002   Code   RO         4689    .text               c_w.l(use_no_semi.o)
    0x08001186   0x08001186   0x00000000   Code   RO         4691    .text               c_w.l(indicate_semi.o)
    0x08001186   0x08001186   0x0000003e   Code   RO         4566    CL$$btod_d2e        c_w.l(btod.o)
    0x080011c4   0x080011c4   0x00000046   Code   RO         4568    CL$$btod_d2e_denorm_low  c_w.l(btod.o)
    0x0800120a   0x0800120a   0x00000060   Code   RO         4567    CL$$btod_d2e_norm_op1  c_w.l(btod.o)
    0x0800126a   0x0800126a   0x00000338   Code   RO         4576    CL$$btod_div_common  c_w.l(btod.o)
    0x080015a2   0x080015a2   0x000000dc   Code   RO         4573    CL$$btod_e2e        c_w.l(btod.o)
    0x0800167e   0x0800167e   0x0000002a   Code   RO         4570    CL$$btod_ediv       c_w.l(btod.o)
    0x080016a8   0x080016a8   0x0000002a   Code   RO         4569    CL$$btod_emul       c_w.l(btod.o)
    0x080016d2   0x080016d2   0x00000244   Code   RO         4575    CL$$btod_mult_common  c_w.l(btod.o)
    0x08001916   0x08001916   0x00000002   PAD
    0x08001918   0x08001918   0x00000380   Code   RO          300    i.BMS_ParseCmd      usart.o
    0x08001c98   0x08001c98   0x000000a4   Code   RO           13    i.BMS_Task          main.o
    0x08001d3c   0x08001d3c   0x00000048   Code   RO         3926    i.BQ76940_AlertCallback  bq76940.o
    0x08001d84   0x08001d84   0x0000000a   Code   RO         3927    i.BQ76940_ClearBalance  bq76940.o
    0x08001d8e   0x08001d8e   0x0000000c   Code   RO         3928    i.BQ76940_CloseAll  bq76940.o
    0x08001d9a   0x08001d9a   0x00000002   PAD
    0x08001d9c   0x08001d9c   0x00000028   Code   RO         3929    i.BQ76940_CloseCHG  bq76940.o
    0x08001dc4   0x08001dc4   0x00000028   Code   RO         3930    i.BQ76940_CloseDSG  bq76940.o
    0x08001dec   0x08001dec   0x0000004c   Code   RO         3931    i.BQ76940_CommCheck  bq76940.o
    0x08001e38   0x08001e38   0x00000020   Code   RO         3933    i.BQ76940_CommHealthReset  bq76940.o
    0x08001e58   0x08001e58   0x00000044   Code   RO         3934    i.BQ76940_CommRecord  bq76940.o
    0x08001e9c   0x08001e9c   0x0000003c   Code   RO         3935    i.BQ76940_GetBalanceMask  bq76940.o
    0x08001ed8   0x08001ed8   0x0000017c   Code   RO         3936    i.BQ76940_Init      bq76940.o
    0x08002054   0x08002054   0x00000014   Code   RO         3937    i.BQ76940_OpenAll   bq76940.o
    0x08002068   0x08002068   0x00000030   Code   RO         3938    i.BQ76940_OpenCHG   bq76940.o
    0x08002098   0x08002098   0x00000030   Code   RO         3939    i.BQ76940_OpenDSG   bq76940.o
    0x080020c8   0x080020c8   0x00000508   Code   RO         3940    i.BQ76940_PrintData  bq76940.o
    0x080025d0   0x080025d0   0x00000014   Code   RO         3941    i.BQ76940_ProtectionCheck  bq76940.o
    0x080025e4   0x080025e4   0x0000002c   Code   RO         3944    i.BQ76940_ReadAlerts  bq76940.o
    0x08002610   0x08002610   0x00000098   Code   RO         3945    i.BQ76940_ReadAllCells  bq76940.o
    0x080026a8   0x080026a8   0x00000108   Code   RO         3946    i.BQ76940_ReadCurrent  bq76940.o
    0x080027b0   0x080027b0   0x00000148   Code   RO         3947    i.BQ76940_ReadTemp  bq76940.o
    0x080028f8   0x080028f8   0x0000000c   Code   RO         3948    i.BQ76940_SetAlertTask  bq76940.o
    0x08002904   0x08002904   0x0000003c   Code   RO         3949    i.BQ76940_SetBalance  bq76940.o
    0x08002940   0x08002940   0x00000074   Code   RO         3950    i.BQ76940_UpdateAll  bq76940.o
    0x080029b4   0x080029b4   0x00000018   Code   RO         3952    i.BQ_AbsFloat       bq76940.o
    0x080029cc   0x080029cc   0x0000000e   Code   RO         3953    i.BQ_AbsInt         bq76940.o
    0x080029da   0x080029da   0x00000002   PAD
    0x080029dc   0x080029dc   0x00000030   Code   RO         3954    i.BQ_CellFilterReset  bq76940.o
    0x08002a0c   0x08002a0c   0x00000090   Code   RO         3955    i.BQ_CellFilterUpdate  bq76940.o
    0x08002a9c   0x08002a9c   0x0000005c   Code   RO         3956    i.BQ_CheckOC        bq76940.o
    0x08002af8   0x08002af8   0x00000064   Code   RO         3957    i.BQ_CheckOT        bq76940.o
    0x08002b5c   0x08002b5c   0x00000078   Code   RO         3958    i.BQ_CheckOV        bq76940.o
    0x08002bd4   0x08002bd4   0x00000074   Code   RO         3959    i.BQ_CheckUV        bq76940.o
    0x08002c48   0x08002c48   0x0000002a   Code   RO         3960    i.BQ_Delay          bq76940.o
    0x08002c72   0x08002c72   0x00000002   PAD
    0x08002c74   0x08002c74   0x000000e4   Code   RO         3961    i.BQ_FilterAndUpdateCell  bq76940.o
    0x08002d58   0x08002d58   0x0000001c   Code   RO         3962    i.BQ_IsCellVoltageValid  bq76940.o
    0x08002d74   0x08002d74   0x0000002c   Code   RO         3963    i.BQ_IsTempValid    bq76940.o
    0x08002da0   0x08002da0   0x00000040   Code   RO         3964    i.BQ_ReadCalibration  bq76940.o
    0x08002de0   0x08002de0   0x00000024   Code   RO         3965    i.BQ_ReadMosStatus  bq76940.o
    0x08002e04   0x08002e04   0x0000006e   Code   RO         3966    i.BQ_ReadReg        bq76940.o
    0x08002e72   0x08002e72   0x00000002   PAD
    0x08002e74   0x08002e74   0x0000002c   Code   RO         3967    i.BQ_TempFilterReset  bq76940.o
    0x08002ea0   0x08002ea0   0x000000a8   Code   RO         3968    i.BQ_TempFilterUpdate  bq76940.o
    0x08002f48   0x08002f48   0x00000086   Code   RO         3969    i.BQ_WriteReg       bq76940.o
    0x08002fce   0x08002fce   0x00000004   Code   RO          406    i.BusFault_Handler  stm32f1xx_it.o
    0x08002fd2   0x08002fd2   0x00000044   Code   RO         3970    i.CRC8              bq76940.o
    0x08003016   0x08003016   0x00000002   PAD
    0x08003018   0x08003018   0x00000010   Code   RO          407    i.DMA1_Channel4_IRQHandler  stm32f1xx_it.o
    0x08003028   0x08003028   0x0000002c   Code   RO         2893    i.DMA_SetConfig     stm32f1xx_hal_dma.o
    0x08003054   0x08003054   0x00000002   Code   RO          408    i.DebugMon_Handler  stm32f1xx_it.o
    0x08003056   0x08003056   0x0000000a   Code   RO          409    i.EXTI2_IRQHandler  stm32f1xx_it.o
    0x08003060   0x08003060   0x00000006   Code   RO           14    i.Error_Handler     main.o
    0x08003066   0x08003066   0x00000002   PAD
    0x08003068   0x08003068   0x00000028   Code   RO         3338    i.FLASH_MassErase   stm32f1xx_hal_flash_ex.o
    0x08003090   0x08003090   0x00000028   Code   RO         3347    i.FLASH_PageErase   stm32f1xx_hal_flash_ex.o
    0x080030b8   0x080030b8   0x00000020   Code   RO         3235    i.FLASH_Program_HalfWord  stm32f1xx_hal_flash.o
    0x080030d8   0x080030d8   0x00000084   Code   RO         3236    i.FLASH_SetErrorCode  stm32f1xx_hal_flash.o
    0x0800315c   0x0800315c   0x00000070   Code   RO         3237    i.FLASH_WaitForLastOperation  stm32f1xx_hal_flash.o
    0x080031cc   0x080031cc   0x00000056   Code   RO         2894    i.HAL_DMA_Abort     stm32f1xx_hal_dma.o
    0x08003222   0x08003222   0x00000002   PAD
    0x08003224   0x08003224   0x000000b0   Code   RO         2895    i.HAL_DMA_Abort_IT  stm32f1xx_hal_dma.o
    0x080032d4   0x080032d4   0x0000019c   Code   RO         2899    i.HAL_DMA_IRQHandler  stm32f1xx_hal_dma.o
    0x08003470   0x08003470   0x00000068   Code   RO         2900    i.HAL_DMA_Init      stm32f1xx_hal_dma.o
    0x080034d8   0x080034d8   0x0000009c   Code   RO         2904    i.HAL_DMA_Start_IT  stm32f1xx_hal_dma.o
    0x08003574   0x08003574   0x00000028   Code   RO         2515    i.HAL_Delay         stm32f1xx_hal.o
    0x0800359c   0x0800359c   0x000000b0   Code   RO         3348    i.HAL_FLASHEx_Erase  stm32f1xx_hal_flash_ex.o
    0x0800364c   0x0800364c   0x00000014   Code   RO         3241    i.HAL_FLASH_Lock    stm32f1xx_hal_flash.o
    0x08003660   0x08003660   0x000000b0   Code   RO         3246    i.HAL_FLASH_Program  stm32f1xx_hal_flash.o
    0x08003710   0x08003710   0x00000030   Code   RO         3248    i.HAL_FLASH_Unlock  stm32f1xx_hal_flash.o
    0x08003740   0x08003740   0x0000000e   Code   RO         3971    i.HAL_GPIO_EXTI_Callback  bq76940.o
    0x0800374e   0x0800374e   0x00000002   PAD
    0x08003750   0x08003750   0x0000001c   Code   RO         2829    i.HAL_GPIO_EXTI_IRQHandler  stm32f1xx_hal_gpio.o
    0x0800376c   0x0800376c   0x00000320   Code   RO         2830    i.HAL_GPIO_Init     stm32f1xx_hal_gpio.o
    0x08003a8c   0x08003a8c   0x00000010   Code   RO         2832    i.HAL_GPIO_ReadPin  stm32f1xx_hal_gpio.o
    0x08003a9c   0x08003a9c   0x0000000c   Code   RO         2834    i.HAL_GPIO_WritePin  stm32f1xx_hal_gpio.o
    0x08003aa8   0x08003aa8   0x0000000c   Code   RO         2519    i.HAL_GetTick       stm32f1xx_hal.o
    0x08003ab4   0x08003ab4   0x00000062   Code   RO         2478    i.HAL_IWDG_Init     stm32f1xx_hal_iwdg.o
    0x08003b16   0x08003b16   0x0000000e   Code   RO         2479    i.HAL_IWDG_Refresh  stm32f1xx_hal_iwdg.o
    0x08003b24   0x08003b24   0x00000018   Code   RO         2525    i.HAL_IncTick       stm32f1xx_hal.o
    0x08003b3c   0x08003b3c   0x00000028   Code   RO         2526    i.HAL_Init          stm32f1xx_hal.o
    0x08003b64   0x08003b64   0x000000b4   Code   RO          518    i.HAL_InitTick      stm32f1xx_hal_timebase_tim.o
    0x08003c18   0x08003c18   0x00000054   Code   RO          494    i.HAL_MspInit       stm32f1xx_hal_msp.o
    0x08003c6c   0x08003c6c   0x00000020   Code   RO         2990    i.HAL_NVIC_EnableIRQ  stm32f1xx_hal_cortex.o
    0x08003c8c   0x08003c8c   0x0000007c   Code   RO         2996    i.HAL_NVIC_SetPriority  stm32f1xx_hal_cortex.o
    0x08003d08   0x08003d08   0x00000028   Code   RO         2997    i.HAL_NVIC_SetPriorityGrouping  stm32f1xx_hal_cortex.o
    0x08003d30   0x08003d30   0x0000018c   Code   RO         2683    i.HAL_RCC_ClockConfig  stm32f1xx_hal_rcc.o
    0x08003ebc   0x08003ebc   0x00000044   Code   RO         2687    i.HAL_RCC_GetClockConfig  stm32f1xx_hal_rcc.o
    0x08003f00   0x08003f00   0x0000000c   Code   RO         2688    i.HAL_RCC_GetHCLKFreq  stm32f1xx_hal_rcc.o
    0x08003f0c   0x08003f0c   0x00000020   Code   RO         2690    i.HAL_RCC_GetPCLK1Freq  stm32f1xx_hal_rcc.o
    0x08003f2c   0x08003f2c   0x00000020   Code   RO         2691    i.HAL_RCC_GetPCLK2Freq  stm32f1xx_hal_rcc.o
    0x08003f4c   0x08003f4c   0x00000070   Code   RO         2692    i.HAL_RCC_GetSysClockFreq  stm32f1xx_hal_rcc.o
    0x08003fbc   0x08003fbc   0x00000464   Code   RO         2695    i.HAL_RCC_OscConfig  stm32f1xx_hal_rcc.o
    0x08004420   0x08004420   0x00000002   Code   RO         2211    i.HAL_TIMEx_BreakCallback  stm32f1xx_hal_tim_ex.o
    0x08004422   0x08004422   0x00000002   Code   RO         2212    i.HAL_TIMEx_CommutCallback  stm32f1xx_hal_tim_ex.o
    0x08004424   0x08004424   0x00000066   Code   RO         1496    i.HAL_TIM_Base_Init  stm32f1xx_hal_tim.o
    0x0800448a   0x0800448a   0x00000002   Code   RO         1498    i.HAL_TIM_Base_MspInit  stm32f1xx_hal_tim.o
    0x0800448c   0x0800448c   0x00000078   Code   RO         1501    i.HAL_TIM_Base_Start_IT  stm32f1xx_hal_tim.o
    0x08004504   0x08004504   0x00000002   Code   RO         1530    i.HAL_TIM_IC_CaptureCallback  stm32f1xx_hal_tim.o
    0x08004506   0x08004506   0x0000016c   Code   RO         1544    i.HAL_TIM_IRQHandler  stm32f1xx_hal_tim.o
    0x08004672   0x08004672   0x00000002   Code   RO         1547    i.HAL_TIM_OC_DelayElapsedCallback  stm32f1xx_hal_tim.o
    0x08004674   0x08004674   0x00000002   Code   RO         1574    i.HAL_TIM_PWM_PulseFinishedCallback  stm32f1xx_hal_tim.o
    0x08004676   0x08004676   0x00000002   PAD
    0x08004678   0x08004678   0x00000018   Code   RO           15    i.HAL_TIM_PeriodElapsedCallback  main.o
    0x08004690   0x08004690   0x00000002   Code   RO         1587    i.HAL_TIM_TriggerCallback  stm32f1xx_hal_tim.o
    0x08004692   0x08004692   0x00000002   Code   RO         3528    i.HAL_UARTEx_RxEventCallback  stm32f1xx_hal_uart.o
    0x08004694   0x08004694   0x00000002   Code   RO         3542    i.HAL_UART_ErrorCallback  stm32f1xx_hal_uart.o
    0x08004696   0x08004696   0x00000002   PAD
    0x08004698   0x08004698   0x000002e4   Code   RO         3545    i.HAL_UART_IRQHandler  stm32f1xx_hal_uart.o
    0x0800497c   0x0800497c   0x00000076   Code   RO         3546    i.HAL_UART_Init     stm32f1xx_hal_uart.o
    0x080049f2   0x080049f2   0x00000002   PAD
    0x080049f4   0x080049f4   0x000000d0   Code   RO          302    i.HAL_UART_MspInit  usart.o
    0x08004ac4   0x08004ac4   0x0000002c   Code   RO         3551    i.HAL_UART_Receive_IT  stm32f1xx_hal_uart.o
    0x08004af0   0x08004af0   0x00000080   Code   RO          303    i.HAL_UART_RxCpltCallback  usart.o
    0x08004b70   0x08004b70   0x0000008c   Code   RO         3555    i.HAL_UART_Transmit_DMA  stm32f1xx_hal_uart.o
    0x08004bfc   0x08004bfc   0x00000044   Code   RO          304    i.HAL_UART_TxCpltCallback  usart.o
    0x08004c40   0x08004c40   0x00000002   Code   RO         3558    i.HAL_UART_TxHalfCpltCallback  stm32f1xx_hal_uart.o
    0x08004c42   0x08004c42   0x00000004   Code   RO          410    i.HardFault_Handler  stm32f1xx_it.o
    0x08004c46   0x08004c46   0x0000000e   Code   RO         4218    i.I2C_Delay         sw_i2c.o
    0x08004c54   0x08004c54   0x00000034   Code   RO          246    i.MX_DMA_Init       dma.o
    0x08004c88   0x08004c88   0x000000fc   Code   RO          222    i.MX_GPIO_Init      gpio.o
    0x08004d84   0x08004d84   0x00000028   Code   RO          270    i.MX_IWDG_Init      iwdg.o
    0x08004dac   0x08004dac   0x00000038   Code   RO          305    i.MX_USART1_UART_Init  usart.o
    0x08004de4   0x08004de4   0x00000004   Code   RO          411    i.MemManage_Handler  stm32f1xx_it.o
    0x08004de8   0x08004de8   0x00000004   Code   RO          412    i.NMI_Handler       stm32f1xx_it.o
    0x08004dec   0x08004dec   0x00000028   Code   RO         2696    i.RCC_Delay         stm32f1xx_hal_rcc.o
    0x08004e14   0x08004e14   0x00000008   Code   RO         4289    i.SOC_GetState      bms_soc.o
    0x08004e1c   0x08004e1c   0x000000c0   Code   RO         4290    i.SOC_Init          bms_soc.o
    0x08004edc   0x08004edc   0x00000028   Code   RO         4291    i.SOC_OcvLookup     bms_soc.o
    0x08004f04   0x08004f04   0x00000084   Code   RO         4292    i.SOC_SaveToFlash   bms_soc.o
    0x08004f88   0x08004f88   0x0000029c   Code   RO         4293    i.SOC_Update        bms_soc.o
    0x08005224   0x08005224   0x00000070   Code   RO         4220    i.SW_I2C_Init       sw_i2c.o
    0x08005294   0x08005294   0x00000044   Code   RO         4221    i.SW_I2C_NAck       sw_i2c.o
    0x080052d8   0x080052d8   0x00000064   Code   RO         4222    i.SW_I2C_ReceiveByte  sw_i2c.o
    0x0800533c   0x0800533c   0x00000068   Code   RO         4223    i.SW_I2C_SendByte   sw_i2c.o
    0x080053a4   0x080053a4   0x00000064   Code   RO         4224    i.SW_I2C_Start      sw_i2c.o
    0x08005408   0x08005408   0x00000044   Code   RO         4225    i.SW_I2C_Stop       sw_i2c.o
    0x0800544c   0x0800544c   0x00000060   Code   RO         4226    i.SW_I2C_WaitAck    sw_i2c.o
    0x080054ac   0x080054ac   0x00000010   Code   RO          413    i.SysTick_Handler   stm32f1xx_it.o
    0x080054bc   0x080054bc   0x0000006a   Code   RO           16    i.SystemClock_Config  main.o
    0x08005526   0x08005526   0x00000002   Code   RO         3890    i.SystemInit        system_stm32f1xx.o
    0x08005528   0x08005528   0x00000010   Code   RO          414    i.TIM3_IRQHandler   stm32f1xx_it.o
    0x08005538   0x08005538   0x00000084   Code   RO         1589    i.TIM_Base_SetConfig  stm32f1xx_hal_tim.o
    0x080055bc   0x080055bc   0x00000020   Code   RO          306    i.UART_CmdProcess   usart.o
    0x080055dc   0x080055dc   0x00000014   Code   RO         3559    i.UART_DMAAbortOnError  stm32f1xx_hal_uart.o
    0x080055f0   0x080055f0   0x00000050   Code   RO         3560    i.UART_DMAError     stm32f1xx_hal_uart.o
    0x08005640   0x08005640   0x00000058   Code   RO         3565    i.UART_DMATransmitCplt  stm32f1xx_hal_uart.o
    0x08005698   0x08005698   0x0000000e   Code   RO         3567    i.UART_DMATxHalfCplt  stm32f1xx_hal_uart.o
    0x080056a6   0x080056a6   0x00000002   PAD
    0x080056a8   0x080056a8   0x00000018   Code   RO          307    i.UART_DMA_Init     usart.o
    0x080056c0   0x080056c0   0x0000002c   Code   RO          308    i.UART_DMA_Send     usart.o
    0x080056ec   0x080056ec   0x0000006c   Code   RO         3569    i.UART_EndRxTransfer  stm32f1xx_hal_uart.o
    0x08005758   0x08005758   0x00000020   Code   RO         3570    i.UART_EndTransmit_IT  stm32f1xx_hal_uart.o
    0x08005778   0x08005778   0x00000026   Code   RO         3571    i.UART_EndTxTransfer  stm32f1xx_hal_uart.o
    0x0800579e   0x0800579e   0x000000fc   Code   RO         3572    i.UART_Receive_IT   stm32f1xx_hal_uart.o
    0x0800589a   0x0800589a   0x00000002   PAD
    0x0800589c   0x0800589c   0x000000fc   Code   RO         3573    i.UART_SetConfig    stm32f1xx_hal_uart.o
    0x08005998   0x08005998   0x00000018   Code   RO          309    i.UART_StartReceive  usart.o
    0x080059b0   0x080059b0   0x00000040   Code   RO         3575    i.UART_Start_Receive_IT  stm32f1xx_hal_uart.o
    0x080059f0   0x080059f0   0x0000002c   Code   RO           17    i.UART_Task         main.o
    0x08005a1c   0x08005a1c   0x00000060   Code   RO         3576    i.UART_Transmit_IT  stm32f1xx_hal_uart.o
    0x08005a7c   0x08005a7c   0x00000010   Code   RO          415    i.USART1_IRQHandler  stm32f1xx_it.o
    0x08005a8c   0x08005a8c   0x00000004   Code   RO          416    i.UsageFault_Handler  stm32f1xx_it.o
    0x08005a90   0x08005a90   0x00000028   Code   RO         4598    i.__ARM_fpclassify  m_ws.l(fpclassify.o)
    0x08005ab8   0x08005ab8   0x00000010   Code   RO         3003    i.__NVIC_GetPriorityGrouping  stm32f1xx_hal_cortex.o
    0x08005ac8   0x08005ac8   0x00000028   Code   RO         3004    i.__NVIC_SetPriority  stm32f1xx_hal_cortex.o
    0x08005af0   0x08005af0   0x0000000a   Code   RO         4518    i.__mathlib_flt_divzero  m_ws.l(funder.o)
    0x08005afa   0x08005afa   0x00000006   Code   RO         4519    i.__mathlib_flt_infnan  m_ws.l(funder.o)
    0x08005b00   0x08005b00   0x00000008   Code   RO         4521    i.__mathlib_flt_invalid  m_ws.l(funder.o)
    0x08005b08   0x08005b08   0x0000000e   Code   RO         4394    i._is_digit         c_w.l(__printf_wp.o)
    0x08005b16   0x08005b16   0x00000020   Code   RO         4294    i.flash_checksum    bms_soc.o
    0x08005b36   0x08005b36   0x00000002   PAD
    0x08005b38   0x08005b38   0x00000060   Code   RO         4295    i.flash_load        bms_soc.o
    0x08005b98   0x08005b98   0x00000190   Code   RO         4473    i.logf              m_ws.l(logf.o)
    0x08005d28   0x08005d28   0x000000b0   Code   RO           18    i.main              main.o
    0x08005dd8   0x08005dd8   0x000000c0   Code   RO          990    i.prvAddCurrentTaskToDelayedList  tasks.o
    0x08005e98   0x08005e98   0x000000e4   Code   RO          991    i.prvAddNewTaskToReadyList  tasks.o
    0x08005f7c   0x08005f7c   0x00000048   Code   RO          992    i.prvCheckTasksWaitingTermination  tasks.o
    0x08005fc4   0x08005fc4   0x0000007e   Code   RO          695    i.prvCopyDataToQueue  queue.o
    0x08006042   0x08006042   0x00000012   Code   RO          993    i.prvDeleteTCB      tasks.o
    0x08006054   0x08006054   0x00000014   Code   RO          696    i.prvGetDisinheritPriorityAfterTimeout  queue.o
    0x08006068   0x08006068   0x00000070   Code   RO         1391    i.prvHeapInit       heap_4.o
    0x080060d8   0x080060d8   0x0000002c   Code   RO          994    i.prvIdleTask       tasks.o
    0x08006104   0x08006104   0x0000001e   Code   RO          697    i.prvInitialiseMutex  queue.o
    0x08006122   0x08006122   0x00000026   Code   RO          698    i.prvInitialiseNewQueue  queue.o
    0x08006148   0x08006148   0x000000c2   Code   RO          995    i.prvInitialiseNewTask  tasks.o
    0x0800620a   0x0800620a   0x00000002   PAD
    0x0800620c   0x0800620c   0x00000068   Code   RO          996    i.prvInitialiseTaskLists  tasks.o
    0x08006274   0x08006274   0x00000068   Code   RO         1392    i.prvInsertBlockIntoFreeList  heap_4.o
    0x080062dc   0x080062dc   0x0000001a   Code   RO          699    i.prvIsQueueEmpty   queue.o
    0x080062f6   0x080062f6   0x0000001e   Code   RO          700    i.prvIsQueueFull    queue.o
    0x08006314   0x08006314   0x00000030   Code   RO          997    i.prvResetNextTaskUnblockTime  tasks.o
    0x08006344   0x08006344   0x00000040   Code   RO         1315    i.prvTaskExitError  port.o
    0x08006384   0x08006384   0x0000007e   Code   RO          701    i.prvUnlockQueue    queue.o
    0x08006402   0x08006402   0x00000002   PAD
    0x08006404   0x08006404   0x0000012c   Code   RO         1394    i.pvPortMalloc      heap_4.o
    0x08006530   0x08006530   0x00000020   Code   RO          999    i.pvTaskIncrementMutexHeldCount  tasks.o
    0x08006550   0x08006550   0x00000024   Code   RO         1316    i.pxPortInitialiseStack  port.o
    0x08006574   0x08006574   0x000000a8   Code   RO         1000    i.ulTaskGenericNotifyTake  tasks.o
    0x0800661c   0x0800661c   0x00000028   Code   RO          655    i.uxListRemove      list.o
    0x08006644   0x08006644   0x0000000c   Code   RO         1002    i.uxTaskGetNumberOfTasks  tasks.o
    0x08006650   0x08006650   0x00000010   Code   RO           19    i.vApplicationIdleHook  main.o
    0x08006660   0x08006660   0x0000001a   Code   RO          656    i.vListInitialise   list.o
    0x0800667a   0x0800667a   0x00000006   Code   RO          657    i.vListInitialiseItem  list.o
    0x08006680   0x08006680   0x00000034   Code   RO          658    i.vListInsert       list.o
    0x080066b4   0x080066b4   0x00000054   Code   RO         1318    i.vPortEnterCritical  port.o
    0x08006708   0x08006708   0x0000003c   Code   RO         1319    i.vPortExitCritical  port.o
    0x08006744   0x08006744   0x0000008c   Code   RO         1395    i.vPortFree         heap_4.o
    0x080067d0   0x080067d0   0x00000018   Code   RO         1320    i.vPortSetupTimerInterrupt  port.o
    0x080067e8   0x080067e8   0x00000078   Code   RO         1321    i.vPortValidateInterruptPriority  port.o
    0x08006860   0x08006860   0x0000005c   Code   RO         1006    i.vTaskDelay        tasks.o
    0x080068bc   0x080068bc   0x0000018c   Code   RO         1009    i.vTaskGenericNotifyGiveFromISR  tasks.o
    0x08006a48   0x08006a48   0x00000018   Code   RO         1010    i.vTaskInternalSetTimeOutState  tasks.o
    0x08006a60   0x08006a60   0x0000000c   Code   RO         1011    i.vTaskMissedYield  tasks.o
    0x08006a6c   0x08006a6c   0x00000038   Code   RO         1012    i.vTaskPlaceOnEventList  tasks.o
    0x08006aa4   0x08006aa4   0x00000118   Code   RO         1014    i.vTaskPriorityDisinheritAfterTimeout  tasks.o
    0x08006bbc   0x08006bbc   0x00000090   Code   RO         1019    i.vTaskStartScheduler  tasks.o
    0x08006c4c   0x08006c4c   0x00000010   Code   RO         1021    i.vTaskSuspendAll   tasks.o
    0x08006c5c   0x08006c5c   0x0000008c   Code   RO         1022    i.vTaskSwitchContext  tasks.o
    0x08006ce8   0x08006ce8   0x000000d0   Code   RO         1322    i.xPortStartScheduler  port.o
    0x08006db8   0x08006db8   0x00000034   Code   RO         1323    i.xPortSysTickHandler  port.o
    0x08006dec   0x08006dec   0x00000022   Code   RO          706    i.xQueueCreateMutex  queue.o
    0x08006e0e   0x08006e0e   0x00000066   Code   RO          707    i.xQueueGenericCreate  queue.o
    0x08006e74   0x08006e74   0x000000dc   Code   RO          708    i.xQueueGenericReset  queue.o
    0x08006f50   0x08006f50   0x000001a8   Code   RO          709    i.xQueueGenericSend  queue.o
    0x080070f8   0x080070f8   0x00000110   Code   RO          711    i.xQueueGiveFromISR  queue.o
    0x08007208   0x08007208   0x00000194   Code   RO          718    i.xQueueSemaphoreTake  queue.o
    0x0800739c   0x0800739c   0x00000090   Code   RO         1024    i.xTaskCheckForTimeOut  tasks.o
    0x0800742c   0x0800742c   0x00000068   Code   RO         1025    i.xTaskCreate       tasks.o
    0x08007494   0x08007494   0x00000020   Code   RO         1032    i.xTaskGetSchedulerState  tasks.o
    0x080074b4   0x080074b4   0x0000000c   Code   RO         1033    i.xTaskGetTickCount  tasks.o
    0x080074c0   0x080074c0   0x000001bc   Code   RO         1035    i.xTaskIncrementTick  tasks.o
    0x0800767c   0x0800767c   0x000000f0   Code   RO         1036    i.xTaskPriorityDisinherit  tasks.o
    0x0800776c   0x0800776c   0x000000ec   Code   RO         1037    i.xTaskPriorityInherit  tasks.o
    0x08007858   0x08007858   0x00000120   Code   RO         1038    i.xTaskRemoveFromEventList  tasks.o
    0x08007978   0x08007978   0x00000178   Code   RO         1039    i.xTaskResumeAll    tasks.o
    0x08007af0   0x08007af0   0x0000002c   Code   RO         4589    locale$$code        c_w.l(lc_ctype_c.o)
    0x08007b1c   0x08007b1c   0x0000002c   Code   RO         4592    locale$$code        c_w.l(lc_numeric_c.o)
    0x08007b48   0x08007b48   0x0000000c   Code   RO         4507    x$fpl$dretinf       fz_ws.l(dretinf.o)
    0x08007b54   0x08007b54   0x00000056   Code   RO         4436    x$fpl$f2d           fz_ws.l(f2d.o)
    0x08007baa   0x08007baa   0x00000002   PAD
    0x08007bac   0x08007bac   0x000000c4   Code   RO         4438    x$fpl$fadd          fz_ws.l(faddsub_clz.o)
    0x08007c70   0x08007c70   0x0000000c   Code   RO         4594    x$fpl$fcheck1       fz_ws.l(fcheck1.o)
    0x08007c7c   0x08007c7c   0x00000018   Code   RO         4509    x$fpl$fcmpinf       fz_ws.l(fcmpi.o)
    0x08007c94   0x08007c94   0x00000184   Code   RO         4445    x$fpl$fdiv          fz_ws.l(fdiv.o)
    0x08007e18   0x08007e18   0x00000068   Code   RO         4448    x$fpl$feqf          fz_ws.l(feqf.o)
    0x08007e80   0x08007e80   0x00000036   Code   RO         4450    x$fpl$ffix          fz_ws.l(ffix.o)
    0x08007eb6   0x08007eb6   0x00000002   PAD
    0x08007eb8   0x08007eb8   0x0000003e   Code   RO         4454    x$fpl$ffixu         fz_ws.l(ffixu.o)
    0x08007ef6   0x08007ef6   0x00000002   PAD
    0x08007ef8   0x08007ef8   0x00000030   Code   RO         4459    x$fpl$fflt          fz_ws.l(fflt_clz.o)
    0x08007f28   0x08007f28   0x00000026   Code   RO         4458    x$fpl$ffltu         fz_ws.l(fflt_clz.o)
    0x08007f4e   0x08007f4e   0x00000002   PAD
    0x08007f50   0x08007f50   0x00000068   Code   RO         4464    x$fpl$fleqf         fz_ws.l(fleqf.o)
    0x08007fb8   0x08007fb8   0x00000102   Code   RO         4466    x$fpl$fmul          fz_ws.l(fmul.o)
    0x080080ba   0x080080ba   0x0000008c   Code   RO         4511    x$fpl$fnaninf       fz_ws.l(fnaninf.o)
    0x08008146   0x08008146   0x0000000a   Code   RO         4513    x$fpl$fretinf       fz_ws.l(fretinf.o)
    0x08008150   0x08008150   0x00000062   Code   RO         4468    x$fpl$frleqf        fz_ws.l(frleqf.o)
    0x080081b2   0x080081b2   0x00000002   PAD
    0x080081b4   0x080081b4   0x000000ea   Code   RO         4440    x$fpl$fsub          fz_ws.l(faddsub_clz.o)
    0x0800829e   0x0800829e   0x00000004   Code   RO         4470    x$fpl$printf1       fz_ws.l(printf1.o)
    0x080082a2   0x080082a2   0x00000064   Code   RO         4655    x$fpl$retnan        fz_ws.l(retnan.o)
    0x08008306   0x08008306   0x0000004c   Code   RO         4515    x$fpl$scalbnf       fz_ws.l(scalbnf.o)
    0x08008352   0x08008352   0x00000030   Code   RO         4663    x$fpl$trapveneer    fz_ws.l(trapv.o)
    0x08008382   0x08008382   0x00000000   Code   RO         4517    x$fpl$usenofp       fz_ws.l(usenofp.o)
    0x08008382   0x08008382   0x00000012   Data   RO         2697    .constdata          stm32f1xx_hal_rcc.o
    0x08008394   0x08008394   0x00000018   Data   RO         3891    .constdata          system_stm32f1xx.o
    0x080083ac   0x080083ac   0x000000c8   Data   RO         3973    .constdata          bq76940.o
    0x08008474   0x08008474   0x00000098   Data   RO         4297    .constdata          bms_soc.o
    0x0800850c   0x0800850c   0x00000028   Data   RO         4367    .constdata          c_w.l(_printf_hex_int.o)
    0x08008534   0x08008534   0x00000011   Data   RO         4397    .constdata          c_w.l(__printf_flags_wp.o)
    0x08008545   0x08008545   0x00000003   PAD
    0x08008548   0x08008548   0x00000040   Data   RO         4474    .constdata          m_ws.l(logf.o)
    0x08008588   0x08008588   0x00000094   Data   RO         4564    .constdata          c_w.l(bigflt0.o)
    0x0800861c   0x0800861c   0x00000020   Data   RO         4740    Region$$Table       anon$$obj.o
    0x0800863c   0x0800863c   0x00000110   Data   RO         4588    locale$$data        c_w.l(lc_ctype_c.o)
    0x0800874c   0x0800874c   0x0000001c   Data   RO         4591    locale$$data        c_w.l(lc_numeric_c.o)


    Execution Region RW_IRAM1 (Exec base: 0x20000000, Load base: 0x08008768, Size: 0x00003338, Max: 0x00005000, ABSOLUTE)

    Exec Addr    Load Addr    Size         Type   Attr      Idx    E Section Name        Object

    0x20000000   0x08008768   0x0000000c   Data   RW           20    .data               main.o
    0x2000000c   0x08008774   0x00000008   Data   RW          311    .data               usart.o
    0x20000014   0x0800877c   0x00000040   Data   RW         1042    .data               tasks.o
    0x20000054   0x080087bc   0x0000000c   Data   RW         1324    .data               port.o
    0x20000060   0x080087c8   0x0000001c   Data   RW         1401    .data               heap_4.o
    0x2000007c   0x080087e4   0x00000009   Data   RW         2533    .data               stm32f1xx_hal.o
    0x20000085   0x080087ed   0x00000003   PAD
    0x20000088   0x080087f0   0x00000004   Data   RW         3892    .data               system_stm32f1xx.o
    0x2000008c   0x080087f4   0x00000022   Data   RW         3974    .data               bq76940.o
    0x200000ae   0x08008816   0x00000002   PAD
    0x200000b0        -       0x0000000c   Zero   RW          271    .bss                iwdg.o
    0x200000bc        -       0x000000bc   Zero   RW          310    .bss                usart.o
    0x20000178        -       0x00000048   Zero   RW          521    .bss                stm32f1xx_hal_timebase_tim.o
    0x200001c0        -       0x000000c8   Zero   RW         1041    .bss                tasks.o
    0x20000288        -       0x00002800   Zero   RW         1400    .bss                heap_4.o
    0x20002a88        -       0x00000020   Zero   RW         3249    .bss                stm32f1xx_hal_flash.o
    0x20002aa8        -       0x0000020c   Zero   RW         3972    .bss                bq76940.o
    0x20002cb4        -       0x00000024   Zero   RW         4296    .bss                bms_soc.o
    0x20002cd8        -       0x00000060   Zero   RW         4533    .bss                c_w.l(libspace.o)
    0x20002d38        -       0x00000200   Zero   RW            2    HEAP                startup_stm32f103xb.o
    0x20002f38        -       0x00000400   Zero   RW            1    STACK               startup_stm32f103xb.o


==============================================================================

Image component sizes


      Code (inc. data)   RO Data    RW Data    ZI Data      Debug   Object Name

      1168         96        152          0         36       5317   bms_soc.o
      4828        812        200         34        524      28411   bq76940.o
        52          4          0          0          0        722   dma.o
         0          0          0          0          0      14604   event_groups.o
       252         18          0          0          0        967   gpio.o
       656         58          0         28      10240       4919   heap_4.o
        40          8          0          0         12        651   iwdg.o
       124          0          0          0          0       2589   list.o
       536         62          0         12          0     454359   main.o
       798         80          0         12          0      10541   port.o
      1852         16          0          0          0      15441   queue.o
        64         26        236          0       1536        800   startup_stm32f103xb.o
       116         24          0          9          0       5178   stm32f1xx_hal.o
       252         22          0          0          0      28614   stm32f1xx_hal_cortex.o
       978         12          0          0          0       4790   stm32f1xx_hal_dma.o
       520         48          0          0         32       4094   stm32f1xx_hal_flash.o
       256         26          0          0          0       2511   stm32f1xx_hal_flash_ex.o
       856         38          0          0          0       3866   stm32f1xx_hal_gpio.o
       112          0          0          0          0       1811   stm32f1xx_hal_iwdg.o
        84          8          0          0          0        874   stm32f1xx_hal_msp.o
      1816        108         18          0          0       6497   stm32f1xx_hal_rcc.o
       728         26          0          0          0       6186   stm32f1xx_hal_tim.o
         4          0          0          0          0       1521   stm32f1xx_hal_tim_ex.o
       180         22          0          0         72       1439   stm32f1xx_hal_timebase_tim.o
      2092         20          0          0          0      13152   stm32f1xx_hal_uart.o
        96         18          0          0          0       4835   stm32f1xx_it.o
       662         38          0          0          0       4225   sw_i2c.o
         2          0         24          4          0       1091   system_stm32f1xx.o
      4148        416          0         64        200      31374   tasks.o
      1480        550          0          8        188      18099   usart.o

    ----------------------------------------------------------------------
     24786       2556        662        176      12840     679478   Object Totals
         0          0         32          0          0          0   (incl. Generated)
        34          0          0          5          0          0   (incl. Padding)

    ----------------------------------------------------------------------

      Code (inc. data)   RO Data    RW Data    ZI Data      Debug   Library Member Name

        56          6          0          0          0         88   __2snprintf.o
         8          0          0          0          0         68   __main.o
       312          4         17          0          0         92   __printf_flags_wp.o
        14          0          0          0          0         68   __printf_wp.o
         0          0          0          0          0          0   __rtentry.o
        12          0          0          0          0          0   __rtentry2.o
         6          0          0          0          0          0   __rtentry4.o
        52          8          0          0          0          0   __scatter.o
        26          0          0          0          0          0   __scatter_copy.o
        28          0          0          0          0          0   __scatter_zi.o
        28          0          0          0          0         68   _chval.o
        44          0          0          0          0        108   _printf_char.o
        48          6          0          0          0         96   _printf_char_common.o
         6          0          0          0          0          0   _printf_d.o
       120         16          0          0          0         92   _printf_dec.o
         6          0          0          0          0          0   _printf_f.o
      1054          0          0          0          0        216   _printf_fp_dec.o
       128         16          0          0          0         84   _printf_fp_infnan.o
        88          4         40          0          0         88   _printf_hex_int.o
       178          0          0          0          0         88   _printf_intcommon.o
        78          0          0          0          0        108   _printf_pad.o
         0          0          0          0          0          0   _printf_percent.o
         4          0          0          0          0          0   _printf_percent_end.o
         6          0          0          0          0          0   _printf_s.o
        82          0          0          0          0         80   _printf_str.o
         6          0          0          0          0          0   _printf_u.o
         6          0          0          0          0          0   _printf_x.o
        22          0          0          0          0        100   _rserrno.o
        16          0          0          0          0         68   _snputc.o
        10          0          0          0          0         68   _sputc.o
       158          0          0          0          0         92   _strtoul.o
        26          0          0          0          0         80   atoi.o
       228          4        148          0          0         96   bigflt0.o
      1936        128          0          0          0        672   btod.o
        18          0          0          0          0         80   exit.o
         6          0          0          0          0        152   heapauxi.o
         0          0          0          0          0          0   indicate_semi.o
        44         10        272          0          0         76   lc_ctype_c.o
        44         10         28          0          0         76   lc_numeric_c.o
         2          0          0          0          0          0   libinit.o
        30          0          0          0          0          0   libinit2.o
         2          0          0          0          0          0   libshutdown.o
         2          0          0          0          0          0   libshutdown2.o
         8          4          0          0         96         68   libspace.o
       138          0          0          0          0         80   lludiv10.o
        38          0          0          0          0         68   llushr.o
        16          4          0          0          0         76   rt_ctype_table.o
         8          4          0          0          0         68   rt_errno_addr_intlibspace.o
         8          4          0          0          0         68   rt_locale_intlibspace.o
        78          0          0          0          0         80   rt_memclr_w.o
       138          0          0          0          0         68   rt_memcpy_v6.o
       100          0          0          0          0         80   rt_memcpy_w.o
         2          0          0          0          0          0   rtexit.o
        10          0          0          0          0          0   rtexit2.o
       128          0          0          0          0         68   strcmpv7m.o
        62          0          0          0          0         76   strlen.o
        36          0          0          0          0         76   strncat.o
       150          0          0          0          0         80   strncmp.o
       112          0          0          0          0         88   strtol.o
        12          4          0          0          0         68   sys_exit.o
        74          0          0          0          0         80   sys_stackheap_outer.o
         2          0          0          0          0         68   use_no_semi.o
        12          0          0          0          0         68   dretinf.o
        86          4          0          0          0         84   f2d.o
       430          8          0          0          0        168   faddsub_clz.o
        12          4          0          0          0         68   fcheck1.o
        24          0          0          0          0         68   fcmpi.o
       388         76          0          0          0         96   fdiv.o
       104          4          0          0          0         84   feqf.o
        54          4          0          0          0         84   ffix.o
        62          4          0          0          0         84   ffixu.o
        86          0          0          0          0        136   fflt_clz.o
       104          4          0          0          0         84   fleqf.o
       258          4          0          0          0         84   fmul.o
       140          4          0          0          0         84   fnaninf.o
        10          0          0          0          0         68   fretinf.o
        98          0          0          0          0         68   frleqf.o
         4          0          0          0          0         68   printf1.o
       100          0          0          0          0         68   retnan.o
        76          0          0          0          0         68   scalbnf.o
        48          0          0          0          0         68   trapv.o
         0          0          0          0          0          0   usenofp.o
        40          0          0          0          0         68   fpclassify.o
        24          0          0          0          0        204   funder.o
       400         38         64          0          0        132   logf.o

    ----------------------------------------------------------------------
      8644        386        572          0         96       6168   Library Totals
        24          0          3          0          0          0   (incl. Padding)

    ----------------------------------------------------------------------

      Code (inc. data)   RO Data    RW Data    ZI Data      Debug   Library Name

      6060        232        505          0         96       4164   c_w.l
      2096        116          0          0          0       1600   fz_ws.l
       464         38         64          0          0        404   m_ws.l

    ----------------------------------------------------------------------
      8644        386        572          0         96       6168   Library Totals

    ----------------------------------------------------------------------

==============================================================================


      Code (inc. data)   RO Data    RW Data    ZI Data      Debug   

     33430       2942       1234        176      12936     670978   Grand Totals
     33430       2942       1234        176      12936     670978   ELF Image Totals
     33430       2942       1234        176          0          0   ROM Totals

==============================================================================

    Total RO  Size (Code + RO Data)                34664 (  33.85kB)
    Total RW  Size (RW Data + ZI Data)             13112 (  12.80kB)
    Total ROM Size (Code + RO Data + RW Data)      34840 (  34.02kB)

==============================================================================

